INFO-FLOW: Workspace /home/dabadjiev/smartpixels_ml_dsabadjiev/Muon_Collider_Smart_Pixels/daniel/CrossParetoModels_shortlist_parallelInput/hls_outputs/hls_model_trial_046/myproject_prj/solution1 opened at Wed Aug 19 19:07:29 CDT 2026
Execute       send_msg_by_id INFO @200-1505@%s%s default  vivado 
INFO: [HLS 200-1505] Using default flow_target 'vivado'
Execute     config_compile -name_max_length 80 
INFO: [HLS 200-1510] Running: config_compile -name_max_length 80 
INFO: [XFORM 203-1161] The maximum of name length is set to 80.
Execute     set_part xc7z020clg400-1 
INFO: [HLS 200-1510] Running: set_part xc7z020clg400-1 
Execute       create_platform xc7z020clg400-1 -board  
DBG:HLSDevice: Trying to load device library: /code/Xilinx_2024.1/Vitis_HLS/2024.1/lib/lnx64.o/libxv_hlsvwrap.so
DBG:HLSDevice: first parts/arch.xml in RDI_DATADIR: /code/Xilinx_2024.1/Vivado/2024.1/data/parts/arch.xml
DBG:HLSDevice: init success
INFO: [HLS 200-1611] Setting target device to 'xc7z020-clg400-1'
Command       create_platform done; 6.02 sec.
Execute       source /code/Xilinx_2024.1/Vitis_HLS/2024.1/common/technology/xilinx/common/xilinx.gen 
Execute         source /code/Xilinx_2024.1/Vitis_HLS/2024.1/common/technology/xilinx/interface/plb46.gen 
Execute         source /code/Xilinx_2024.1/Vitis_HLS/2024.1/common/technology/xilinx/interface/axi4.gen 
Execute         source /code/Xilinx_2024.1/Vitis_HLS/2024.1/common/technology/xilinx/interface/nativeAXI4.gen 
Execute           source /code/Xilinx_2024.1/Vitis_HLS/2024.1/common/technology/xilinx/interface/saxilite.gen 
Execute         source /code/Xilinx_2024.1/Vitis_HLS/2024.1/common/technology/xilinx/scripts/xilinxcoregen.gen 
Execute         source /code/Xilinx_2024.1/Vitis_HLS/2024.1/common/technology/xilinx/interface/XilEDKCoreGen.gen 
Execute         source /code/Xilinx_2024.1/Vitis_HLS/2024.1/common/technology/xilinx/ip/xfft.gen 
Execute         source /code/Xilinx_2024.1/Vitis_HLS/2024.1/common/technology/xilinx/ip/xfir.gen 
Execute         source /code/Xilinx_2024.1/Vitis_HLS/2024.1/common/technology/xilinx/ip/dds_compiler.gen 
Execute         source /code/Xilinx_2024.1/Vitis_HLS/2024.1/common/technology/xilinx/ip/util.gen 
Execute         source /code/Xilinx_2024.1/Vitis_HLS/2024.1/common/technology/xilinx/DSP48/dsp48.gen 
Command       ap_source done; 0.15 sec.
Execute       ap_part_info -name xc7z020-clg400-1 -data info 
Execute       config_compile -quiet -complex-mul-dsp=0 
INFO: [XFORM 203-1161] The maximum of name length is set to 80.
Command     set_part done; 6.21 sec.
Execute     config_schedule -enable_dsp_full_reg=false 
INFO: [HLS 200-1510] Running: config_schedule -enable_dsp_full_reg=false 
Execute     create_clock -period 20 -name default 
INFO: [HLS 200-1510] Running: create_clock -period 20 -name default 
Execute       ap_set_clock -name default -period 20 -unit ns -default=false 
INFO: [SYN 201-201] Setting up clock 'default' with a period of 20ns.
Execute     set_clock_uncertainty 12.5% default 
INFO: [HLS 200-1510] Running: set_clock_uncertainty 12.5% default 
Execute       ap_set_clock -name default -uncertainty 2.5 -unit % 
INFO: [SYN 201-201] Setting up clock 'default' with an uncertainty of 2.5ns.
Execute     config_op mul -impl fabric 
INFO: [HLS 200-1510] Running: config_op mul -impl fabric 
INFO: [HLS 200-1445] Configure operator 'mul' with implementation style 'fabric'.
Execute     config_op add -impl fabric 
INFO: [HLS 200-1510] Running: config_op add -impl fabric 
INFO: [HLS 200-1445] Configure operator 'add' with implementation style 'fabric'.
Execute     csynth_design 
INFO: [HLS 200-1510] Running: csynth_design 
INFO-FLOW: Running SLX 'csynth' proc: ::SLX::run_csynth
Execute       elaborate -effort=medium -skip_syncheck=0 -keep_printf=0 -skip_cdt=0 -skip_transform=0 -ng=0 -g=0 -opt_fp=0 -from_csynth_design=1 
INFO: [HLS 200-111] Finished File checks and directory preparation: CPU user time: 0.07 seconds. CPU system time: 0.01 seconds. Elapsed time: 0.07 seconds; current allocated memory: 333.266 MB.
Execute         set_directive_top myproject -name=myproject 
Execute         source /code/Xilinx_2024.1/Vitis_HLS/2024.1/tps/tcl/tcllib1.11.1/yaml/huddle.tcl 
Execute         source /code/Xilinx_2024.1/Vitis_HLS/2024.1/tps/tcl/tcllib1.11.1/yaml/json2huddle.tcl 
Execute           source /code/Xilinx_2024.1/Vitis_HLS/2024.1/tps/tcl/tcllib1.11.1/try/try.tcl 
INFO: [HLS 200-10] Analyzing design file 'firmware/myproject.cpp' ... 
INFO-FLOW: Compiling one TU...
INFO-FLOW: Handling firmware/myproject.cpp as C++
Execute         ap_part_info -name xc7z020-clg400-1 -data info 
INFO-FLOW: Running: GCC PP 39
INFO-FLOW: Source preprocessing
INFO-FLOW: run_clang exec: /code/Xilinx_2024.1/Vitis_HLS/2024.1/lnx64/tools/clang-3.9-csynth/bin/clang firmware/myproject.cpp -foptimization-record-file=/home/dabadjiev/smartpixels_ml_dsabadjiev/Muon_Collider_Smart_Pixels/daniel/CrossParetoModels_shortlist_parallelInput/hls_outputs/hls_model_trial_046/myproject_prj/solution1/.autopilot/db/myproject.cpp.clang.diag.yml -mllvm -pass-remarks-missed=reflow|pasta|unroll -mllvm -pass-remarks=reflow|pasta|unroll|inline -fno-limit-debug-info -gcc-toolchain /code/Xilinx_2024.1/Vitis_HLS/2024.1/tps/lnx64/gcc-8.3.0 -fhls -fno-exceptions -insert-hls-directive=/home/dabadjiev/smartpixels_ml_dsabadjiev/Muon_Collider_Smart_Pixels/daniel/CrossParetoModels_shortlist_parallelInput/hls_outputs/hls_model_trial_046/myproject_prj/solution1/.autopilot/db/all.directive.json -E -std=c++0x -fno-math-errno -c -emit-llvm -mllvm -disable-llvm-optzns -Werror=implicit-function-declaration -Werror=implicit-hls-streams -Werror=return-type -Wpragmas -Wunused-parameter -Wdump-hls-pragmas -Wno-error=dump-hls-pragmas -hls-clock-period=20 -fno-threadsafe-statics -fno-use-cxa-atexit -target fpga64-xilinx-linux-gnu -fno-threadsafe-statics -fno-use-cxa-atexit -D__VITIS_HLS__ -DAESL_SYN -D__SYNTHESIS__ -D__HLS_SYN__ -I /code/Xilinx_2024.1/Vitis_HLS/2024.1/common/technology/autopilot -I /code/Xilinx_2024.1/Vitis_HLS/2024.1/common/technology/autopilot/ap_sysc -include etc/autopilot_ssdm_op.h -D__DSP48E1__ -I /usr/include/x86_64-linux-gnu -o /home/dabadjiev/smartpixels_ml_dsabadjiev/Muon_Collider_Smart_Pixels/daniel/CrossParetoModels_shortlist_parallelInput/hls_outputs/hls_model_trial_046/myproject_prj/solution1/.autopilot/db/myproject.pp.0.cpp -hls-platform-db-name=/code/Xilinx_2024.1/Vitis_HLS/2024.1/common/technology/xilinx/common/platform.db -hls-platform-name=zynq_slow -device-resource-info=BRAM_280.000000_DSP_220.000000_FF_106400.000000_LUT_53200.000000_SLICE_13300.000000_URAM_0.000000 -device-name-info=xc7z020clg400-1 > /home/dabadjiev/smartpixels_ml_dsabadjiev/Muon_Collider_Smart_Pixels/daniel/CrossParetoModels_shortlist_parallelInput/hls_outputs/hls_model_trial_046/myproject_prj/solution1/.autopilot/db/myproject.cpp.clang.out.log 2> /home/dabadjiev/smartpixels_ml_dsabadjiev/Muon_Collider_Smart_Pixels/daniel/CrossParetoModels_shortlist_parallelInput/hls_outputs/hls_model_trial_046/myproject_prj/solution1/.autopilot/db/myproject.cpp.clang.err.log
INFO-FLOW: Done: GCC PP 39 time: 2.1 seconds per iteration
INFO-FLOW: Source syntax check for synthesis
INFO-FLOW: run_clang exec: /code/Xilinx_2024.1/Vitis_HLS/2024.1/lnx64/tools/clang-3.9-csynth/bin/clang -foptimization-record-file=/home/dabadjiev/smartpixels_ml_dsabadjiev/Muon_Collider_Smart_Pixels/daniel/CrossParetoModels_shortlist_parallelInput/hls_outputs/hls_model_trial_046/myproject_prj/solution1/.autopilot/db/clang.diag.yml -mllvm -pass-remarks-missed=reflow|pasta|unroll -mllvm -pass-remarks=reflow|pasta|unroll|inline -fsyntax-only -fhls -target fpga64-xilinx-linux-gnu /home/dabadjiev/smartpixels_ml_dsabadjiev/Muon_Collider_Smart_Pixels/daniel/CrossParetoModels_shortlist_parallelInput/hls_outputs/hls_model_trial_046/myproject_prj/solution1/.autopilot/db/myproject.pp.0.cpp -hls-platform-db-name=/code/Xilinx_2024.1/Vitis_HLS/2024.1/common/technology/xilinx/common/platform.db -hls-platform-name=zynq_slow -device-resource-info=BRAM_280.000000_DSP_220.000000_FF_106400.000000_LUT_53200.000000_SLICE_13300.000000_URAM_0.000000 -device-name-info=xc7z020clg400-1 > /home/dabadjiev/smartpixels_ml_dsabadjiev/Muon_Collider_Smart_Pixels/daniel/CrossParetoModels_shortlist_parallelInput/hls_outputs/hls_model_trial_046/myproject_prj/solution1/.autopilot/db/clang.out.log 2> /home/dabadjiev/smartpixels_ml_dsabadjiev/Muon_Collider_Smart_Pixels/daniel/CrossParetoModels_shortlist_parallelInput/hls_outputs/hls_model_trial_046/myproject_prj/solution1/.autopilot/db/clang.err.log
Execute         clang_tidy xilinx-systemc-detector -desc systemc-detector /home/dabadjiev/smartpixels_ml_dsabadjiev/Muon_Collider_Smart_Pixels/daniel/CrossParetoModels_shortlist_parallelInput/hls_outputs/hls_model_trial_046/myproject_prj/solution1/.autopilot/db/myproject.pp.0.cpp std=c++0x -target fpga  -directive=/home/dabadjiev/smartpixels_ml_dsabadjiev/Muon_Collider_Smart_Pixels/daniel/CrossParetoModels_shortlist_parallelInput/hls_outputs/hls_model_trial_046/myproject_prj/solution1/.autopilot/db/.systemc_flag 
INFO-FLOW: exec /code/Xilinx_2024.1/Vitis_HLS/2024.1/lnx64/tools/clang-3.9-csynth/bin/clang-tidy -header-filter=.* --checks=-*,xilinx-systemc-detector -import-directive=/home/dabadjiev/smartpixels_ml_dsabadjiev/Muon_Collider_Smart_Pixels/daniel/CrossParetoModels_shortlist_parallelInput/hls_outputs/hls_model_trial_046/myproject_prj/solution1/.autopilot/db/.systemc_flag -fix-errors /home/dabadjiev/smartpixels_ml_dsabadjiev/Muon_Collider_Smart_Pixels/daniel/CrossParetoModels_shortlist_parallelInput/hls_outputs/hls_model_trial_046/myproject_prj/solution1/.autopilot/db/myproject.pp.0.cpp -- -std=c++0x -target fpga -fhls -ferror-limit=0
Command         clang_tidy done; 1.18 sec.
INFO-FLOW: Running: clang-tidy CDT preprocess 39
Execute         clang_tidy xilinx-directive2pragma -desc directive2pragma /home/dabadjiev/smartpixels_ml_dsabadjiev/Muon_Collider_Smart_Pixels/daniel/CrossParetoModels_shortlist_parallelInput/hls_outputs/hls_model_trial_046/myproject_prj/solution1/.autopilot/db/myproject.pp.0.cpp std=c++0x -target fpga  -directive=/home/dabadjiev/smartpixels_ml_dsabadjiev/Muon_Collider_Smart_Pixels/daniel/CrossParetoModels_shortlist_parallelInput/hls_outputs/hls_model_trial_046/myproject_prj/solution1/.autopilot/db/all.directive.json 
INFO-FLOW: exec /code/Xilinx_2024.1/Vitis_HLS/2024.1/lnx64/tools/clang-3.9-csynth/bin/clang-tidy -header-filter=.* --checks=-*,xilinx-directive2pragma -import-directive=/home/dabadjiev/smartpixels_ml_dsabadjiev/Muon_Collider_Smart_Pixels/daniel/CrossParetoModels_shortlist_parallelInput/hls_outputs/hls_model_trial_046/myproject_prj/solution1/.autopilot/db/all.directive.json -fix-errors /home/dabadjiev/smartpixels_ml_dsabadjiev/Muon_Collider_Smart_Pixels/daniel/CrossParetoModels_shortlist_parallelInput/hls_outputs/hls_model_trial_046/myproject_prj/solution1/.autopilot/db/myproject.pp.0.cpp -- -std=c++0x -target fpga -fhls -ferror-limit=0
Command         clang_tidy done; 1.62 sec.
INFO-FLOW: Done: clang-tidy CDT preprocess 39 time: 1.6 seconds per iteration
INFO-FLOW: Calling xilinx-label-all-loops ... 
INFO-FLOW: Calling xilinx-aggregate-on-hls-vector ... 
Execute         clang_tidy -errorcheck -desc loop-label xilinx-label-all-loops,xilinx-aggregate-on-hls-vector,,xilinx-warn-mayneed-no-ctor-attribute /home/dabadjiev/smartpixels_ml_dsabadjiev/Muon_Collider_Smart_Pixels/daniel/CrossParetoModels_shortlist_parallelInput/hls_outputs/hls_model_trial_046/myproject_prj/solution1/.autopilot/db/myproject.pp.0.cpp std=c++0x -target fpga  
INFO-FLOW: run_clang exec: /code/Xilinx_2024.1/Vitis_HLS/2024.1/lnx64/tools/clang-3.9-csynth/bin/clang-tidy -export-fixes=/home/dabadjiev/smartpixels_ml_dsabadjiev/Muon_Collider_Smart_Pixels/daniel/CrossParetoModels_shortlist_parallelInput/hls_outputs/hls_model_trial_046/myproject_prj/solution1/.autopilot/db/myproject.pp.0.cpp.clang-tidy.loop-label.diag.yml -header-filter=.* --checks=-*,xilinx-label-all-loops,xilinx-aggregate-on-hls-vector,,xilinx-warn-mayneed-no-ctor-attribute -fix-errors /home/dabadjiev/smartpixels_ml_dsabadjiev/Muon_Collider_Smart_Pixels/daniel/CrossParetoModels_shortlist_parallelInput/hls_outputs/hls_model_trial_046/myproject_prj/solution1/.autopilot/db/myproject.pp.0.cpp -- -std=c++0x -target fpga -fhls -ferror-limit=0 > /home/dabadjiev/smartpixels_ml_dsabadjiev/Muon_Collider_Smart_Pixels/daniel/CrossParetoModels_shortlist_parallelInput/hls_outputs/hls_model_trial_046/myproject_prj/solution1/.autopilot/db/myproject.pp.0.cpp.clang-tidy.loop-label.out.log 2> /home/dabadjiev/smartpixels_ml_dsabadjiev/Muon_Collider_Smart_Pixels/daniel/CrossParetoModels_shortlist_parallelInput/hls_outputs/hls_model_trial_046/myproject_prj/solution1/.autopilot/db/myproject.pp.0.cpp.clang-tidy.loop-label.err.log
Execute           source /code/Xilinx_2024.1/Vitis_HLS/2024.1/tps/tcl/tcllib1.11.1/yaml/yaml.tcl 
Command         clang_tidy done; 3.03 sec.
INFO-FLOW: run_clang exec: /code/Xilinx_2024.1/Vitis_HLS/2024.1/lnx64/tools/clang-3.9-csynth/bin/xilinx-dataflow-lawyer -export-fixes=/home/dabadjiev/smartpixels_ml_dsabadjiev/Muon_Collider_Smart_Pixels/daniel/CrossParetoModels_shortlist_parallelInput/hls_outputs/hls_model_trial_046/myproject_prj/solution1/.autopilot/db/myproject.pp.0.cpp.xilinx-dataflow-lawyer.diag.yml /home/dabadjiev/smartpixels_ml_dsabadjiev/Muon_Collider_Smart_Pixels/daniel/CrossParetoModels_shortlist_parallelInput/hls_outputs/hls_model_trial_046/myproject_prj/solution1/.autopilot/db/myproject.pp.0.cpp -- -std=c++0x -target fpga -fhls -ferror-limit=0 -fstrict-dataflow > /home/dabadjiev/smartpixels_ml_dsabadjiev/Muon_Collider_Smart_Pixels/daniel/CrossParetoModels_shortlist_parallelInput/hls_outputs/hls_model_trial_046/myproject_prj/solution1/.autopilot/db/myproject.pp.0.cpp.xilinx-dataflow-lawyer.out.log 2> /home/dabadjiev/smartpixels_ml_dsabadjiev/Muon_Collider_Smart_Pixels/daniel/CrossParetoModels_shortlist_parallelInput/hls_outputs/hls_model_trial_046/myproject_prj/solution1/.autopilot/db/myproject.pp.0.cpp.xilinx-dataflow-lawyer.err.log
Execute         ap_part_info -name xc7z020-clg400-1 -data info 
INFO-FLOW: compiling source code to llvm bc
INFO-FLOW: run_clang exec: /code/Xilinx_2024.1/Vitis_HLS/2024.1/lnx64/tools/clang-3.9-csynth/bin/clang -foptimization-record-file=/home/dabadjiev/smartpixels_ml_dsabadjiev/Muon_Collider_Smart_Pixels/daniel/CrossParetoModels_shortlist_parallelInput/hls_outputs/hls_model_trial_046/myproject_prj/solution1/.autopilot/db/myproject.pp.0.cpp.clang.diag.yml -mllvm -pass-remarks-missed=reflow|pasta|unroll -mllvm -pass-remarks=reflow|pasta|unroll|inline -fno-limit-debug-info -fhls -flto -fno-exceptions -Wno-error=c++11-narrowing -hls-emit-hint-scope /home/dabadjiev/smartpixels_ml_dsabadjiev/Muon_Collider_Smart_Pixels/daniel/CrossParetoModels_shortlist_parallelInput/hls_outputs/hls_model_trial_046/myproject_prj/solution1/.autopilot/db/myproject.pp.0.cpp -std=c++0x -fno-math-errno -c -emit-llvm -mllvm -disable-llvm-optzns -Werror=implicit-function-declaration -Werror=implicit-hls-streams -Werror=return-type -Wpragmas -Wunused-parameter -Wdump-hls-pragmas -Wno-error=dump-hls-pragmas -hls-clock-period=20 -fno-threadsafe-statics -fno-use-cxa-atexit -target fpga64-xilinx-linux-gnu -D__VITIS_HLS__ -DAESL_SYN -D__SYNTHESIS__ -D__HLS_SYN__ -I /code/Xilinx_2024.1/Vitis_HLS/2024.1/common/technology/autopilot -I /code/Xilinx_2024.1/Vitis_HLS/2024.1/common/technology/autopilot/ap_sysc -include etc/autopilot_ssdm_op.h -D__DSP48E1__ -g -o /home/dabadjiev/smartpixels_ml_dsabadjiev/Muon_Collider_Smart_Pixels/daniel/CrossParetoModels_shortlist_parallelInput/hls_outputs/hls_model_trial_046/myproject_prj/solution1/.autopilot/db/myproject.bc -hls-platform-db-name=/code/Xilinx_2024.1/Vitis_HLS/2024.1/common/technology/xilinx/common/platform.db -hls-platform-name=zynq_slow -device-resource-info=BRAM_280.000000_DSP_220.000000_FF_106400.000000_LUT_53200.000000_SLICE_13300.000000_URAM_0.000000 -device-name-info=xc7z020clg400-1 > /home/dabadjiev/smartpixels_ml_dsabadjiev/Muon_Collider_Smart_Pixels/daniel/CrossParetoModels_shortlist_parallelInput/hls_outputs/hls_model_trial_046/myproject_prj/solution1/.autopilot/db/myproject.pp.0.cpp.clang.out.log 2> /home/dabadjiev/smartpixels_ml_dsabadjiev/Muon_Collider_Smart_Pixels/daniel/CrossParetoModels_shortlist_parallelInput/hls_outputs/hls_model_trial_046/myproject_prj/solution1/.autopilot/db/myproject.pp.0.cpp.clang.err.log
WARNING: [HLS 207-5292] unused parameter 'keep' (firmware/nnet_utils/nnet_helpers.h:285:99)
WARNING: [HLS 207-5292] unused parameter 'data' (firmware/nnet_utils/nnet_code_gen.h:11:36)
WARNING: [HLS 207-5292] unused parameter 'buffer' (firmware/nnet_utils/nnet_code_gen.h:12:36)
WARNING: [HLS 207-5292] unused parameter 'partition' (firmware/nnet_utils/nnet_code_gen.h:13:44)
WARNING: [HLS 207-5292] unused parameter 'data' (firmware/nnet_utils/nnet_code_gen.h:21:24)
WARNING: [HLS 207-5292] unused parameter 'buffer' (firmware/nnet_utils/nnet_code_gen.h:22:24)
WARNING: [HLS 207-5292] unused parameter 'partition' (firmware/nnet_utils/nnet_code_gen.h:23:32)
INFO: [HLS 200-111] Finished Source Code Analysis and Preprocessing: CPU user time: 9.56 seconds. CPU system time: 0.86 seconds. Elapsed time: 12.31 seconds; current allocated memory: 341.883 MB.
INFO-FLOW: Linking Debug ...
INFO-FLOW: Linking dut bc code.
Execute         run_link_or_opt -out /home/dabadjiev/smartpixels_ml_dsabadjiev/Muon_Collider_Smart_Pixels/daniel/CrossParetoModels_shortlist_parallelInput/hls_outputs/hls_model_trial_046/myproject_prj/solution1/.autopilot/db/a.g.ld.0.bc -args  "/home/dabadjiev/smartpixels_ml_dsabadjiev/Muon_Collider_Smart_Pixels/daniel/CrossParetoModels_shortlist_parallelInput/hls_outputs/hls_model_trial_046/myproject_prj/solution1/.autopilot/db/myproject.g.bc"  
INFO-FLOW: run_clang exec: /code/Xilinx_2024.1/Vitis_HLS/2024.1/lnx64/tools/clang-3.9-csynth/bin/llvm-link /home/dabadjiev/smartpixels_ml_dsabadjiev/Muon_Collider_Smart_Pixels/daniel/CrossParetoModels_shortlist_parallelInput/hls_outputs/hls_model_trial_046/myproject_prj/solution1/.autopilot/db/myproject.g.bc -o /home/dabadjiev/smartpixels_ml_dsabadjiev/Muon_Collider_Smart_Pixels/daniel/CrossParetoModels_shortlist_parallelInput/hls_outputs/hls_model_trial_046/myproject_prj/solution1/.autopilot/db/a.g.ld.0.bc > /home/dabadjiev/smartpixels_ml_dsabadjiev/Muon_Collider_Smart_Pixels/daniel/CrossParetoModels_shortlist_parallelInput/hls_outputs/hls_model_trial_046/myproject_prj/solution1/.autopilot/db/a.g.ld.0.bc.llvm-link.out.log 2> /home/dabadjiev/smartpixels_ml_dsabadjiev/Muon_Collider_Smart_Pixels/daniel/CrossParetoModels_shortlist_parallelInput/hls_outputs/hls_model_trial_046/myproject_prj/solution1/.autopilot/db/a.g.ld.0.bc.llvm-link.err.log
INFO-FLOW: 
Execute         run_link_or_opt -opt -out /home/dabadjiev/smartpixels_ml_dsabadjiev/Muon_Collider_Smart_Pixels/daniel/CrossParetoModels_shortlist_parallelInput/hls_outputs/hls_model_trial_046/myproject_prj/solution1/.autopilot/db/a.g.ld.1.lower.bc -args /home/dabadjiev/smartpixels_ml_dsabadjiev/Muon_Collider_Smart_Pixels/daniel/CrossParetoModels_shortlist_parallelInput/hls_outputs/hls_model_trial_046/myproject_prj/solution1/.autopilot/db/a.g.ld.0.bc -reflow-lower-math-intrinsics 
INFO-FLOW: run_clang exec: /code/Xilinx_2024.1/Vitis_HLS/2024.1/lnx64/tools/clang-3.9-csynth/bin/opt -pass-remarks-missed=reflow|pasta|unroll -pass-remarks=reflow|pasta|unroll|inline -pass-remarks-output=/home/dabadjiev/smartpixels_ml_dsabadjiev/Muon_Collider_Smart_Pixels/daniel/CrossParetoModels_shortlist_parallelInput/hls_outputs/hls_model_trial_046/myproject_prj/solution1/.autopilot/db/a.g.ld.1.lower.bc.opt.diag.yml /home/dabadjiev/smartpixels_ml_dsabadjiev/Muon_Collider_Smart_Pixels/daniel/CrossParetoModels_shortlist_parallelInput/hls_outputs/hls_model_trial_046/myproject_prj/solution1/.autopilot/db/a.g.ld.0.bc -reflow-lower-math-intrinsics -o /home/dabadjiev/smartpixels_ml_dsabadjiev/Muon_Collider_Smart_Pixels/daniel/CrossParetoModels_shortlist_parallelInput/hls_outputs/hls_model_trial_046/myproject_prj/solution1/.autopilot/db/a.g.ld.1.lower.bc > /home/dabadjiev/smartpixels_ml_dsabadjiev/Muon_Collider_Smart_Pixels/daniel/CrossParetoModels_shortlist_parallelInput/hls_outputs/hls_model_trial_046/myproject_prj/solution1/.autopilot/db/a.g.ld.1.lower.bc.opt.out.log 2> /home/dabadjiev/smartpixels_ml_dsabadjiev/Muon_Collider_Smart_Pixels/daniel/CrossParetoModels_shortlist_parallelInput/hls_outputs/hls_model_trial_046/myproject_prj/solution1/.autopilot/db/a.g.ld.1.lower.bc.opt.err.log
INFO-FLOW: 
INFO-FLOW: Running: gen_design_size_report post-opt
INFO-FLOW: Done: gen_design_size_report post-opt time: 0 seconds per iteration
INFO-FLOW: Linking math bc lib
Execute         run_link_or_opt -out /home/dabadjiev/smartpixels_ml_dsabadjiev/Muon_Collider_Smart_Pixels/daniel/CrossParetoModels_shortlist_parallelInput/hls_outputs/hls_model_trial_046/myproject_prj/solution1/.autopilot/db/a.g.ld.2.m1.bc -args /home/dabadjiev/smartpixels_ml_dsabadjiev/Muon_Collider_Smart_Pixels/daniel/CrossParetoModels_shortlist_parallelInput/hls_outputs/hls_model_trial_046/myproject_prj/solution1/.autopilot/db/a.g.ld.1.lower.bc -only-needed /code/Xilinx_2024.1/Vitis_HLS/2024.1/lnx64/lib/libhlsm_39.bc /code/Xilinx_2024.1/Vitis_HLS/2024.1/lnx64/lib/libhlsmc++_39.bc 
INFO-FLOW: run_clang exec: /code/Xilinx_2024.1/Vitis_HLS/2024.1/lnx64/tools/clang-3.9-csynth/bin/llvm-link /home/dabadjiev/smartpixels_ml_dsabadjiev/Muon_Collider_Smart_Pixels/daniel/CrossParetoModels_shortlist_parallelInput/hls_outputs/hls_model_trial_046/myproject_prj/solution1/.autopilot/db/a.g.ld.1.lower.bc -only-needed /code/Xilinx_2024.1/Vitis_HLS/2024.1/lnx64/lib/libhlsm_39.bc /code/Xilinx_2024.1/Vitis_HLS/2024.1/lnx64/lib/libhlsmc++_39.bc -o /home/dabadjiev/smartpixels_ml_dsabadjiev/Muon_Collider_Smart_Pixels/daniel/CrossParetoModels_shortlist_parallelInput/hls_outputs/hls_model_trial_046/myproject_prj/solution1/.autopilot/db/a.g.ld.2.m1.bc > /home/dabadjiev/smartpixels_ml_dsabadjiev/Muon_Collider_Smart_Pixels/daniel/CrossParetoModels_shortlist_parallelInput/hls_outputs/hls_model_trial_046/myproject_prj/solution1/.autopilot/db/a.g.ld.2.m1.bc.llvm-link.out.log 2> /home/dabadjiev/smartpixels_ml_dsabadjiev/Muon_Collider_Smart_Pixels/daniel/CrossParetoModels_shortlist_parallelInput/hls_outputs/hls_model_trial_046/myproject_prj/solution1/.autopilot/db/a.g.ld.2.m1.bc.llvm-link.err.log
INFO-FLOW: 
Command         run_link_or_opt done; 1.49 sec.
Execute         run_link_or_opt -opt -out /home/dabadjiev/smartpixels_ml_dsabadjiev/Muon_Collider_Smart_Pixels/daniel/CrossParetoModels_shortlist_parallelInput/hls_outputs/hls_model_trial_046/myproject_prj/solution1/.autopilot/db/a.g.ld.3.fpc.bc -args /home/dabadjiev/smartpixels_ml_dsabadjiev/Muon_Collider_Smart_Pixels/daniel/CrossParetoModels_shortlist_parallelInput/hls_outputs/hls_model_trial_046/myproject_prj/solution1/.autopilot/db/a.g.ld.2.m1.bc -reflow-globaldce -hls-top-function-name=myproject -reflow-float-conversion 
INFO-FLOW: run_clang exec: /code/Xilinx_2024.1/Vitis_HLS/2024.1/lnx64/tools/clang-3.9-csynth/bin/opt -pass-remarks-missed=reflow|pasta|unroll -pass-remarks=reflow|pasta|unroll|inline -pass-remarks-output=/home/dabadjiev/smartpixels_ml_dsabadjiev/Muon_Collider_Smart_Pixels/daniel/CrossParetoModels_shortlist_parallelInput/hls_outputs/hls_model_trial_046/myproject_prj/solution1/.autopilot/db/a.g.ld.3.fpc.bc.opt.diag.yml /home/dabadjiev/smartpixels_ml_dsabadjiev/Muon_Collider_Smart_Pixels/daniel/CrossParetoModels_shortlist_parallelInput/hls_outputs/hls_model_trial_046/myproject_prj/solution1/.autopilot/db/a.g.ld.2.m1.bc -reflow-globaldce -hls-top-function-name=myproject -reflow-float-conversion -o /home/dabadjiev/smartpixels_ml_dsabadjiev/Muon_Collider_Smart_Pixels/daniel/CrossParetoModels_shortlist_parallelInput/hls_outputs/hls_model_trial_046/myproject_prj/solution1/.autopilot/db/a.g.ld.3.fpc.bc > /home/dabadjiev/smartpixels_ml_dsabadjiev/Muon_Collider_Smart_Pixels/daniel/CrossParetoModels_shortlist_parallelInput/hls_outputs/hls_model_trial_046/myproject_prj/solution1/.autopilot/db/a.g.ld.3.fpc.bc.opt.out.log 2> /home/dabadjiev/smartpixels_ml_dsabadjiev/Muon_Collider_Smart_Pixels/daniel/CrossParetoModels_shortlist_parallelInput/hls_outputs/hls_model_trial_046/myproject_prj/solution1/.autopilot/db/a.g.ld.3.fpc.bc.opt.err.log
INFO-FLOW: 
INFO-FLOW: Running: gen_design_size_report post-opt
INFO-FLOW: Done: gen_design_size_report post-opt time: 0 seconds per iteration
Command         run_link_or_opt done; 0.68 sec.
Execute         run_link_or_opt -out /home/dabadjiev/smartpixels_ml_dsabadjiev/Muon_Collider_Smart_Pixels/daniel/CrossParetoModels_shortlist_parallelInput/hls_outputs/hls_model_trial_046/myproject_prj/solution1/.autopilot/db/a.g.ld.4.m2.bc -args /home/dabadjiev/smartpixels_ml_dsabadjiev/Muon_Collider_Smart_Pixels/daniel/CrossParetoModels_shortlist_parallelInput/hls_outputs/hls_model_trial_046/myproject_prj/solution1/.autopilot/db/a.g.ld.3.fpc.bc -only-needed /code/Xilinx_2024.1/Vitis_HLS/2024.1/lnx64/lib/libfloatconversion_39.bc 
INFO-FLOW: run_clang exec: /code/Xilinx_2024.1/Vitis_HLS/2024.1/lnx64/tools/clang-3.9-csynth/bin/llvm-link /home/dabadjiev/smartpixels_ml_dsabadjiev/Muon_Collider_Smart_Pixels/daniel/CrossParetoModels_shortlist_parallelInput/hls_outputs/hls_model_trial_046/myproject_prj/solution1/.autopilot/db/a.g.ld.3.fpc.bc -only-needed /code/Xilinx_2024.1/Vitis_HLS/2024.1/lnx64/lib/libfloatconversion_39.bc -o /home/dabadjiev/smartpixels_ml_dsabadjiev/Muon_Collider_Smart_Pixels/daniel/CrossParetoModels_shortlist_parallelInput/hls_outputs/hls_model_trial_046/myproject_prj/solution1/.autopilot/db/a.g.ld.4.m2.bc > /home/dabadjiev/smartpixels_ml_dsabadjiev/Muon_Collider_Smart_Pixels/daniel/CrossParetoModels_shortlist_parallelInput/hls_outputs/hls_model_trial_046/myproject_prj/solution1/.autopilot/db/a.g.ld.4.m2.bc.llvm-link.out.log 2> /home/dabadjiev/smartpixels_ml_dsabadjiev/Muon_Collider_Smart_Pixels/daniel/CrossParetoModels_shortlist_parallelInput/hls_outputs/hls_model_trial_046/myproject_prj/solution1/.autopilot/db/a.g.ld.4.m2.bc.llvm-link.err.log
INFO-FLOW: 
Execute         run_link_or_opt -opt -out /home/dabadjiev/smartpixels_ml_dsabadjiev/Muon_Collider_Smart_Pixels/daniel/CrossParetoModels_shortlist_parallelInput/hls_outputs/hls_model_trial_046/myproject_prj/solution1/.autopilot/db/a.g.ld.5.gdce.bc -args /home/dabadjiev/smartpixels_ml_dsabadjiev/Muon_Collider_Smart_Pixels/daniel/CrossParetoModels_shortlist_parallelInput/hls_outputs/hls_model_trial_046/myproject_prj/solution1/.autopilot/db/a.g.ld.4.m2.bc -reflow-globaldce -hls-top-function-name=myproject 
INFO-FLOW: run_clang exec: /code/Xilinx_2024.1/Vitis_HLS/2024.1/lnx64/tools/clang-3.9-csynth/bin/opt -pass-remarks-missed=reflow|pasta|unroll -pass-remarks=reflow|pasta|unroll|inline -pass-remarks-output=/home/dabadjiev/smartpixels_ml_dsabadjiev/Muon_Collider_Smart_Pixels/daniel/CrossParetoModels_shortlist_parallelInput/hls_outputs/hls_model_trial_046/myproject_prj/solution1/.autopilot/db/a.g.ld.5.gdce.bc.opt.diag.yml /home/dabadjiev/smartpixels_ml_dsabadjiev/Muon_Collider_Smart_Pixels/daniel/CrossParetoModels_shortlist_parallelInput/hls_outputs/hls_model_trial_046/myproject_prj/solution1/.autopilot/db/a.g.ld.4.m2.bc -reflow-globaldce -hls-top-function-name=myproject -o /home/dabadjiev/smartpixels_ml_dsabadjiev/Muon_Collider_Smart_Pixels/daniel/CrossParetoModels_shortlist_parallelInput/hls_outputs/hls_model_trial_046/myproject_prj/solution1/.autopilot/db/a.g.ld.5.gdce.bc > /home/dabadjiev/smartpixels_ml_dsabadjiev/Muon_Collider_Smart_Pixels/daniel/CrossParetoModels_shortlist_parallelInput/hls_outputs/hls_model_trial_046/myproject_prj/solution1/.autopilot/db/a.g.ld.5.gdce.bc.opt.out.log 2> /home/dabadjiev/smartpixels_ml_dsabadjiev/Muon_Collider_Smart_Pixels/daniel/CrossParetoModels_shortlist_parallelInput/hls_outputs/hls_model_trial_046/myproject_prj/solution1/.autopilot/db/a.g.ld.5.gdce.bc.opt.err.log
INFO-FLOW: 
INFO-FLOW: Running: gen_design_size_report post-opt
INFO-FLOW: Done: gen_design_size_report post-opt time: 0 seconds per iteration
Execute         send_msg_by_id INFO @200-777@%s Vivado 
INFO: [HLS 200-777] Using interface defaults for 'Vivado' flow target.
Execute         is_m_axi_addr64 
INFO-FLOW: Doing LTO.
INFO-FLOW: run_clang (background poll_ms 5000) exec: /code/Xilinx_2024.1/Vitis_HLS/2024.1/lnx64/tools/clang-3.9-csynth/bin/clang -foptimization-record-file=/home/dabadjiev/smartpixels_ml_dsabadjiev/Muon_Collider_Smart_Pixels/daniel/CrossParetoModels_shortlist_parallelInput/hls_outputs/hls_model_trial_046/myproject_prj/solution1/.autopilot/db/a.g.ld.0.bc.clang.reflow.diag.yml -mllvm -pass-remarks-missed=reflow|pasta|unroll -mllvm -pass-remarks=reflow|pasta|unroll|inline -fhls -mllvm -hls-top-function-name=myproject -mllvm -hls-db-dir -mllvm /home/dabadjiev/smartpixels_ml_dsabadjiev/Muon_Collider_Smart_Pixels/daniel/CrossParetoModels_shortlist_parallelInput/hls_outputs/hls_model_trial_046/myproject_prj/solution1/.autopilot/db -emit-llvm -c -target fpga64-xilinx-none -mllvm -xcl-xmlinfo=/home/dabadjiev/smartpixels_ml_dsabadjiev/Muon_Collider_Smart_Pixels/daniel/CrossParetoModels_shortlist_parallelInput/hls_outputs/hls_model_trial_046/myproject_prj/solution1/.autopilot/db/kernel.internal.xml -mllvm -top-io-mapping-info=/home/dabadjiev/smartpixels_ml_dsabadjiev/Muon_Collider_Smart_Pixels/daniel/CrossParetoModels_shortlist_parallelInput/hls_outputs/hls_model_trial_046/myproject_prj/solution1/.autopilot/db/top-io-fe.xml -mllvm -hls-bitcode-version=3.1 -mllvm -reflow-enable-slave-interface-default-setting=true -mllvm -gen-kernel-xml=false -mllvm -default-maxi-offset=slave -mllvm -maxi-latency=0 -mllvm -hls-maxi-data-size-in-bits=8 -mllvm -hls-maxi-max-data-size-in-bits=1024 -mllvm -hls-max-widen-size-in-bits=0 -mllvm -xcl-kernel-max-mem-ports=0 -mllvm -maxi-read-trans=16 -mllvm -maxi-write-trans=16 -mllvm -maxi-read-burst-len=16 -mllvm -maxi-write-burst-len=16 -mllvm -reflow-enable-saxi-64bits=0 -mllvm -reflow-basic-block-instr-threshold=200000 -mllvm -reflow-auto-pipeline-threshold=64 -mllvm -reflow-enable-maxi-auto-id-channel=0 -mllvm -enable-fp-thr=0 -mllvm -reflow-bdd-simplify-threshold=1048576 -mllvm -reflow-fanout-threshold=16 -mllvm -reflow-complete-threshold=4 -mllvm -reflow-array-promotion-threshold=64 -mllvm -assume-maxi-align=1 -mllvm -reflow-enable-dataflow-strict-mode-checking=1 -ftime-report -mllvm -time-passes -mllvm -reflow-auto-array-partition-mode=default -mllvm -reflow-enable-auto-small-array-partition=true -mllvm -reflow-enable-auto-array-partition-for-flatten=true -mllvm -reflow-enable-auto-parallel-performance-driven=true -mllvm -reflow-enable-partition-for-automation=true -mllvm -reflow-aggregate-bitwidth-threshold=4096 -mllvm -reflow-reserved-saxilite-registers=0 -mllvm -enable-reflow-auto-loop-pipeline -mllvm -reflow-max-unroll-threshold=409600 -mllvm -auto-unroll-tripcount-threshold=0 -mllvm -reflow-assume-no-address-wrap=true -mllvm -reflow-enable-occurrence-inference=true -mllvm -reflow-emit-hint-scope=true -mllvm -reflow-enable-codegen-with-if=true -mllvm -hls -mllvm -disable-inlined-alloca-merging=true -mllvm -default-clock-period=20 -mllvm -use_read_first_ram_in_loop=1 -mllvm -default-clock-uncertainty=2.5 -x ir /home/dabadjiev/smartpixels_ml_dsabadjiev/Muon_Collider_Smart_Pixels/daniel/CrossParetoModels_shortlist_parallelInput/hls_outputs/hls_model_trial_046/myproject_prj/solution1/.autopilot/db/a.g.ld.5.gdce.bc -o /home/dabadjiev/smartpixels_ml_dsabadjiev/Muon_Collider_Smart_Pixels/daniel/CrossParetoModels_shortlist_parallelInput/hls_outputs/hls_model_trial_046/myproject_prj/solution1/.autopilot/db/a.g.lto.bc -hls-platform-db-name=/code/Xilinx_2024.1/Vitis_HLS/2024.1/common/technology/xilinx/common/platform.db -hls-platform-name=zynq_slow -device-resource-info=BRAM_280.000000_DSP_220.000000_FF_106400.000000_LUT_53200.000000_SLICE_13300.000000_URAM_0.000000 -device-name-info=xc7z020clg400-1 2> /home/dabadjiev/smartpixels_ml_dsabadjiev/Muon_Collider_Smart_Pixels/daniel/CrossParetoModels_shortlist_parallelInput/hls_outputs/hls_model_trial_046/myproject_prj/solution1/.autopilot/db/a.g.ld.0.bc.clang.reflow.err.log bg_poll_cmd: ::AP::poll_clang_39_closed_source
Execute         send_msg_by_id INFO @200-1995@%s%s%s 84,613 Compile/Link /home/dabadjiev/smartpixels_ml_dsabadjiev/Muon_Collider_Smart_Pixels/daniel/CrossParetoModels_shortlist_parallelInput/hls_outputs/hls_model_trial_046/myproject_prj/solution1/syn/report/csynth_design_size.rpt 
INFO: [HLS 200-1995] There were 84,613 instructions in the design after the 'Compile/Link' phase of compilation. See the Design Size Report for more details: /home/dabadjiev/smartpixels_ml_dsabadjiev/Muon_Collider_Smart_Pixels/daniel/CrossParetoModels_shortlist_parallelInput/hls_outputs/hls_model_trial_046/myproject_prj/solution1/syn/report/csynth_design_size.rpt
Execute         send_msg_by_id WARNING @200-1995@%s%s%s 156,518 Unroll/Inline /home/dabadjiev/smartpixels_ml_dsabadjiev/Muon_Collider_Smart_Pixels/daniel/CrossParetoModels_shortlist_parallelInput/hls_outputs/hls_model_trial_046/myproject_prj/solution1/syn/report/csynth_design_size.rpt 
WARNING: [HLS 200-1995] There were 156,518 instructions in the design after the 'Unroll/Inline' phase of compilation. See the Design Size Report for more details: /home/dabadjiev/smartpixels_ml_dsabadjiev/Muon_Collider_Smart_Pixels/daniel/CrossParetoModels_shortlist_parallelInput/hls_outputs/hls_model_trial_046/myproject_prj/solution1/syn/report/csynth_design_size.rpt
Execute         send_msg_by_id INFO @200-1995@%s%s%s 77,077 Unroll/Inline (step 2) /home/dabadjiev/smartpixels_ml_dsabadjiev/Muon_Collider_Smart_Pixels/daniel/CrossParetoModels_shortlist_parallelInput/hls_outputs/hls_model_trial_046/myproject_prj/solution1/syn/report/csynth_design_size.rpt 
INFO: [HLS 200-1995] There were 77,077 instructions in the design after the 'Unroll/Inline (step 2)' phase of compilation. See the Design Size Report for more details: /home/dabadjiev/smartpixels_ml_dsabadjiev/Muon_Collider_Smart_Pixels/daniel/CrossParetoModels_shortlist_parallelInput/hls_outputs/hls_model_trial_046/myproject_prj/solution1/syn/report/csynth_design_size.rpt
Execute         send_msg_by_id INFO @200-1995@%s%s%s 69,298 Unroll/Inline (step 3) /home/dabadjiev/smartpixels_ml_dsabadjiev/Muon_Collider_Smart_Pixels/daniel/CrossParetoModels_shortlist_parallelInput/hls_outputs/hls_model_trial_046/myproject_prj/solution1/syn/report/csynth_design_size.rpt 
INFO: [HLS 200-1995] There were 69,298 instructions in the design after the 'Unroll/Inline (step 3)' phase of compilation. See the Design Size Report for more details: /home/dabadjiev/smartpixels_ml_dsabadjiev/Muon_Collider_Smart_Pixels/daniel/CrossParetoModels_shortlist_parallelInput/hls_outputs/hls_model_trial_046/myproject_prj/solution1/syn/report/csynth_design_size.rpt
Execute         send_msg_by_id INFO @200-1995@%s%s%s 65,515 Unroll/Inline (step 4) /home/dabadjiev/smartpixels_ml_dsabadjiev/Muon_Collider_Smart_Pixels/daniel/CrossParetoModels_shortlist_parallelInput/hls_outputs/hls_model_trial_046/myproject_prj/solution1/syn/report/csynth_design_size.rpt 
INFO: [HLS 200-1995] There were 65,515 instructions in the design after the 'Unroll/Inline (step 4)' phase of compilation. See the Design Size Report for more details: /home/dabadjiev/smartpixels_ml_dsabadjiev/Muon_Collider_Smart_Pixels/daniel/CrossParetoModels_shortlist_parallelInput/hls_outputs/hls_model_trial_046/myproject_prj/solution1/syn/report/csynth_design_size.rpt
Execute         send_msg_by_id WARNING @200-1995@%s%s%s 357,093 Array/Struct (step 1) /home/dabadjiev/smartpixels_ml_dsabadjiev/Muon_Collider_Smart_Pixels/daniel/CrossParetoModels_shortlist_parallelInput/hls_outputs/hls_model_trial_046/myproject_prj/solution1/syn/report/csynth_design_size.rpt 
WARNING: [HLS 200-1995] There were 357,093 instructions in the design after the 'Array/Struct (step 1)' phase of compilation. See the Design Size Report for more details: /home/dabadjiev/smartpixels_ml_dsabadjiev/Muon_Collider_Smart_Pixels/daniel/CrossParetoModels_shortlist_parallelInput/hls_outputs/hls_model_trial_046/myproject_prj/solution1/syn/report/csynth_design_size.rpt
Execute         send_msg_by_id INFO @200-1995@%s%s%s 58,423 Array/Struct (step 2) /home/dabadjiev/smartpixels_ml_dsabadjiev/Muon_Collider_Smart_Pixels/daniel/CrossParetoModels_shortlist_parallelInput/hls_outputs/hls_model_trial_046/myproject_prj/solution1/syn/report/csynth_design_size.rpt 
INFO: [HLS 200-1995] There were 58,423 instructions in the design after the 'Array/Struct (step 2)' phase of compilation. See the Design Size Report for more details: /home/dabadjiev/smartpixels_ml_dsabadjiev/Muon_Collider_Smart_Pixels/daniel/CrossParetoModels_shortlist_parallelInput/hls_outputs/hls_model_trial_046/myproject_prj/solution1/syn/report/csynth_design_size.rpt
Execute         send_msg_by_id INFO @200-1995@%s%s%s 58,423 Array/Struct (step 3) /home/dabadjiev/smartpixels_ml_dsabadjiev/Muon_Collider_Smart_Pixels/daniel/CrossParetoModels_shortlist_parallelInput/hls_outputs/hls_model_trial_046/myproject_prj/solution1/syn/report/csynth_design_size.rpt 
INFO: [HLS 200-1995] There were 58,423 instructions in the design after the 'Array/Struct (step 3)' phase of compilation. See the Design Size Report for more details: /home/dabadjiev/smartpixels_ml_dsabadjiev/Muon_Collider_Smart_Pixels/daniel/CrossParetoModels_shortlist_parallelInput/hls_outputs/hls_model_trial_046/myproject_prj/solution1/syn/report/csynth_design_size.rpt
Execute         send_msg_by_id INFO @200-1995@%s%s%s 58,962 Array/Struct (step 4) /home/dabadjiev/smartpixels_ml_dsabadjiev/Muon_Collider_Smart_Pixels/daniel/CrossParetoModels_shortlist_parallelInput/hls_outputs/hls_model_trial_046/myproject_prj/solution1/syn/report/csynth_design_size.rpt 
INFO: [HLS 200-1995] There were 58,962 instructions in the design after the 'Array/Struct (step 4)' phase of compilation. See the Design Size Report for more details: /home/dabadjiev/smartpixels_ml_dsabadjiev/Muon_Collider_Smart_Pixels/daniel/CrossParetoModels_shortlist_parallelInput/hls_outputs/hls_model_trial_046/myproject_prj/solution1/syn/report/csynth_design_size.rpt
Execute         send_msg_by_id INFO @200-1995@%s%s%s 58,285 Array/Struct (step 5) /home/dabadjiev/smartpixels_ml_dsabadjiev/Muon_Collider_Smart_Pixels/daniel/CrossParetoModels_shortlist_parallelInput/hls_outputs/hls_model_trial_046/myproject_prj/solution1/syn/report/csynth_design_size.rpt 
INFO: [HLS 200-1995] There were 58,285 instructions in the design after the 'Array/Struct (step 5)' phase of compilation. See the Design Size Report for more details: /home/dabadjiev/smartpixels_ml_dsabadjiev/Muon_Collider_Smart_Pixels/daniel/CrossParetoModels_shortlist_parallelInput/hls_outputs/hls_model_trial_046/myproject_prj/solution1/syn/report/csynth_design_size.rpt
Execute         send_msg_by_id INFO @200-1995@%s%s%s 56,301 Performance /home/dabadjiev/smartpixels_ml_dsabadjiev/Muon_Collider_Smart_Pixels/daniel/CrossParetoModels_shortlist_parallelInput/hls_outputs/hls_model_trial_046/myproject_prj/solution1/syn/report/csynth_design_size.rpt 
INFO: [HLS 200-1995] There were 56,301 instructions in the design after the 'Performance' phase of compilation. See the Design Size Report for more details: /home/dabadjiev/smartpixels_ml_dsabadjiev/Muon_Collider_Smart_Pixels/daniel/CrossParetoModels_shortlist_parallelInput/hls_outputs/hls_model_trial_046/myproject_prj/solution1/syn/report/csynth_design_size.rpt
Execute         send_msg_by_id INFO @200-1995@%s%s%s 56,153 Performance (step 2) /home/dabadjiev/smartpixels_ml_dsabadjiev/Muon_Collider_Smart_Pixels/daniel/CrossParetoModels_shortlist_parallelInput/hls_outputs/hls_model_trial_046/myproject_prj/solution1/syn/report/csynth_design_size.rpt 
INFO: [HLS 200-1995] There were 56,153 instructions in the design after the 'Performance (step 2)' phase of compilation. See the Design Size Report for more details: /home/dabadjiev/smartpixels_ml_dsabadjiev/Muon_Collider_Smart_Pixels/daniel/CrossParetoModels_shortlist_parallelInput/hls_outputs/hls_model_trial_046/myproject_prj/solution1/syn/report/csynth_design_size.rpt
Execute         send_msg_by_id INFO @200-1995@%s%s%s 55,061 Performance (step 3) /home/dabadjiev/smartpixels_ml_dsabadjiev/Muon_Collider_Smart_Pixels/daniel/CrossParetoModels_shortlist_parallelInput/hls_outputs/hls_model_trial_046/myproject_prj/solution1/syn/report/csynth_design_size.rpt 
INFO: [HLS 200-1995] There were 55,061 instructions in the design after the 'Performance (step 3)' phase of compilation. See the Design Size Report for more details: /home/dabadjiev/smartpixels_ml_dsabadjiev/Muon_Collider_Smart_Pixels/daniel/CrossParetoModels_shortlist_parallelInput/hls_outputs/hls_model_trial_046/myproject_prj/solution1/syn/report/csynth_design_size.rpt
Execute         send_msg_by_id INFO @200-1995@%s%s%s 55,061 Performance (step 4) /home/dabadjiev/smartpixels_ml_dsabadjiev/Muon_Collider_Smart_Pixels/daniel/CrossParetoModels_shortlist_parallelInput/hls_outputs/hls_model_trial_046/myproject_prj/solution1/syn/report/csynth_design_size.rpt 
INFO: [HLS 200-1995] There were 55,061 instructions in the design after the 'Performance (step 4)' phase of compilation. See the Design Size Report for more details: /home/dabadjiev/smartpixels_ml_dsabadjiev/Muon_Collider_Smart_Pixels/daniel/CrossParetoModels_shortlist_parallelInput/hls_outputs/hls_model_trial_046/myproject_prj/solution1/syn/report/csynth_design_size.rpt
Execute         send_msg_by_id INFO @200-1995@%s%s%s 57,808 HW Transforms (step 1) /home/dabadjiev/smartpixels_ml_dsabadjiev/Muon_Collider_Smart_Pixels/daniel/CrossParetoModels_shortlist_parallelInput/hls_outputs/hls_model_trial_046/myproject_prj/solution1/syn/report/csynth_design_size.rpt 
INFO: [HLS 200-1995] There were 57,808 instructions in the design after the 'HW Transforms (step 1)' phase of compilation. See the Design Size Report for more details: /home/dabadjiev/smartpixels_ml_dsabadjiev/Muon_Collider_Smart_Pixels/daniel/CrossParetoModels_shortlist_parallelInput/hls_outputs/hls_model_trial_046/myproject_prj/solution1/syn/report/csynth_design_size.rpt
Execute         send_msg_by_id INFO @200-1995@%s%s%s 57,601 HW Transforms (step 2) /home/dabadjiev/smartpixels_ml_dsabadjiev/Muon_Collider_Smart_Pixels/daniel/CrossParetoModels_shortlist_parallelInput/hls_outputs/hls_model_trial_046/myproject_prj/solution1/syn/report/csynth_design_size.rpt 
INFO: [HLS 200-1995] There were 57,601 instructions in the design after the 'HW Transforms (step 2)' phase of compilation. See the Design Size Report for more details: /home/dabadjiev/smartpixels_ml_dsabadjiev/Muon_Collider_Smart_Pixels/daniel/CrossParetoModels_shortlist_parallelInput/hls_outputs/hls_model_trial_046/myproject_prj/solution1/syn/report/csynth_design_size.rpt
INFO: [HLS 214-415] Performing recursive inline in function 'nnet::dense_resource<ap_fixed<16, 6, (ap_q_mode)5, (ap_o_mode)3, 0>, ap_fixed<16, 6, (ap_q_mode)5, (ap_o_mode)3, 0>, config16>' (firmware/nnet_utils/nnet_dense_resource.h:237:9)
INFO: [HLS 214-415] Performing recursive inline in function 'nnet::dense_resource<ap_fixed<16, 6, (ap_q_mode)5, (ap_o_mode)3, 0>, ap_fixed<16, 6, (ap_q_mode)5, (ap_o_mode)3, 0>, config21>' (firmware/nnet_utils/nnet_dense_resource.h:237:9)
INFO: [HLS 214-415] Performing recursive inline in function 'nnet::dense_resource<ap_ufixed<8, 0, (ap_q_mode)4, (ap_o_mode)0, 0>, ap_fixed<16, 6, (ap_q_mode)5, (ap_o_mode)3, 0>, config24>' (firmware/nnet_utils/nnet_dense_resource.h:237:9)
INFO: [HLS 214-415] Performing recursive inline in function 'nnet::dense_resource<ap_ufixed<8, 0, (ap_q_mode)4, (ap_o_mode)0, 0>, ap_fixed<16, 6, (ap_q_mode)5, (ap_o_mode)3, 0>, config27>' (firmware/nnet_utils/nnet_dense_resource.h:237:9)
WARNING: [HLS 214-273] In function 'void nnet::dense<ap_fixed<16, 6, (ap_q_mode)5, (ap_o_mode)3, 0>, ap_fixed<16, 6, (ap_q_mode)5, (ap_o_mode)3, 0>, config16>(ap_fixed<16, 6, (ap_q_mode)5, (ap_o_mode)3, 0>*, ap_fixed<16, 6, (ap_q_mode)5, (ap_o_mode)3, 0>*, config16::weight_t*, config16::bias_t*)', Pragma conflict happens on 'INLINE' and DATAFLOW pragmas: Inline into dataflow region may break the canonical form (firmware/nnet_utils/nnet_dense.h:38:0)
WARNING: [HLS 214-273] In function 'void nnet::dense<ap_fixed<16, 6, (ap_q_mode)5, (ap_o_mode)3, 0>, ap_fixed<16, 6, (ap_q_mode)5, (ap_o_mode)3, 0>, config21>(ap_fixed<16, 6, (ap_q_mode)5, (ap_o_mode)3, 0>*, ap_fixed<16, 6, (ap_q_mode)5, (ap_o_mode)3, 0>*, config21::weight_t*, config21::bias_t*)', Pragma conflict happens on 'INLINE' and DATAFLOW pragmas: Inline into dataflow region may break the canonical form (firmware/nnet_utils/nnet_dense.h:38:0)
WARNING: [HLS 214-273] In function 'void nnet::dense<ap_ufixed<8, 0, (ap_q_mode)4, (ap_o_mode)0, 0>, ap_fixed<16, 6, (ap_q_mode)5, (ap_o_mode)3, 0>, config24>(ap_ufixed<8, 0, (ap_q_mode)4, (ap_o_mode)0, 0>*, ap_fixed<16, 6, (ap_q_mode)5, (ap_o_mode)3, 0>*, config24::weight_t*, config24::bias_t*)', Pragma conflict happens on 'INLINE' and DATAFLOW pragmas: Inline into dataflow region may break the canonical form (firmware/nnet_utils/nnet_dense.h:38:0)
WARNING: [HLS 214-273] In function 'void nnet::dense<ap_ufixed<8, 0, (ap_q_mode)4, (ap_o_mode)0, 0>, ap_fixed<16, 6, (ap_q_mode)5, (ap_o_mode)3, 0>, config27>(ap_ufixed<8, 0, (ap_q_mode)4, (ap_o_mode)0, 0>*, ap_fixed<16, 6, (ap_q_mode)5, (ap_o_mode)3, 0>*, config27::weight_t*, config27::bias_t*)', Pragma conflict happens on 'INLINE' and DATAFLOW pragmas: Inline into dataflow region may break the canonical form (firmware/nnet_utils/nnet_dense.h:38:0)
INFO: [HLS 214-131] Inlining function 'nnet::product::mult<ap_fixed<12, 1, (ap_q_mode)4, (ap_o_mode)0, 0>, ap_fixed<10, 1, (ap_q_mode)5, (ap_o_mode)3, 0> >::product(ap_fixed<12, 1, (ap_q_mode)4, (ap_o_mode)0, 0>, ap_fixed<10, 1, (ap_q_mode)5, (ap_o_mode)3, 0>)' into 'void nnet::conv_2d_resource_cl<ap_fixed<12, 1, (ap_q_mode)4, (ap_o_mode)0, 0>, ap_fixed<16, 6, (ap_q_mode)5, (ap_o_mode)3, 0>, config9>(ap_fixed<12, 1, (ap_q_mode)4, (ap_o_mode)0, 0>*, ap_fixed<16, 6, (ap_q_mode)5, (ap_o_mode)3, 0>*, config9::weight_t*, config9::bias_t*)' (firmware/nnet_utils/nnet_conv2d_resource.h:74:25)
INFO: [HLS 214-131] Inlining function 'std::enable_if<!(std::is_same<ap_fixed<16, 6, (ap_q_mode)5, (ap_o_mode)3, 0>, ap_uint<1> >::value), ap_fixed<16, 6, (ap_q_mode)5, (ap_o_mode)3, 0> >::type nnet::cast<ap_fixed<16, 6, (ap_q_mode)5, (ap_o_mode)3, 0>, ap_fixed<16, 6, (ap_q_mode)5, (ap_o_mode)3, 0>, config16>(config16::accum_t) (.43)' into 'void nnet::dense_resource_rf_gt_nin_rem0<ap_fixed<16, 6, (ap_q_mode)5, (ap_o_mode)3, 0>, ap_fixed<16, 6, (ap_q_mode)5, (ap_o_mode)3, 0>, config16>(ap_fixed<16, 6, (ap_q_mode)5, (ap_o_mode)3, 0>*, ap_fixed<16, 6, (ap_q_mode)5, (ap_o_mode)3, 0>*, config16::weight_t*, config16::bias_t*) (.42)' (firmware/nnet_utils/nnet_dense_resource.h:151:14)
INFO: [HLS 214-131] Inlining function 'nnet::product::mult<ap_fixed<16, 6, (ap_q_mode)5, (ap_o_mode)3, 0>, ap_fixed<10, 1, (ap_q_mode)5, (ap_o_mode)3, 0> >::product(ap_fixed<16, 6, (ap_q_mode)5, (ap_o_mode)3, 0>, ap_fixed<10, 1, (ap_q_mode)5, (ap_o_mode)3, 0>) (.37)' into 'void nnet::dense_resource_rf_gt_nin_rem0<ap_fixed<16, 6, (ap_q_mode)5, (ap_o_mode)3, 0>, ap_fixed<16, 6, (ap_q_mode)5, (ap_o_mode)3, 0>, config16>(ap_fixed<16, 6, (ap_q_mode)5, (ap_o_mode)3, 0>*, ap_fixed<16, 6, (ap_q_mode)5, (ap_o_mode)3, 0>*, config16::weight_t*, config16::bias_t*) (.42)' (firmware/nnet_utils/nnet_dense_resource.h:134:17)
INFO: [HLS 214-131] Inlining function 'void nnet::dense_resource_rf_gt_nin_rem0<ap_fixed<16, 6, (ap_q_mode)5, (ap_o_mode)3, 0>, ap_fixed<16, 6, (ap_q_mode)5, (ap_o_mode)3, 0>, config16>(ap_fixed<16, 6, (ap_q_mode)5, (ap_o_mode)3, 0>*, ap_fixed<16, 6, (ap_q_mode)5, (ap_o_mode)3, 0>*, config16::weight_t*, config16::bias_t*) (.42)' into 'void nnet::dense_resource<ap_fixed<16, 6, (ap_q_mode)5, (ap_o_mode)3, 0>, ap_fixed<16, 6, (ap_q_mode)5, (ap_o_mode)3, 0>, config16>(ap_fixed<16, 6, (ap_q_mode)5, (ap_o_mode)3, 0>*, ap_fixed<16, 6, (ap_q_mode)5, (ap_o_mode)3, 0>*, config16::weight_t*, config16::bias_t*)' (firmware/nnet_utils/nnet_dense_resource.h:242:9)
INFO: [HLS 214-131] Inlining function 'std::enable_if<!(std::is_same<ap_fixed<16, 6, (ap_q_mode)5, (ap_o_mode)3, 0>, ap_uint<1> >::value), ap_fixed<16, 6, (ap_q_mode)5, (ap_o_mode)3, 0> >::type nnet::cast<ap_fixed<16, 6, (ap_q_mode)5, (ap_o_mode)3, 0>, ap_fixed<16, 6, (ap_q_mode)5, (ap_o_mode)3, 0>, config21>(config21::accum_t) (.32)' into 'void nnet::dense_resource_rf_leq_nin<ap_fixed<16, 6, (ap_q_mode)5, (ap_o_mode)3, 0>, ap_fixed<16, 6, (ap_q_mode)5, (ap_o_mode)3, 0>, config21>(ap_fixed<16, 6, (ap_q_mode)5, (ap_o_mode)3, 0>*, ap_fixed<16, 6, (ap_q_mode)5, (ap_o_mode)3, 0>*, config21::weight_t*, config21::bias_t*) (.31)' (firmware/nnet_utils/nnet_dense_resource.h:76:14)
INFO: [HLS 214-131] Inlining function 'nnet::product::mult<ap_fixed<16, 6, (ap_q_mode)5, (ap_o_mode)3, 0>, ap_fixed<10, 1, (ap_q_mode)5, (ap_o_mode)3, 0> >::product(ap_fixed<16, 6, (ap_q_mode)5, (ap_o_mode)3, 0>, ap_fixed<10, 1, (ap_q_mode)5, (ap_o_mode)3, 0>) (.37)' into 'void nnet::dense_resource_rf_leq_nin<ap_fixed<16, 6, (ap_q_mode)5, (ap_o_mode)3, 0>, ap_fixed<16, 6, (ap_q_mode)5, (ap_o_mode)3, 0>, config21>(ap_fixed<16, 6, (ap_q_mode)5, (ap_o_mode)3, 0>*, ap_fixed<16, 6, (ap_q_mode)5, (ap_o_mode)3, 0>*, config21::weight_t*, config21::bias_t*) (.31)' (firmware/nnet_utils/nnet_dense_resource.h:54:17)
INFO: [HLS 214-131] Inlining function 'void nnet::dense_resource_rf_leq_nin<ap_fixed<16, 6, (ap_q_mode)5, (ap_o_mode)3, 0>, ap_fixed<16, 6, (ap_q_mode)5, (ap_o_mode)3, 0>, config21>(ap_fixed<16, 6, (ap_q_mode)5, (ap_o_mode)3, 0>*, ap_fixed<16, 6, (ap_q_mode)5, (ap_o_mode)3, 0>*, config21::weight_t*, config21::bias_t*) (.31)' into 'void nnet::dense_resource<ap_fixed<16, 6, (ap_q_mode)5, (ap_o_mode)3, 0>, ap_fixed<16, 6, (ap_q_mode)5, (ap_o_mode)3, 0>, config21>(ap_fixed<16, 6, (ap_q_mode)5, (ap_o_mode)3, 0>*, ap_fixed<16, 6, (ap_q_mode)5, (ap_o_mode)3, 0>*, config21::weight_t*, config21::bias_t*)' (firmware/nnet_utils/nnet_dense_resource.h:240:9)
INFO: [HLS 214-131] Inlining function 'std::enable_if<!(std::is_same<ap_ufixed<8, 0, (ap_q_mode)4, (ap_o_mode)0, 0>, ap_uint<1> >::value), ap_fixed<16, 6, (ap_q_mode)5, (ap_o_mode)3, 0> >::type nnet::cast<ap_ufixed<8, 0, (ap_q_mode)4, (ap_o_mode)0, 0>, ap_fixed<16, 6, (ap_q_mode)5, (ap_o_mode)3, 0>, config24>(config24::accum_t) (.30)' into 'void nnet::dense_resource_rf_leq_nin<ap_ufixed<8, 0, (ap_q_mode)4, (ap_o_mode)0, 0>, ap_fixed<16, 6, (ap_q_mode)5, (ap_o_mode)3, 0>, config24>(ap_ufixed<8, 0, (ap_q_mode)4, (ap_o_mode)0, 0>*, ap_fixed<16, 6, (ap_q_mode)5, (ap_o_mode)3, 0>*, config24::weight_t*, config24::bias_t*) (.29)' (firmware/nnet_utils/nnet_dense_resource.h:76:14)
INFO: [HLS 214-131] Inlining function 'nnet::product::mult<ap_ufixed<8, 0, (ap_q_mode)4, (ap_o_mode)0, 0>, ap_fixed<10, 1, (ap_q_mode)5, (ap_o_mode)3, 0> >::product(ap_ufixed<8, 0, (ap_q_mode)4, (ap_o_mode)0, 0>, ap_fixed<10, 1, (ap_q_mode)5, (ap_o_mode)3, 0>) (.20)' into 'void nnet::dense_resource_rf_leq_nin<ap_ufixed<8, 0, (ap_q_mode)4, (ap_o_mode)0, 0>, ap_fixed<16, 6, (ap_q_mode)5, (ap_o_mode)3, 0>, config24>(ap_ufixed<8, 0, (ap_q_mode)4, (ap_o_mode)0, 0>*, ap_fixed<16, 6, (ap_q_mode)5, (ap_o_mode)3, 0>*, config24::weight_t*, config24::bias_t*) (.29)' (firmware/nnet_utils/nnet_dense_resource.h:54:17)
INFO: [HLS 214-131] Inlining function 'void nnet::dense_resource_rf_leq_nin<ap_ufixed<8, 0, (ap_q_mode)4, (ap_o_mode)0, 0>, ap_fixed<16, 6, (ap_q_mode)5, (ap_o_mode)3, 0>, config24>(ap_ufixed<8, 0, (ap_q_mode)4, (ap_o_mode)0, 0>*, ap_fixed<16, 6, (ap_q_mode)5, (ap_o_mode)3, 0>*, config24::weight_t*, config24::bias_t*) (.29)' into 'void nnet::dense_resource<ap_ufixed<8, 0, (ap_q_mode)4, (ap_o_mode)0, 0>, ap_fixed<16, 6, (ap_q_mode)5, (ap_o_mode)3, 0>, config24>(ap_ufixed<8, 0, (ap_q_mode)4, (ap_o_mode)0, 0>*, ap_fixed<16, 6, (ap_q_mode)5, (ap_o_mode)3, 0>*, config24::weight_t*, config24::bias_t*)' (firmware/nnet_utils/nnet_dense_resource.h:240:9)
INFO: [HLS 214-131] Inlining function 'std::enable_if<!(std::is_same<ap_ufixed<8, 0, (ap_q_mode)4, (ap_o_mode)0, 0>, ap_uint<1> >::value), ap_fixed<16, 6, (ap_q_mode)5, (ap_o_mode)3, 0> >::type nnet::cast<ap_ufixed<8, 0, (ap_q_mode)4, (ap_o_mode)0, 0>, ap_fixed<16, 6, (ap_q_mode)5, (ap_o_mode)3, 0>, config27>(config27::accum_t) (.2)' into 'void nnet::dense_resource_rf_leq_nin<ap_ufixed<8, 0, (ap_q_mode)4, (ap_o_mode)0, 0>, ap_fixed<16, 6, (ap_q_mode)5, (ap_o_mode)3, 0>, config27>(ap_ufixed<8, 0, (ap_q_mode)4, (ap_o_mode)0, 0>*, ap_fixed<16, 6, (ap_q_mode)5, (ap_o_mode)3, 0>*, config27::weight_t*, config27::bias_t*) (.1)' (firmware/nnet_utils/nnet_dense_resource.h:76:14)
INFO: [HLS 214-131] Inlining function 'nnet::product::mult<ap_ufixed<8, 0, (ap_q_mode)4, (ap_o_mode)0, 0>, ap_fixed<10, 1, (ap_q_mode)5, (ap_o_mode)3, 0> >::product(ap_ufixed<8, 0, (ap_q_mode)4, (ap_o_mode)0, 0>, ap_fixed<10, 1, (ap_q_mode)5, (ap_o_mode)3, 0>) (.20)' into 'void nnet::dense_resource_rf_leq_nin<ap_ufixed<8, 0, (ap_q_mode)4, (ap_o_mode)0, 0>, ap_fixed<16, 6, (ap_q_mode)5, (ap_o_mode)3, 0>, config27>(ap_ufixed<8, 0, (ap_q_mode)4, (ap_o_mode)0, 0>*, ap_fixed<16, 6, (ap_q_mode)5, (ap_o_mode)3, 0>*, config27::weight_t*, config27::bias_t*) (.1)' (firmware/nnet_utils/nnet_dense_resource.h:54:17)
INFO: [HLS 214-131] Inlining function 'void nnet::dense_resource_rf_leq_nin<ap_ufixed<8, 0, (ap_q_mode)4, (ap_o_mode)0, 0>, ap_fixed<16, 6, (ap_q_mode)5, (ap_o_mode)3, 0>, config27>(ap_ufixed<8, 0, (ap_q_mode)4, (ap_o_mode)0, 0>*, ap_fixed<16, 6, (ap_q_mode)5, (ap_o_mode)3, 0>*, config27::weight_t*, config27::bias_t*) (.1)' into 'void nnet::dense_resource<ap_ufixed<8, 0, (ap_q_mode)4, (ap_o_mode)0, 0>, ap_fixed<16, 6, (ap_q_mode)5, (ap_o_mode)3, 0>, config27>(ap_ufixed<8, 0, (ap_q_mode)4, (ap_o_mode)0, 0>*, ap_fixed<16, 6, (ap_q_mode)5, (ap_o_mode)3, 0>*, config27::weight_t*, config27::bias_t*)' (firmware/nnet_utils/nnet_dense_resource.h:240:9)
INFO: [HLS 214-131] Inlining function 'void nnet::dense<ap_fixed<16, 6, (ap_q_mode)5, (ap_o_mode)3, 0>, ap_fixed<16, 6, (ap_q_mode)5, (ap_o_mode)3, 0>, config16>(ap_fixed<16, 6, (ap_q_mode)5, (ap_o_mode)3, 0>*, ap_fixed<16, 6, (ap_q_mode)5, (ap_o_mode)3, 0>*, config16::weight_t*, config16::bias_t*)' into 'myproject(ap_fixed<16, 6, (ap_q_mode)5, (ap_o_mode)3, 0>*, ap_fixed<16, 6, (ap_q_mode)5, (ap_o_mode)3, 0>*, ap_fixed<16, 6, (ap_q_mode)5, (ap_o_mode)3, 0>*, ap_fixed<16, 6, (ap_q_mode)5, (ap_o_mode)3, 0>*, ap_ufixed<8, 0, (ap_q_mode)4, (ap_o_mode)0, 0>*, ap_fixed<10, 1, (ap_q_mode)5, (ap_o_mode)3, 0>*, ap_fixed<10, 1, (ap_q_mode)5, (ap_o_mode)3, 0>*, ap_fixed<10, 1, (ap_q_mode)5, (ap_o_mode)3, 0>*, ap_fixed<10, 1, (ap_q_mode)5, (ap_o_mode)3, 0>*, ap_fixed<10, 1, (ap_q_mode)5, (ap_o_mode)3, 0>*, ap_fixed<10, 1, (ap_q_mode)5, (ap_o_mode)3, 0>*, ap_fixed<10, 1, (ap_q_mode)5, (ap_o_mode)3, 0>*, ap_fixed<10, 1, (ap_q_mode)5, (ap_o_mode)3, 0>*, ap_fixed<10, 1, (ap_q_mode)5, (ap_o_mode)3, 0>*, ap_fixed<10, 1, (ap_q_mode)5, (ap_o_mode)3, 0>*)' (firmware/myproject.cpp:93:2)
INFO: [HLS 214-131] Inlining function 'void nnet::dense<ap_fixed<16, 6, (ap_q_mode)5, (ap_o_mode)3, 0>, ap_fixed<16, 6, (ap_q_mode)5, (ap_o_mode)3, 0>, config21>(ap_fixed<16, 6, (ap_q_mode)5, (ap_o_mode)3, 0>*, ap_fixed<16, 6, (ap_q_mode)5, (ap_o_mode)3, 0>*, config21::weight_t*, config21::bias_t*)' into 'myproject(ap_fixed<16, 6, (ap_q_mode)5, (ap_o_mode)3, 0>*, ap_fixed<16, 6, (ap_q_mode)5, (ap_o_mode)3, 0>*, ap_fixed<16, 6, (ap_q_mode)5, (ap_o_mode)3, 0>*, ap_fixed<16, 6, (ap_q_mode)5, (ap_o_mode)3, 0>*, ap_ufixed<8, 0, (ap_q_mode)4, (ap_o_mode)0, 0>*, ap_fixed<10, 1, (ap_q_mode)5, (ap_o_mode)3, 0>*, ap_fixed<10, 1, (ap_q_mode)5, (ap_o_mode)3, 0>*, ap_fixed<10, 1, (ap_q_mode)5, (ap_o_mode)3, 0>*, ap_fixed<10, 1, (ap_q_mode)5, (ap_o_mode)3, 0>*, ap_fixed<10, 1, (ap_q_mode)5, (ap_o_mode)3, 0>*, ap_fixed<10, 1, (ap_q_mode)5, (ap_o_mode)3, 0>*, ap_fixed<10, 1, (ap_q_mode)5, (ap_o_mode)3, 0>*, ap_fixed<10, 1, (ap_q_mode)5, (ap_o_mode)3, 0>*, ap_fixed<10, 1, (ap_q_mode)5, (ap_o_mode)3, 0>*, ap_fixed<10, 1, (ap_q_mode)5, (ap_o_mode)3, 0>*)' (firmware/myproject.cpp:106:2)
INFO: [HLS 214-131] Inlining function 'void nnet::dense<ap_ufixed<8, 0, (ap_q_mode)4, (ap_o_mode)0, 0>, ap_fixed<16, 6, (ap_q_mode)5, (ap_o_mode)3, 0>, config24>(ap_ufixed<8, 0, (ap_q_mode)4, (ap_o_mode)0, 0>*, ap_fixed<16, 6, (ap_q_mode)5, (ap_o_mode)3, 0>*, config24::weight_t*, config24::bias_t*)' into 'myproject(ap_fixed<16, 6, (ap_q_mode)5, (ap_o_mode)3, 0>*, ap_fixed<16, 6, (ap_q_mode)5, (ap_o_mode)3, 0>*, ap_fixed<16, 6, (ap_q_mode)5, (ap_o_mode)3, 0>*, ap_fixed<16, 6, (ap_q_mode)5, (ap_o_mode)3, 0>*, ap_ufixed<8, 0, (ap_q_mode)4, (ap_o_mode)0, 0>*, ap_fixed<10, 1, (ap_q_mode)5, (ap_o_mode)3, 0>*, ap_fixed<10, 1, (ap_q_mode)5, (ap_o_mode)3, 0>*, ap_fixed<10, 1, (ap_q_mode)5, (ap_o_mode)3, 0>*, ap_fixed<10, 1, (ap_q_mode)5, (ap_o_mode)3, 0>*, ap_fixed<10, 1, (ap_q_mode)5, (ap_o_mode)3, 0>*, ap_fixed<10, 1, (ap_q_mode)5, (ap_o_mode)3, 0>*, ap_fixed<10, 1, (ap_q_mode)5, (ap_o_mode)3, 0>*, ap_fixed<10, 1, (ap_q_mode)5, (ap_o_mode)3, 0>*, ap_fixed<10, 1, (ap_q_mode)5, (ap_o_mode)3, 0>*, ap_fixed<10, 1, (ap_q_mode)5, (ap_o_mode)3, 0>*)' (firmware/myproject.cpp:114:2)
INFO: [HLS 214-131] Inlining function 'void nnet::dense<ap_ufixed<8, 0, (ap_q_mode)4, (ap_o_mode)0, 0>, ap_fixed<16, 6, (ap_q_mode)5, (ap_o_mode)3, 0>, config27>(ap_ufixed<8, 0, (ap_q_mode)4, (ap_o_mode)0, 0>*, ap_fixed<16, 6, (ap_q_mode)5, (ap_o_mode)3, 0>*, config27::weight_t*, config27::bias_t*)' into 'myproject(ap_fixed<16, 6, (ap_q_mode)5, (ap_o_mode)3, 0>*, ap_fixed<16, 6, (ap_q_mode)5, (ap_o_mode)3, 0>*, ap_fixed<16, 6, (ap_q_mode)5, (ap_o_mode)3, 0>*, ap_fixed<16, 6, (ap_q_mode)5, (ap_o_mode)3, 0>*, ap_ufixed<8, 0, (ap_q_mode)4, (ap_o_mode)0, 0>*, ap_fixed<10, 1, (ap_q_mode)5, (ap_o_mode)3, 0>*, ap_fixed<10, 1, (ap_q_mode)5, (ap_o_mode)3, 0>*, ap_fixed<10, 1, (ap_q_mode)5, (ap_o_mode)3, 0>*, ap_fixed<10, 1, (ap_q_mode)5, (ap_o_mode)3, 0>*, ap_fixed<10, 1, (ap_q_mode)5, (ap_o_mode)3, 0>*, ap_fixed<10, 1, (ap_q_mode)5, (ap_o_mode)3, 0>*, ap_fixed<10, 1, (ap_q_mode)5, (ap_o_mode)3, 0>*, ap_fixed<10, 1, (ap_q_mode)5, (ap_o_mode)3, 0>*, ap_fixed<10, 1, (ap_q_mode)5, (ap_o_mode)3, 0>*, ap_fixed<10, 1, (ap_q_mode)5, (ap_o_mode)3, 0>*)' (firmware/myproject.cpp:122:2)
INFO: [HLS 214-291] Loop 'VITIS_LOOP_451_1' is marked as complete unroll implied by the pipeline pragma (firmware/nnet_utils/nnet_activation.h:451:20)
INFO: [HLS 214-291] Loop 'MultLoop' is marked as complete unroll implied by the pipeline pragma (firmware/nnet_utils/nnet_dense_resource.h:50:9)
INFO: [HLS 214-291] Loop 'VITIS_LOOP_43_1' is marked as complete unroll implied by the pipeline pragma (firmware/nnet_utils/nnet_activation.h:43:22)
INFO: [HLS 214-291] Loop 'VITIS_LOOP_122_2' is marked as complete unroll implied by the pipeline pragma (firmware/nnet_utils/nnet_merge.h:122:23)
INFO: [HLS 214-291] Loop 'VITIS_LOOP_119_1' is marked as complete unroll implied by the pipeline pragma (firmware/nnet_utils/nnet_merge.h:119:20)
INFO: [HLS 214-291] Loop 'MultLoop' is marked as complete unroll implied by the pipeline pragma (firmware/nnet_utils/nnet_dense_resource.h:130:9)
INFO: [HLS 214-291] Loop 'VITIS_LOOP_211_1' is marked as complete unroll implied by the pipeline pragma (firmware/nnet_utils/nnet_pooling.h:211:23)
INFO: [HLS 214-291] Loop 'VITIS_LOOP_213_2' is marked as complete unroll implied by the pipeline pragma (firmware/nnet_utils/nnet_pooling.h:213:27)
INFO: [HLS 214-291] Loop 'VITIS_LOOP_215_3' is marked as complete unroll implied by the pipeline pragma (firmware/nnet_utils/nnet_pooling.h:215:31)
INFO: [HLS 214-291] Loop 'VITIS_LOOP_220_4' is marked as complete unroll implied by the pipeline pragma (firmware/nnet_utils/nnet_pooling.h:220:35)
INFO: [HLS 214-291] Loop 'VITIS_LOOP_222_5' is marked as complete unroll implied by the pipeline pragma (firmware/nnet_utils/nnet_pooling.h:222:39)
INFO: [HLS 214-291] Loop 'VITIS_LOOP_13_1' is marked as complete unroll implied by the pipeline pragma (firmware/nnet_utils/nnet_pooling.h:13:22)
INFO: [HLS 214-291] Loop 'VITIS_LOOP_31_1' is marked as complete unroll implied by the pipeline pragma (firmware/nnet_utils/nnet_activation.h:31:19)
INFO: [HLS 214-291] Loop 'MultLoop' is marked as complete unroll implied by the pipeline pragma (firmware/nnet_utils/nnet_conv2d_resource.h:66:13)
INFO: [HLS 214-291] Loop 'PixelMultLoop' is marked as complete unroll implied by the pipeline pragma (firmware/nnet_utils/nnet_conv2d_resource.h:70:17)
INFO: [HLS 214-186] Unrolling loop 'VITIS_LOOP_451_1' (firmware/nnet_utils/nnet_activation.h:451:20) in function 'nnet::hard_sigmoid<ap_fixed<16, 6, (ap_q_mode)5, (ap_o_mode)3, 0>, ap_ufixed<8, 0, (ap_q_mode)4, (ap_o_mode)0, 0>, hard_sigmoid_config29>' completely with a factor of 1 (firmware/nnet_utils/nnet_activation.h:448:0)
INFO: [HLS 214-186] Unrolling loop 'Result' (firmware/nnet_utils/nnet_dense_resource.h:74:5) in function 'nnet::dense_resource<ap_ufixed<8, 0, (ap_q_mode)4, (ap_o_mode)0, 0>, ap_fixed<16, 6, (ap_q_mode)5, (ap_o_mode)3, 0>, config27>' completely with a factor of 1 (firmware/nnet_utils/nnet_dense_resource.h:235:0)
INFO: [HLS 214-186] Unrolling loop 'MultLoop' (firmware/nnet_utils/nnet_dense_resource.h:50:9) in function 'nnet::dense_resource<ap_ufixed<8, 0, (ap_q_mode)4, (ap_o_mode)0, 0>, ap_fixed<16, 6, (ap_q_mode)5, (ap_o_mode)3, 0>, config27>' completely with a factor of 2 (firmware/nnet_utils/nnet_dense_resource.h:235:0)
INFO: [HLS 214-186] Unrolling loop 'InitAccum' (firmware/nnet_utils/nnet_dense_resource.h:36:5) in function 'nnet::dense_resource<ap_ufixed<8, 0, (ap_q_mode)4, (ap_o_mode)0, 0>, ap_fixed<16, 6, (ap_q_mode)5, (ap_o_mode)3, 0>, config27>' completely with a factor of 1 (firmware/nnet_utils/nnet_dense_resource.h:235:0)
INFO: [HLS 214-186] Unrolling loop 'VITIS_LOOP_43_1' (firmware/nnet_utils/nnet_activation.h:43:22) in function 'nnet::relu<ap_fixed<16, 6, (ap_q_mode)5, (ap_o_mode)3, 0>, ap_ufixed<8, 0, (ap_q_mode)4, (ap_o_mode)0, 0>, relu_config26>' completely with a factor of 58 (firmware/nnet_utils/nnet_activation.h:39:0)
INFO: [HLS 214-186] Unrolling loop 'Result' (firmware/nnet_utils/nnet_dense_resource.h:74:5) in function 'nnet::dense_resource<ap_ufixed<8, 0, (ap_q_mode)4, (ap_o_mode)0, 0>, ap_fixed<16, 6, (ap_q_mode)5, (ap_o_mode)3, 0>, config24>' completely with a factor of 58 (firmware/nnet_utils/nnet_dense_resource.h:235:0)
INFO: [HLS 214-186] Unrolling loop 'MultLoop' (firmware/nnet_utils/nnet_dense_resource.h:50:9) in function 'nnet::dense_resource<ap_ufixed<8, 0, (ap_q_mode)4, (ap_o_mode)0, 0>, ap_fixed<16, 6, (ap_q_mode)5, (ap_o_mode)3, 0>, config24>' completely with a factor of 232 (firmware/nnet_utils/nnet_dense_resource.h:235:0)
INFO: [HLS 214-186] Unrolling loop 'InitAccum' (firmware/nnet_utils/nnet_dense_resource.h:36:5) in function 'nnet::dense_resource<ap_ufixed<8, 0, (ap_q_mode)4, (ap_o_mode)0, 0>, ap_fixed<16, 6, (ap_q_mode)5, (ap_o_mode)3, 0>, config24>' completely with a factor of 58 (firmware/nnet_utils/nnet_dense_resource.h:235:0)
INFO: [HLS 214-186] Unrolling loop 'VITIS_LOOP_43_1' (firmware/nnet_utils/nnet_activation.h:43:22) in function 'nnet::relu<ap_fixed<16, 6, (ap_q_mode)5, (ap_o_mode)3, 0>, ap_ufixed<8, 0, (ap_q_mode)4, (ap_o_mode)0, 0>, relu_config23>' completely with a factor of 72 (firmware/nnet_utils/nnet_activation.h:39:0)
INFO: [HLS 214-186] Unrolling loop 'Result' (firmware/nnet_utils/nnet_dense_resource.h:74:5) in function 'nnet::dense_resource<ap_fixed<16, 6, (ap_q_mode)5, (ap_o_mode)3, 0>, ap_fixed<16, 6, (ap_q_mode)5, (ap_o_mode)3, 0>, config21>' completely with a factor of 72 (firmware/nnet_utils/nnet_dense_resource.h:235:0)
INFO: [HLS 214-186] Unrolling loop 'MultLoop' (firmware/nnet_utils/nnet_dense_resource.h:50:9) in function 'nnet::dense_resource<ap_fixed<16, 6, (ap_q_mode)5, (ap_o_mode)3, 0>, ap_fixed<16, 6, (ap_q_mode)5, (ap_o_mode)3, 0>, config21>' completely with a factor of 576 (firmware/nnet_utils/nnet_dense_resource.h:235:0)
INFO: [HLS 214-186] Unrolling loop 'InitAccum' (firmware/nnet_utils/nnet_dense_resource.h:36:5) in function 'nnet::dense_resource<ap_fixed<16, 6, (ap_q_mode)5, (ap_o_mode)3, 0>, ap_fixed<16, 6, (ap_q_mode)5, (ap_o_mode)3, 0>, config21>' completely with a factor of 72 (firmware/nnet_utils/nnet_dense_resource.h:235:0)
INFO: [HLS 214-186] Unrolling loop 'VITIS_LOOP_122_2' (firmware/nnet_utils/nnet_merge.h:122:23) in function 'nnet::concatenate1d<ap_fixed<16, 6, (ap_q_mode)5, (ap_o_mode)3, 0>, ap_ufixed<8, 0, (ap_q_mode)4, (ap_o_mode)0, 0>, ap_fixed<16, 6, (ap_q_mode)5, (ap_o_mode)3, 0>, config20>' completely with a factor of 16 (firmware/nnet_utils/nnet_merge.h:116:0)
INFO: [HLS 214-186] Unrolling loop 'VITIS_LOOP_119_1' (firmware/nnet_utils/nnet_merge.h:119:20) in function 'nnet::concatenate1d<ap_fixed<16, 6, (ap_q_mode)5, (ap_o_mode)3, 0>, ap_ufixed<8, 0, (ap_q_mode)4, (ap_o_mode)0, 0>, ap_fixed<16, 6, (ap_q_mode)5, (ap_o_mode)3, 0>, config20>' completely with a factor of 120 (firmware/nnet_utils/nnet_merge.h:116:0)
INFO: [HLS 214-186] Unrolling loop 'VITIS_LOOP_43_1' (firmware/nnet_utils/nnet_activation.h:43:22) in function 'nnet::relu<ap_fixed<16, 6, (ap_q_mode)5, (ap_o_mode)3, 0>, ap_ufixed<8, 0, (ap_q_mode)4, (ap_o_mode)0, 0>, relu_config19>' completely with a factor of 16 (firmware/nnet_utils/nnet_activation.h:39:0)
INFO: [HLS 214-186] Unrolling loop 'Result' (firmware/nnet_utils/nnet_dense_resource.h:149:5) in function 'nnet::dense_resource<ap_fixed<16, 6, (ap_q_mode)5, (ap_o_mode)3, 0>, ap_fixed<16, 6, (ap_q_mode)5, (ap_o_mode)3, 0>, config16>' completely with a factor of 16 (firmware/nnet_utils/nnet_dense_resource.h:235:0)
INFO: [HLS 214-186] Unrolling loop 'MultLoop' (firmware/nnet_utils/nnet_dense_resource.h:130:9) in function 'nnet::dense_resource<ap_fixed<16, 6, (ap_q_mode)5, (ap_o_mode)3, 0>, ap_fixed<16, 6, (ap_q_mode)5, (ap_o_mode)3, 0>, config16>' completely with a factor of 4 (firmware/nnet_utils/nnet_dense_resource.h:235:0)
INFO: [HLS 214-186] Unrolling loop 'InitAccum' (firmware/nnet_utils/nnet_dense_resource.h:104:5) in function 'nnet::dense_resource<ap_fixed<16, 6, (ap_q_mode)5, (ap_o_mode)3, 0>, ap_fixed<16, 6, (ap_q_mode)5, (ap_o_mode)3, 0>, config16>' completely with a factor of 16 (firmware/nnet_utils/nnet_dense_resource.h:235:0)
INFO: [HLS 214-186] Unrolling loop 'VITIS_LOOP_211_1' (firmware/nnet_utils/nnet_pooling.h:211:23) in function 'nnet::pooling2d_cl<ap_ufixed<8, 0, (ap_q_mode)4, (ap_o_mode)0, 0>, ap_fixed<16, 6, (ap_q_mode)5, (ap_o_mode)3, 0>, config15>' completely with a factor of 2 (firmware/nnet_utils/nnet_pooling.h:196:0)
INFO: [HLS 214-186] Unrolling loop 'VITIS_LOOP_213_2' (firmware/nnet_utils/nnet_pooling.h:213:27) in function 'nnet::pooling2d_cl<ap_ufixed<8, 0, (ap_q_mode)4, (ap_o_mode)0, 0>, ap_fixed<16, 6, (ap_q_mode)5, (ap_o_mode)3, 0>, config15>' completely with a factor of 6 (firmware/nnet_utils/nnet_pooling.h:196:0)
INFO: [HLS 214-186] Unrolling loop 'VITIS_LOOP_215_3' (firmware/nnet_utils/nnet_pooling.h:215:31) in function 'nnet::pooling2d_cl<ap_ufixed<8, 0, (ap_q_mode)4, (ap_o_mode)0, 0>, ap_fixed<16, 6, (ap_q_mode)5, (ap_o_mode)3, 0>, config15>' completely with a factor of 10 (firmware/nnet_utils/nnet_pooling.h:196:0)
INFO: [HLS 214-186] Unrolling loop 'VITIS_LOOP_220_4' (firmware/nnet_utils/nnet_pooling.h:220:35) in function 'nnet::pooling2d_cl<ap_ufixed<8, 0, (ap_q_mode)4, (ap_o_mode)0, 0>, ap_fixed<16, 6, (ap_q_mode)5, (ap_o_mode)3, 0>, config15>' completely with a factor of 2 (firmware/nnet_utils/nnet_pooling.h:196:0)
INFO: [HLS 214-186] Unrolling loop 'VITIS_LOOP_222_5' (firmware/nnet_utils/nnet_pooling.h:222:39) in function 'nnet::pooling2d_cl<ap_ufixed<8, 0, (ap_q_mode)4, (ap_o_mode)0, 0>, ap_fixed<16, 6, (ap_q_mode)5, (ap_o_mode)3, 0>, config15>' completely with a factor of 2 (firmware/nnet_utils/nnet_pooling.h:196:0)
INFO: [HLS 214-186] Unrolling loop 'VITIS_LOOP_13_1' (firmware/nnet_utils/nnet_pooling.h:13:22) in function 'nnet::max<ap_ufixed<8, 0, (ap_q_mode)4, (ap_o_mode)0, 0>, 4>' completely with a factor of 3 (firmware/nnet_utils/nnet_pooling.h:11:0)
INFO: [HLS 214-186] Unrolling loop 'VITIS_LOOP_122_2' (firmware/nnet_utils/nnet_merge.h:122:23) in function 'nnet::concatenate1d<ap_fixed<16, 6, (ap_q_mode)5, (ap_o_mode)3, 0>, ap_fixed<12, 1, (ap_q_mode)4, (ap_o_mode)0, 0>, ap_fixed<16, 6, (ap_q_mode)5, (ap_o_mode)3, 0>, config14>' completely with a factor of 1 (firmware/nnet_utils/nnet_merge.h:116:0)
INFO: [HLS 214-186] Unrolling loop 'VITIS_LOOP_119_1' (firmware/nnet_utils/nnet_merge.h:119:20) in function 'nnet::concatenate1d<ap_fixed<16, 6, (ap_q_mode)5, (ap_o_mode)3, 0>, ap_fixed<12, 1, (ap_q_mode)4, (ap_o_mode)0, 0>, ap_fixed<16, 6, (ap_q_mode)5, (ap_o_mode)3, 0>, config14>' completely with a factor of 2 (firmware/nnet_utils/nnet_merge.h:116:0)
INFO: [HLS 214-186] Unrolling loop 'VITIS_LOOP_43_1' (firmware/nnet_utils/nnet_activation.h:43:22) in function 'nnet::relu<ap_fixed<16, 6, (ap_q_mode)5, (ap_o_mode)3, 0>, ap_ufixed<8, 0, (ap_q_mode)4, (ap_o_mode)0, 0>, relu_config13>' completely with a factor of 546 (firmware/nnet_utils/nnet_activation.h:39:0)
INFO: [HLS 214-186] Unrolling loop 'VITIS_LOOP_31_1' (firmware/nnet_utils/nnet_activation.h:31:19) in function 'nnet::linear<ap_fixed<16, 6, (ap_q_mode)5, (ap_o_mode)3, 0>, ap_fixed<12, 1, (ap_q_mode)4, (ap_o_mode)0, 0>, linear_config12>' completely with a factor of 1 (firmware/nnet_utils/nnet_activation.h:28:0)
INFO: [HLS 214-186] Unrolling loop 'VITIS_LOOP_122_2' (firmware/nnet_utils/nnet_merge.h:122:23) in function 'nnet::concatenate1d<ap_fixed<12, 1, (ap_q_mode)4, (ap_o_mode)0, 0>, ap_fixed<12, 1, (ap_q_mode)4, (ap_o_mode)0, 0>, ap_fixed<16, 6, (ap_q_mode)5, (ap_o_mode)3, 0>, config11>' completely with a factor of 1 (firmware/nnet_utils/nnet_merge.h:116:0)
INFO: [HLS 214-186] Unrolling loop 'VITIS_LOOP_119_1' (firmware/nnet_utils/nnet_merge.h:119:20) in function 'nnet::concatenate1d<ap_fixed<12, 1, (ap_q_mode)4, (ap_o_mode)0, 0>, ap_fixed<12, 1, (ap_q_mode)4, (ap_o_mode)0, 0>, ap_fixed<16, 6, (ap_q_mode)5, (ap_o_mode)3, 0>, config11>' completely with a factor of 1 (firmware/nnet_utils/nnet_merge.h:116:0)
INFO: [HLS 214-186] Unrolling loop 'PixelInitAccumLoop' (firmware/nnet_utils/nnet_conv2d_resource.h:47:9) in function 'nnet::conv_2d_resource_cl<ap_fixed<12, 1, (ap_q_mode)4, (ap_o_mode)0, 0>, ap_fixed<16, 6, (ap_q_mode)5, (ap_o_mode)3, 0>, config9>' completely with a factor of 1 (firmware/nnet_utils/nnet_conv2d_resource.h:14:0)
INFO: [HLS 214-186] Unrolling loop 'InitAccumLoop' (firmware/nnet_utils/nnet_conv2d_resource.h:51:13) in function 'nnet::conv_2d_resource_cl<ap_fixed<12, 1, (ap_q_mode)4, (ap_o_mode)0, 0>, ap_fixed<16, 6, (ap_q_mode)5, (ap_o_mode)3, 0>, config9>' completely with a factor of 2 (firmware/nnet_utils/nnet_conv2d_resource.h:14:0)
INFO: [HLS 214-186] Unrolling loop 'MultLoop' (firmware/nnet_utils/nnet_conv2d_resource.h:66:13) in function 'nnet::conv_2d_resource_cl<ap_fixed<12, 1, (ap_q_mode)4, (ap_o_mode)0, 0>, ap_fixed<16, 6, (ap_q_mode)5, (ap_o_mode)3, 0>, config9>' completely with a factor of 1 (firmware/nnet_utils/nnet_conv2d_resource.h:14:0)
INFO: [HLS 214-186] Unrolling loop 'PixelMultLoop' (firmware/nnet_utils/nnet_conv2d_resource.h:70:17) in function 'nnet::conv_2d_resource_cl<ap_fixed<12, 1, (ap_q_mode)4, (ap_o_mode)0, 0>, ap_fixed<16, 6, (ap_q_mode)5, (ap_o_mode)3, 0>, config9>' completely with a factor of 1 (firmware/nnet_utils/nnet_conv2d_resource.h:14:0)
INFO: [HLS 214-186] Unrolling loop 'PixelResultLoop' (firmware/nnet_utils/nnet_conv2d_resource.h:94:9) in function 'nnet::conv_2d_resource_cl<ap_fixed<12, 1, (ap_q_mode)4, (ap_o_mode)0, 0>, ap_fixed<16, 6, (ap_q_mode)5, (ap_o_mode)3, 0>, config9>' completely with a factor of 1 (firmware/nnet_utils/nnet_conv2d_resource.h:14:0)
INFO: [HLS 214-186] Unrolling loop 'ResultLoop' (firmware/nnet_utils/nnet_conv2d_resource.h:98:13) in function 'nnet::conv_2d_resource_cl<ap_fixed<12, 1, (ap_q_mode)4, (ap_o_mode)0, 0>, ap_fixed<16, 6, (ap_q_mode)5, (ap_o_mode)3, 0>, config9>' completely with a factor of 2 (firmware/nnet_utils/nnet_conv2d_resource.h:14:0)
INFO: [HLS 214-186] Unrolling loop 'VITIS_LOOP_31_1' (firmware/nnet_utils/nnet_activation.h:31:19) in function 'nnet::linear<ap_fixed<16, 6, (ap_q_mode)5, (ap_o_mode)3, 0>, ap_fixed<12, 1, (ap_q_mode)4, (ap_o_mode)0, 0>, linear_config7>' completely with a factor of 1 (firmware/nnet_utils/nnet_activation.h:28:0)
INFO: [HLS 214-186] Unrolling loop 'VITIS_LOOP_31_1' (firmware/nnet_utils/nnet_activation.h:31:19) in function 'nnet::linear<ap_fixed<16, 6, (ap_q_mode)5, (ap_o_mode)3, 0>, ap_fixed<12, 1, (ap_q_mode)4, (ap_o_mode)0, 0>, linear_config6>' completely with a factor of 1 (firmware/nnet_utils/nnet_activation.h:28:0)
INFO: [HLS 214-186] Unrolling loop 'VITIS_LOOP_31_1' (firmware/nnet_utils/nnet_activation.h:31:19) in function 'nnet::linear<ap_fixed<16, 6, (ap_q_mode)5, (ap_o_mode)3, 0>, ap_fixed<12, 1, (ap_q_mode)4, (ap_o_mode)0, 0>, linear_config2>' completely with a factor of 273 (firmware/nnet_utils/nnet_activation.h:28:0)
INFO: [HLS 214-178] Inlining function 'std::enable_if<!(std::is_same<ap_fixed<12, 1, (ap_q_mode)4, (ap_o_mode)0, 0>, ap_uint<1> >::value), ap_fixed<16, 6, (ap_q_mode)5, (ap_o_mode)3, 0> >::type nnet::cast<ap_fixed<12, 1, (ap_q_mode)4, (ap_o_mode)0, 0>, ap_fixed<16, 6, (ap_q_mode)5, (ap_o_mode)3, 0>, config9_mult>(config9_mult::accum_t)' into 'void nnet::conv_2d_resource_cl<ap_fixed<12, 1, (ap_q_mode)4, (ap_o_mode)0, 0>, ap_fixed<16, 6, (ap_q_mode)5, (ap_o_mode)3, 0>, config9>(ap_fixed<12, 1, (ap_q_mode)4, (ap_o_mode)0, 0>*, ap_fixed<16, 6, (ap_q_mode)5, (ap_o_mode)3, 0>*, config9::weight_t*, config9::bias_t*)' (firmware/nnet_utils/nnet_conv2d_resource.h:14:0)
INFO: [HLS 214-178] Inlining function 'void nnet::conv_2d_resource_cl<ap_fixed<12, 1, (ap_q_mode)4, (ap_o_mode)0, 0>, ap_fixed<16, 6, (ap_q_mode)5, (ap_o_mode)3, 0>, config9>(ap_fixed<12, 1, (ap_q_mode)4, (ap_o_mode)0, 0>*, ap_fixed<16, 6, (ap_q_mode)5, (ap_o_mode)3, 0>*, config9::weight_t*, config9::bias_t*)' into 'void nnet::conv_2d_cl<ap_fixed<12, 1, (ap_q_mode)4, (ap_o_mode)0, 0>, ap_fixed<16, 6, (ap_q_mode)5, (ap_o_mode)3, 0>, config9>(ap_fixed<12, 1, (ap_q_mode)4, (ap_o_mode)0, 0>*, ap_fixed<16, 6, (ap_q_mode)5, (ap_o_mode)3, 0>*, config9::weight_t*, config9::bias_t*)' (firmware/nnet_utils/nnet_conv2d.h:46:0)
INFO: [HLS 214-178] Inlining function 'ap_ufixed<8, 0, (ap_q_mode)4, (ap_o_mode)0, 0> nnet::max<ap_ufixed<8, 0, (ap_q_mode)4, (ap_o_mode)0, 0>, 4>(ap_ufixed<8, 0, (ap_q_mode)4, (ap_o_mode)0, 0>*)' into 'ap_ufixed<8, 0, (ap_q_mode)4, (ap_o_mode)0, 0> nnet::pool_op<ap_ufixed<8, 0, (ap_q_mode)4, (ap_o_mode)0, 0>, 4, (nnet::Pool_Op)0>(ap_ufixed<8, 0, (ap_q_mode)4, (ap_o_mode)0, 0> (&) [4])' (firmware/nnet_utils/nnet_pooling.h:55:0)
WARNING: [HLS 214-167] The program may have out of bound array access on variable 'data_buf.i' (firmware/nnet_utils/nnet_mult.h:70:29)
WARNING: [HLS 214-167] The program may have out of bound array access on variable 'weights' (firmware/nnet_utils/nnet_mult.h:70:36)
INFO: [HLS 214-248] Applying array_partition to 'data_buf.i': Complete partitioning on dimension 1. Complete partitioning on dimension 2. (firmware/nnet_utils/nnet_conv2d_resource.h:32:12)
INFO: [HLS 214-248] Applying array_partition to 'acc.i': Complete partitioning on dimension 1. (firmware/nnet_utils/nnet_dense_resource.h:100:29)
INFO: [HLS 214-248] Applying array_partition to 'layer2_out': Complete partitioning on dimension 1. (firmware/myproject.cpp:54:11)
INFO: [HLS 214-248] Applying array_partition to 'layer6_out': Complete partitioning on dimension 1. (firmware/myproject.cpp:59:14)
INFO: [HLS 214-248] Applying array_partition to 'layer7_out': Complete partitioning on dimension 1. (firmware/myproject.cpp:63:14)
INFO: [HLS 214-248] Applying array_partition to 'layer9_out': Complete partitioning on dimension 1. (firmware/myproject.cpp:67:14)
INFO: [HLS 214-248] Applying array_partition to 'layer11_out': Complete partitioning on dimension 1. (firmware/myproject.cpp:71:15)
INFO: [HLS 214-248] Applying array_partition to 'layer12_out': Complete partitioning on dimension 1. (firmware/myproject.cpp:75:15)
INFO: [HLS 214-248] Applying array_partition to 'layer13_out': Complete partitioning on dimension 1. (firmware/myproject.cpp:79:15)
INFO: [HLS 214-248] Applying array_partition to 'layer14_out': Complete partitioning on dimension 1. (firmware/myproject.cpp:83:15)
INFO: [HLS 214-248] Applying array_partition to 'layer15_out': Complete partitioning on dimension 1. (firmware/myproject.cpp:87:15)
INFO: [HLS 214-248] Applying array_partition to 'layer16_out': Complete partitioning on dimension 1. (firmware/myproject.cpp:91:15)
INFO: [HLS 214-248] Applying array_partition to 'layer19_out': Complete partitioning on dimension 1. (firmware/myproject.cpp:96:15)
INFO: [HLS 214-248] Applying array_partition to 'layer20_out': Complete partitioning on dimension 1. (firmware/myproject.cpp:100:15)
INFO: [HLS 214-248] Applying array_partition to 'layer21_out': Complete partitioning on dimension 1. (firmware/myproject.cpp:104:15)
INFO: [HLS 214-248] Applying array_partition to 'layer23_out': Complete partitioning on dimension 1. (firmware/myproject.cpp:108:15)
INFO: [HLS 214-248] Applying array_partition to 'layer24_out': Complete partitioning on dimension 1. (firmware/myproject.cpp:112:15)
INFO: [HLS 214-248] Applying array_partition to 'layer26_out': Complete partitioning on dimension 1. (firmware/myproject.cpp:116:15)
INFO: [HLS 214-248] Applying array_partition to 'layer27_out': Complete partitioning on dimension 1. (firmware/myproject.cpp:120:15)
INFO: [HLS 214-248] Applying array_partition to 'layer29_out': Complete partitioning on dimension 1. (firmware/myproject.cpp:19:0)
INFO: [HLS 214-248] Applying array_partition to 'b9': Complete partitioning on dimension 1. (firmware/myproject.cpp:19:0)
INFO: [HLS 214-248] Applying array_partition to 'b16': Complete partitioning on dimension 1. (firmware/myproject.cpp:19:0)
INFO: [HLS 214-248] Applying array_partition to 'b21': Complete partitioning on dimension 1. (firmware/myproject.cpp:19:0)
INFO: [HLS 214-248] Applying array_partition to 'b24': Complete partitioning on dimension 1. (firmware/myproject.cpp:19:0)
INFO: [HLS 214-248] Applying array_partition to 'b27': Complete partitioning on dimension 1. (firmware/myproject.cpp:19:0)
INFO: [HLS 214-248] Applying array_reshape to 'cluster': Complete reshaping on dimension 1. (firmware/myproject.cpp:19:0)
INFO: [HLS 214-248] Applying array_reshape to 'nModule': Complete reshaping on dimension 1. (firmware/myproject.cpp:19:0)
INFO: [HLS 214-248] Applying array_reshape to 'x_local': Complete reshaping on dimension 1. (firmware/myproject.cpp:19:0)
INFO: [HLS 214-248] Applying array_reshape to 'y_local': Complete reshaping on dimension 1. (firmware/myproject.cpp:19:0)
INFO: [HLS 214-437] Automatically disabling loop flattening for loop 'PartitionLoop'. (firmware/nnet_utils/nnet_conv2d_resource.h:41:5)
INFO: [HLS 214-354] Changing the port bit width of top function 'myproject(ap_fixed<16, 6, (ap_q_mode)5, (ap_o_mode)3, 0>*, ap_fixed<16, 6, (ap_q_mode)5, (ap_o_mode)3, 0>*, ap_fixed<16, 6, (ap_q_mode)5, (ap_o_mode)3, 0>*, ap_fixed<16, 6, (ap_q_mode)5, (ap_o_mode)3, 0>*, ap_ufixed<8, 0, (ap_q_mode)4, (ap_o_mode)0, 0>*, ap_fixed<10, 1, (ap_q_mode)5, (ap_o_mode)3, 0>*, ap_fixed<10, 1, (ap_q_mode)5, (ap_o_mode)3, 0>*, ap_fixed<10, 1, (ap_q_mode)5, (ap_o_mode)3, 0>*, ap_fixed<10, 1, (ap_q_mode)5, (ap_o_mode)3, 0>*, ap_fixed<10, 1, (ap_q_mode)5, (ap_o_mode)3, 0>*, ap_fixed<10, 1, (ap_q_mode)5, (ap_o_mode)3, 0>*, ap_fixed<10, 1, (ap_q_mode)5, (ap_o_mode)3, 0>*, ap_fixed<10, 1, (ap_q_mode)5, (ap_o_mode)3, 0>*, ap_fixed<10, 1, (ap_q_mode)5, (ap_o_mode)3, 0>*, ap_fixed<10, 1, (ap_q_mode)5, (ap_o_mode)3, 0>*)' argument 'w16': from '10' to '16' due to access pattern. (firmware/myproject.cpp:19:0)
INFO: [HLS 214-354] Changing the port bit width of top function 'myproject(ap_fixed<16, 6, (ap_q_mode)5, (ap_o_mode)3, 0>*, ap_fixed<16, 6, (ap_q_mode)5, (ap_o_mode)3, 0>*, ap_fixed<16, 6, (ap_q_mode)5, (ap_o_mode)3, 0>*, ap_fixed<16, 6, (ap_q_mode)5, (ap_o_mode)3, 0>*, ap_ufixed<8, 0, (ap_q_mode)4, (ap_o_mode)0, 0>*, ap_fixed<10, 1, (ap_q_mode)5, (ap_o_mode)3, 0>*, ap_fixed<10, 1, (ap_q_mode)5, (ap_o_mode)3, 0>*, ap_fixed<10, 1, (ap_q_mode)5, (ap_o_mode)3, 0>*, ap_fixed<10, 1, (ap_q_mode)5, (ap_o_mode)3, 0>*, ap_fixed<10, 1, (ap_q_mode)5, (ap_o_mode)3, 0>*, ap_fixed<10, 1, (ap_q_mode)5, (ap_o_mode)3, 0>*, ap_fixed<10, 1, (ap_q_mode)5, (ap_o_mode)3, 0>*, ap_fixed<10, 1, (ap_q_mode)5, (ap_o_mode)3, 0>*, ap_fixed<10, 1, (ap_q_mode)5, (ap_o_mode)3, 0>*, ap_fixed<10, 1, (ap_q_mode)5, (ap_o_mode)3, 0>*)' argument 'w21': from '10' to '16' due to access pattern. (firmware/myproject.cpp:19:0)
INFO: [HLS 214-354] Changing the port bit width of top function 'myproject(ap_fixed<16, 6, (ap_q_mode)5, (ap_o_mode)3, 0>*, ap_fixed<16, 6, (ap_q_mode)5, (ap_o_mode)3, 0>*, ap_fixed<16, 6, (ap_q_mode)5, (ap_o_mode)3, 0>*, ap_fixed<16, 6, (ap_q_mode)5, (ap_o_mode)3, 0>*, ap_ufixed<8, 0, (ap_q_mode)4, (ap_o_mode)0, 0>*, ap_fixed<10, 1, (ap_q_mode)5, (ap_o_mode)3, 0>*, ap_fixed<10, 1, (ap_q_mode)5, (ap_o_mode)3, 0>*, ap_fixed<10, 1, (ap_q_mode)5, (ap_o_mode)3, 0>*, ap_fixed<10, 1, (ap_q_mode)5, (ap_o_mode)3, 0>*, ap_fixed<10, 1, (ap_q_mode)5, (ap_o_mode)3, 0>*, ap_fixed<10, 1, (ap_q_mode)5, (ap_o_mode)3, 0>*, ap_fixed<10, 1, (ap_q_mode)5, (ap_o_mode)3, 0>*, ap_fixed<10, 1, (ap_q_mode)5, (ap_o_mode)3, 0>*, ap_fixed<10, 1, (ap_q_mode)5, (ap_o_mode)3, 0>*, ap_fixed<10, 1, (ap_q_mode)5, (ap_o_mode)3, 0>*)' argument 'w24': from '10' to '16' due to access pattern. (firmware/myproject.cpp:19:0)
INFO: [HLS 214-354] Changing the port bit width of top function 'myproject(ap_fixed<16, 6, (ap_q_mode)5, (ap_o_mode)3, 0>*, ap_fixed<16, 6, (ap_q_mode)5, (ap_o_mode)3, 0>*, ap_fixed<16, 6, (ap_q_mode)5, (ap_o_mode)3, 0>*, ap_fixed<16, 6, (ap_q_mode)5, (ap_o_mode)3, 0>*, ap_ufixed<8, 0, (ap_q_mode)4, (ap_o_mode)0, 0>*, ap_fixed<10, 1, (ap_q_mode)5, (ap_o_mode)3, 0>*, ap_fixed<10, 1, (ap_q_mode)5, (ap_o_mode)3, 0>*, ap_fixed<10, 1, (ap_q_mode)5, (ap_o_mode)3, 0>*, ap_fixed<10, 1, (ap_q_mode)5, (ap_o_mode)3, 0>*, ap_fixed<10, 1, (ap_q_mode)5, (ap_o_mode)3, 0>*, ap_fixed<10, 1, (ap_q_mode)5, (ap_o_mode)3, 0>*, ap_fixed<10, 1, (ap_q_mode)5, (ap_o_mode)3, 0>*, ap_fixed<10, 1, (ap_q_mode)5, (ap_o_mode)3, 0>*, ap_fixed<10, 1, (ap_q_mode)5, (ap_o_mode)3, 0>*, ap_fixed<10, 1, (ap_q_mode)5, (ap_o_mode)3, 0>*)' argument 'w27': from '10' to '16' due to access pattern. (firmware/myproject.cpp:19:0)
INFO-FLOW: DBG:PUTS: copy_raw_kernel_xml ap_link_39: kernel.xml not generated: /home/dabadjiev/smartpixels_ml_dsabadjiev/Muon_Collider_Smart_Pixels/daniel/CrossParetoModels_shortlist_parallelInput/hls_outputs/hls_model_trial_046/myproject_prj/solution1/.autopilot/db/kernel.internal.xml
INFO: [HLS 200-111] Finished Compiling Optimization and Transform: CPU user time: 84.31 seconds. CPU system time: 1.05 seconds. Elapsed time: 85.98 seconds; current allocated memory: 371.340 MB.
INFO: [HLS 200-111] Finished Checking Pragmas: CPU user time: 0 seconds. CPU system time: 0 seconds. Elapsed time: 0 seconds; current allocated memory: 371.340 MB.
Execute         opt_and_import_c a -opt_level=2 -skip_syncheck=0 -ng=0 -keep_printf=0 
Execute           cleanup_all_models 
INFO: [HLS 200-10] Starting code transformations ...
INFO-FLOW: Running Standard Transforms...
Execute           transform -hls -share-std-xform -demangle-name -inline-byval-memcpy -always-inline -promote-dbg-pointer -interface-preproc -mem2reg -scalarrepl -mem2reg -keep-read-access -instcombine -dce -promote-dbg-pointer -bitop-raise -loop-simplify -indvarspre -indvars -loop-simplify -constprop -instcombine -simplifycfg -indvars -simplifycfg -dce -globaldce -basicaa -simplifycfg -mem2reg -globalopt -global-constprop -deadargelim -instcombine -simplifycfg -scalarrepl -instcombine -reassociate -licm -simplifycfg -loop-simplify -indvars -instcombine -simplifycfg -mem2reg -loop-simplify -indvars -instcombine -gvn -gvn -instcombine -adce -break-crit-edges -simplifycfg -loop-delete -global-array-opt -dce -dse -adce -find-syn-modules -top myproject -deadargelim -mem2reg -instcombine -dce -presyn-prepare -interface-preproc -syn-check -check-rec-only -find-region -simplifycfg -func-extr -function-inline -globaldce -mem2reg -instcombine -dce -gvn -globaldce -adce -adse -constprop -instcombine -bit-constprop -instcombine -dce -simplifycfg -bitop-raise -simplifycfg -dce -loop-delete -reassociate -globalopt -global-privatize -mem2reg -dce -global-constprop -pointer-simplify -constprop -dce -promote-dbg-pointer -norm-name /home/dabadjiev/smartpixels_ml_dsabadjiev/Muon_Collider_Smart_Pixels/daniel/CrossParetoModels_shortlist_parallelInput/hls_outputs/hls_model_trial_046/myproject_prj/solution1/.autopilot/db/a.g.0.bc -o /home/dabadjiev/smartpixels_ml_dsabadjiev/Muon_Collider_Smart_Pixels/daniel/CrossParetoModels_shortlist_parallelInput/hls_outputs/hls_model_trial_046/myproject_prj/solution1/.autopilot/db/a.g.1.bc -f -phase std-opt 
INFO: [Common 17-41] Interrupt caught. Command should exit soon.
INFO: [Common 17-41] Interrupt caught. Command should exit soon.
Command           transform done; 3.89 sec.
Command         opt_and_import_c done; error code: 1; 3.89 sec.
Command       elaborate done; error code: 1; 102.19 sec.
Command     csynth_design done; error code: 1; 102.26 sec.
INFO: [HLS 200-2161] Finished Command csynth_design Elapsed time: 00:01:42; Allocated memory: 104.590 MB.
Command   ap_source done; error code: 1; 108.53 sec.
Command vitis_hls_bin done; error code: 1; 108.56 sec.
INFO: [Common 17-344] 'source' was cancelled
Execute cleanup_all 
