/home/dabadjiev/smartpixels_ml_dsabadjiev/Muon_Collider_Smart_Pixels/daniel/CrossParetoModels_shortlist_parallelInput/hls_outputs/hls_model_trial_046/myproject_prj/solution1/.autopilot/db/myproject.pp.0.cpp:28588:7: warning: Added loop label VITIS_LOOP_1223_1:   [xilinx-label-all-loops]
      for (i = 0; i < __N - 1; ++i) {
      ^~~
      VITIS_LOOP_1223_1: 
/home/dabadjiev/smartpixels_ml_dsabadjiev/Muon_Collider_Smart_Pixels/daniel/CrossParetoModels_shortlist_parallelInput/hls_outputs/hls_model_trial_046/myproject_prj/solution1/.autopilot/db/myproject.pp.0.cpp:28588:7: note: FIX-IT applied suggested code changes
/home/dabadjiev/smartpixels_ml_dsabadjiev/Muon_Collider_Smart_Pixels/daniel/CrossParetoModels_shortlist_parallelInput/hls_outputs/hls_model_trial_046/myproject_prj/solution1/.autopilot/db/myproject.pp.0.cpp:29562:5: warning: Added loop label VITIS_LOOP_676_1:   [xilinx-label-all-loops]
    for (unsigned i = low; i != high; ++i) {
    ^~~
    VITIS_LOOP_676_1: 
/home/dabadjiev/smartpixels_ml_dsabadjiev/Muon_Collider_Smart_Pixels/daniel/CrossParetoModels_shortlist_parallelInput/hls_outputs/hls_model_trial_046/myproject_prj/solution1/.autopilot/db/myproject.pp.0.cpp:29562:5: note: FIX-IT applied suggested code changes
/home/dabadjiev/smartpixels_ml_dsabadjiev/Muon_Collider_Smart_Pixels/daniel/CrossParetoModels_shortlist_parallelInput/hls_outputs/hls_model_trial_046/myproject_prj/solution1/.autopilot/db/myproject.pp.0.cpp:29576:5: warning: Added loop label VITIS_LOOP_690_1:   [xilinx-label-all-loops]
    for (unsigned i = low; i != high; ++i) {
    ^~~
    VITIS_LOOP_690_1: 
/home/dabadjiev/smartpixels_ml_dsabadjiev/Muon_Collider_Smart_Pixels/daniel/CrossParetoModels_shortlist_parallelInput/hls_outputs/hls_model_trial_046/myproject_prj/solution1/.autopilot/db/myproject.pp.0.cpp:29576:5: note: FIX-IT applied suggested code changes
/home/dabadjiev/smartpixels_ml_dsabadjiev/Muon_Collider_Smart_Pixels/daniel/CrossParetoModels_shortlist_parallelInput/hls_outputs/hls_model_trial_046/myproject_prj/solution1/.autopilot/db/myproject.pp.0.cpp:29590:5: warning: Added loop label VITIS_LOOP_704_1:   [xilinx-label-all-loops]
    for (unsigned i = low; i != high; ++i) {
    ^~~
    VITIS_LOOP_704_1: 
/home/dabadjiev/smartpixels_ml_dsabadjiev/Muon_Collider_Smart_Pixels/daniel/CrossParetoModels_shortlist_parallelInput/hls_outputs/hls_model_trial_046/myproject_prj/solution1/.autopilot/db/myproject.pp.0.cpp:29590:5: note: FIX-IT applied suggested code changes
/home/dabadjiev/smartpixels_ml_dsabadjiev/Muon_Collider_Smart_Pixels/daniel/CrossParetoModels_shortlist_parallelInput/hls_outputs/hls_model_trial_046/myproject_prj/solution1/.autopilot/db/myproject.pp.0.cpp:31207:7: warning: Added loop label VITIS_LOOP_1247_1:   [xilinx-label-all-loops]
      for (i = 0; i < __N - 1; ++i) {
      ^~~
      VITIS_LOOP_1247_1: 
/home/dabadjiev/smartpixels_ml_dsabadjiev/Muon_Collider_Smart_Pixels/daniel/CrossParetoModels_shortlist_parallelInput/hls_outputs/hls_model_trial_046/myproject_prj/solution1/.autopilot/db/myproject.pp.0.cpp:31207:7: note: FIX-IT applied suggested code changes
/home/dabadjiev/smartpixels_ml_dsabadjiev/Muon_Collider_Smart_Pixels/daniel/CrossParetoModels_shortlist_parallelInput/hls_outputs/hls_model_trial_046/myproject_prj/solution1/.autopilot/db/myproject.pp.0.cpp:33190:9: warning: Added loop label VITIS_LOOP_27_1:   [xilinx-label-all-loops]
        for (unsigned i = 0; i < N; i++) {
        ^~~
        VITIS_LOOP_27_1: 
/home/dabadjiev/smartpixels_ml_dsabadjiev/Muon_Collider_Smart_Pixels/daniel/CrossParetoModels_shortlist_parallelInput/hls_outputs/hls_model_trial_046/myproject_prj/solution1/.autopilot/db/myproject.pp.0.cpp:33190:9: note: FIX-IT applied suggested code changes
/home/dabadjiev/smartpixels_ml_dsabadjiev/Muon_Collider_Smart_Pixels/daniel/CrossParetoModels_shortlist_parallelInput/hls_outputs/hls_model_trial_046/myproject_prj/solution1/.autopilot/db/myproject.pp.0.cpp:33203:9: warning: Added loop label VITIS_LOOP_40_1:   [xilinx-label-all-loops]
        for (size_t i = 0; i < N; i++) {
        ^~~
        VITIS_LOOP_40_1: 
/home/dabadjiev/smartpixels_ml_dsabadjiev/Muon_Collider_Smart_Pixels/daniel/CrossParetoModels_shortlist_parallelInput/hls_outputs/hls_model_trial_046/myproject_prj/solution1/.autopilot/db/myproject.pp.0.cpp:33203:9: note: FIX-IT applied suggested code changes
/home/dabadjiev/smartpixels_ml_dsabadjiev/Muon_Collider_Smart_Pixels/daniel/CrossParetoModels_shortlist_parallelInput/hls_outputs/hls_model_trial_046/myproject_prj/solution1/.autopilot/db/myproject.pp.0.cpp:56169:5: warning: Added loop label VITIS_LOOP_265_1:   [xilinx-label-all-loops]
    for (typename std::vector<src_T>::const_iterator i = in_begin; i != in_end; ++i) {
    ^~~
    VITIS_LOOP_265_1: 
/home/dabadjiev/smartpixels_ml_dsabadjiev/Muon_Collider_Smart_Pixels/daniel/CrossParetoModels_shortlist_parallelInput/hls_outputs/hls_model_trial_046/myproject_prj/solution1/.autopilot/db/myproject.pp.0.cpp:56169:5: note: FIX-IT applied suggested code changes
/home/dabadjiev/smartpixels_ml_dsabadjiev/Muon_Collider_Smart_Pixels/daniel/CrossParetoModels_shortlist_parallelInput/hls_outputs/hls_model_trial_046/myproject_prj/solution1/.autopilot/db/myproject.pp.0.cpp:56179:5: warning: Added loop label VITIS_LOOP_275_1:   [xilinx-label-all-loops]
    for (auto i = 0; i < SIZE; i++)
    ^~~
    VITIS_LOOP_275_1: 
/home/dabadjiev/smartpixels_ml_dsabadjiev/Muon_Collider_Smart_Pixels/daniel/CrossParetoModels_shortlist_parallelInput/hls_outputs/hls_model_trial_046/myproject_prj/solution1/.autopilot/db/myproject.pp.0.cpp:56179:5: note: FIX-IT applied suggested code changes
/home/dabadjiev/smartpixels_ml_dsabadjiev/Muon_Collider_Smart_Pixels/daniel/CrossParetoModels_shortlist_parallelInput/hls_outputs/hls_model_trial_046/myproject_prj/solution1/.autopilot/db/myproject.pp.0.cpp:56190:5: warning: Added loop label VITIS_LOOP_286_1:   [xilinx-label-all-loops]
    for (int i = 0; i < SIZE; i++) {
    ^~~
    VITIS_LOOP_286_1: 
/home/dabadjiev/smartpixels_ml_dsabadjiev/Muon_Collider_Smart_Pixels/daniel/CrossParetoModels_shortlist_parallelInput/hls_outputs/hls_model_trial_046/myproject_prj/solution1/.autopilot/db/myproject.pp.0.cpp:56190:5: note: FIX-IT applied suggested code changes
/home/dabadjiev/smartpixels_ml_dsabadjiev/Muon_Collider_Smart_Pixels/daniel/CrossParetoModels_shortlist_parallelInput/hls_outputs/hls_model_trial_046/myproject_prj/solution1/.autopilot/db/myproject.pp.0.cpp:56197:5: warning: Added loop label VITIS_LOOP_293_1:   [xilinx-label-all-loops]
    for (int i = 0; i < SIZE / res_T::size; i++) {
    ^~~
    VITIS_LOOP_293_1: 
/home/dabadjiev/smartpixels_ml_dsabadjiev/Muon_Collider_Smart_Pixels/daniel/CrossParetoModels_shortlist_parallelInput/hls_outputs/hls_model_trial_046/myproject_prj/solution1/.autopilot/db/myproject.pp.0.cpp:56197:5: note: FIX-IT applied suggested code changes
/home/dabadjiev/smartpixels_ml_dsabadjiev/Muon_Collider_Smart_Pixels/daniel/CrossParetoModels_shortlist_parallelInput/hls_outputs/hls_model_trial_046/myproject_prj/solution1/.autopilot/db/myproject.pp.0.cpp:56199:9: warning: Added loop label VITIS_LOOP_295_2:   [xilinx-label-all-loops]
        for (int j = 0; j < res_T::size; j++) {
        ^~~
        VITIS_LOOP_295_2: 
/home/dabadjiev/smartpixels_ml_dsabadjiev/Muon_Collider_Smart_Pixels/daniel/CrossParetoModels_shortlist_parallelInput/hls_outputs/hls_model_trial_046/myproject_prj/solution1/.autopilot/db/myproject.pp.0.cpp:56199:9: note: FIX-IT applied suggested code changes
/home/dabadjiev/smartpixels_ml_dsabadjiev/Muon_Collider_Smart_Pixels/daniel/CrossParetoModels_shortlist_parallelInput/hls_outputs/hls_model_trial_046/myproject_prj/solution1/.autopilot/db/myproject.pp.0.cpp:56211:5: warning: Added loop label VITIS_LOOP_307_1:   [xilinx-label-all-loops]
    for (int i = 0; i < SIZE / data_T::size; i++) {
    ^~~
    VITIS_LOOP_307_1: 
/home/dabadjiev/smartpixels_ml_dsabadjiev/Muon_Collider_Smart_Pixels/daniel/CrossParetoModels_shortlist_parallelInput/hls_outputs/hls_model_trial_046/myproject_prj/solution1/.autopilot/db/myproject.pp.0.cpp:56211:5: note: FIX-IT applied suggested code changes
/home/dabadjiev/smartpixels_ml_dsabadjiev/Muon_Collider_Smart_Pixels/daniel/CrossParetoModels_shortlist_parallelInput/hls_outputs/hls_model_trial_046/myproject_prj/solution1/.autopilot/db/myproject.pp.0.cpp:56213:9: warning: Added loop label VITIS_LOOP_309_2:   [xilinx-label-all-loops]
        for (int j = 0; j < data_T::size; j++) {
        ^~~
        VITIS_LOOP_309_2: 
/home/dabadjiev/smartpixels_ml_dsabadjiev/Muon_Collider_Smart_Pixels/daniel/CrossParetoModels_shortlist_parallelInput/hls_outputs/hls_model_trial_046/myproject_prj/solution1/.autopilot/db/myproject.pp.0.cpp:56213:9: note: FIX-IT applied suggested code changes
/home/dabadjiev/smartpixels_ml_dsabadjiev/Muon_Collider_Smart_Pixels/daniel/CrossParetoModels_shortlist_parallelInput/hls_outputs/hls_model_trial_046/myproject_prj/solution1/.autopilot/db/myproject.pp.0.cpp:56228:5: warning: Added loop label VITIS_LOOP_324_1:   [xilinx-label-all-loops]
    for (int ii = 0; ii < nrows; ii++) {
    ^~~
    VITIS_LOOP_324_1: 
/home/dabadjiev/smartpixels_ml_dsabadjiev/Muon_Collider_Smart_Pixels/daniel/CrossParetoModels_shortlist_parallelInput/hls_outputs/hls_model_trial_046/myproject_prj/solution1/.autopilot/db/myproject.pp.0.cpp:56228:5: note: FIX-IT applied suggested code changes
/home/dabadjiev/smartpixels_ml_dsabadjiev/Muon_Collider_Smart_Pixels/daniel/CrossParetoModels_shortlist_parallelInput/hls_outputs/hls_model_trial_046/myproject_prj/solution1/.autopilot/db/myproject.pp.0.cpp:56248:5: warning: Added loop label VITIS_LOOP_344_1:   [xilinx-label-all-loops]
    for (int ii = 0; ii < nrows; ii++) {
    ^~~
    VITIS_LOOP_344_1: 
/home/dabadjiev/smartpixels_ml_dsabadjiev/Muon_Collider_Smart_Pixels/daniel/CrossParetoModels_shortlist_parallelInput/hls_outputs/hls_model_trial_046/myproject_prj/solution1/.autopilot/db/myproject.pp.0.cpp:56248:5: note: FIX-IT applied suggested code changes
/home/dabadjiev/smartpixels_ml_dsabadjiev/Muon_Collider_Smart_Pixels/daniel/CrossParetoModels_shortlist_parallelInput/hls_outputs/hls_model_trial_046/myproject_prj/solution1/.autopilot/db/myproject.pp.0.cpp:56249:9: warning: Added loop label VITIS_LOOP_345_2:   [xilinx-label-all-loops]
        for (int jj = 0; jj < ncols; jj++) {
        ^~~
        VITIS_LOOP_345_2: 
/home/dabadjiev/smartpixels_ml_dsabadjiev/Muon_Collider_Smart_Pixels/daniel/CrossParetoModels_shortlist_parallelInput/hls_outputs/hls_model_trial_046/myproject_prj/solution1/.autopilot/db/myproject.pp.0.cpp:56249:9: note: FIX-IT applied suggested code changes
/home/dabadjiev/smartpixels_ml_dsabadjiev/Muon_Collider_Smart_Pixels/daniel/CrossParetoModels_shortlist_parallelInput/hls_outputs/hls_model_trial_046/myproject_prj/solution1/.autopilot/db/myproject.pp.0.cpp:56264:5: warning: Added loop label VITIS_LOOP_360_1:   [xilinx-label-all-loops]
    for (int ii = 0; ii < N_IN; ii++) {
    ^~~
    VITIS_LOOP_360_1: 
/home/dabadjiev/smartpixels_ml_dsabadjiev/Muon_Collider_Smart_Pixels/daniel/CrossParetoModels_shortlist_parallelInput/hls_outputs/hls_model_trial_046/myproject_prj/solution1/.autopilot/db/myproject.pp.0.cpp:56264:5: note: FIX-IT applied suggested code changes
/home/dabadjiev/smartpixels_ml_dsabadjiev/Muon_Collider_Smart_Pixels/daniel/CrossParetoModels_shortlist_parallelInput/hls_outputs/hls_model_trial_046/myproject_prj/solution1/.autopilot/db/myproject.pp.0.cpp:56271:5: warning: Added loop label VITIS_LOOP_367_1:   [xilinx-label-all-loops]
    for (int ii = 0; ii < N_IN; ii++) {
    ^~~
    VITIS_LOOP_367_1: 
/home/dabadjiev/smartpixels_ml_dsabadjiev/Muon_Collider_Smart_Pixels/daniel/CrossParetoModels_shortlist_parallelInput/hls_outputs/hls_model_trial_046/myproject_prj/solution1/.autopilot/db/myproject.pp.0.cpp:56271:5: note: FIX-IT applied suggested code changes
/home/dabadjiev/smartpixels_ml_dsabadjiev/Muon_Collider_Smart_Pixels/daniel/CrossParetoModels_shortlist_parallelInput/hls_outputs/hls_model_trial_046/myproject_prj/solution1/.autopilot/db/myproject.pp.0.cpp:57496:2: warning: Added loop label VITIS_LOOP_31_1:   [xilinx-label-all-loops]
 for (int ii = 0; ii < CONFIG_T::n_in; ii++) {
 ^~~
 VITIS_LOOP_31_1: 
/home/dabadjiev/smartpixels_ml_dsabadjiev/Muon_Collider_Smart_Pixels/daniel/CrossParetoModels_shortlist_parallelInput/hls_outputs/hls_model_trial_046/myproject_prj/solution1/.autopilot/db/myproject.pp.0.cpp:57496:2: note: FIX-IT applied suggested code changes
/home/dabadjiev/smartpixels_ml_dsabadjiev/Muon_Collider_Smart_Pixels/daniel/CrossParetoModels_shortlist_parallelInput/hls_outputs/hls_model_trial_046/myproject_prj/solution1/.autopilot/db/myproject.pp.0.cpp:57508:5: warning: Added loop label VITIS_LOOP_43_1:   [xilinx-label-all-loops]
    for (int ii = 0; ii < CONFIG_T::n_in; ii++) {
    ^~~
    VITIS_LOOP_43_1: 
/home/dabadjiev/smartpixels_ml_dsabadjiev/Muon_Collider_Smart_Pixels/daniel/CrossParetoModels_shortlist_parallelInput/hls_outputs/hls_model_trial_046/myproject_prj/solution1/.autopilot/db/myproject.pp.0.cpp:57508:5: note: FIX-IT applied suggested code changes
/home/dabadjiev/smartpixels_ml_dsabadjiev/Muon_Collider_Smart_Pixels/daniel/CrossParetoModels_shortlist_parallelInput/hls_outputs/hls_model_trial_046/myproject_prj/solution1/.autopilot/db/myproject.pp.0.cpp:57522:5: warning: Added loop label VITIS_LOOP_57_1:   [xilinx-label-all-loops]
    for (int ii = 0; ii < CONFIG_T::n_in; ii++) {
    ^~~
    VITIS_LOOP_57_1: 
/home/dabadjiev/smartpixels_ml_dsabadjiev/Muon_Collider_Smart_Pixels/daniel/CrossParetoModels_shortlist_parallelInput/hls_outputs/hls_model_trial_046/myproject_prj/solution1/.autopilot/db/myproject.pp.0.cpp:57522:5: note: FIX-IT applied suggested code changes
/home/dabadjiev/smartpixels_ml_dsabadjiev/Muon_Collider_Smart_Pixels/daniel/CrossParetoModels_shortlist_parallelInput/hls_outputs/hls_model_trial_046/myproject_prj/solution1/.autopilot/db/myproject.pp.0.cpp:57549:5: warning: Added loop label VITIS_LOOP_84_1:   [xilinx-label-all-loops]
    for (int ii = 0; ii < N_TABLE; ii++) {
    ^~~
    VITIS_LOOP_84_1: 
/home/dabadjiev/smartpixels_ml_dsabadjiev/Muon_Collider_Smart_Pixels/daniel/CrossParetoModels_shortlist_parallelInput/hls_outputs/hls_model_trial_046/myproject_prj/solution1/.autopilot/db/myproject.pp.0.cpp:57549:5: note: FIX-IT applied suggested code changes
/home/dabadjiev/smartpixels_ml_dsabadjiev/Muon_Collider_Smart_Pixels/daniel/CrossParetoModels_shortlist_parallelInput/hls_outputs/hls_model_trial_046/myproject_prj/solution1/.autopilot/db/myproject.pp.0.cpp:57579:5: warning: Added loop label VITIS_LOOP_114_1:   [xilinx-label-all-loops]
    for (int ii = 0; ii < CONFIG_T::n_in; ii++) {
    ^~~
    VITIS_LOOP_114_1: 
/home/dabadjiev/smartpixels_ml_dsabadjiev/Muon_Collider_Smart_Pixels/daniel/CrossParetoModels_shortlist_parallelInput/hls_outputs/hls_model_trial_046/myproject_prj/solution1/.autopilot/db/myproject.pp.0.cpp:57579:5: note: FIX-IT applied suggested code changes
/home/dabadjiev/smartpixels_ml_dsabadjiev/Muon_Collider_Smart_Pixels/daniel/CrossParetoModels_shortlist_parallelInput/hls_outputs/hls_model_trial_046/myproject_prj/solution1/.autopilot/db/myproject.pp.0.cpp:57616:5: warning: Added loop label VITIS_LOOP_151_1:   [xilinx-label-all-loops]
    for (unsigned i = 0; i < CONFIG_T::table_size; i++) {
    ^~~
    VITIS_LOOP_151_1: 
/home/dabadjiev/smartpixels_ml_dsabadjiev/Muon_Collider_Smart_Pixels/daniel/CrossParetoModels_shortlist_parallelInput/hls_outputs/hls_model_trial_046/myproject_prj/solution1/.autopilot/db/myproject.pp.0.cpp:57616:5: note: FIX-IT applied suggested code changes
/home/dabadjiev/smartpixels_ml_dsabadjiev/Muon_Collider_Smart_Pixels/daniel/CrossParetoModels_shortlist_parallelInput/hls_outputs/hls_model_trial_046/myproject_prj/solution1/.autopilot/db/myproject.pp.0.cpp:57627:5: warning: Added loop label VITIS_LOOP_162_1:   [xilinx-label-all-loops]
    for (unsigned i = 0; i < CONFIG_T::table_size; i++) {
    ^~~
    VITIS_LOOP_162_1: 
/home/dabadjiev/smartpixels_ml_dsabadjiev/Muon_Collider_Smart_Pixels/daniel/CrossParetoModels_shortlist_parallelInput/hls_outputs/hls_model_trial_046/myproject_prj/solution1/.autopilot/db/myproject.pp.0.cpp:57627:5: note: FIX-IT applied suggested code changes
/home/dabadjiev/smartpixels_ml_dsabadjiev/Muon_Collider_Smart_Pixels/daniel/CrossParetoModels_shortlist_parallelInput/hls_outputs/hls_model_trial_046/myproject_prj/solution1/.autopilot/db/myproject.pp.0.cpp:57660:5: warning: Added loop label VITIS_LOOP_195_1:   [xilinx-label-all-loops]
    for (unsigned i = 0; i < CONFIG_T::n_in; i++) {
    ^~~
    VITIS_LOOP_195_1: 
/home/dabadjiev/smartpixels_ml_dsabadjiev/Muon_Collider_Smart_Pixels/daniel/CrossParetoModels_shortlist_parallelInput/hls_outputs/hls_model_trial_046/myproject_prj/solution1/.autopilot/db/myproject.pp.0.cpp:57660:5: note: FIX-IT applied suggested code changes
/home/dabadjiev/smartpixels_ml_dsabadjiev/Muon_Collider_Smart_Pixels/daniel/CrossParetoModels_shortlist_parallelInput/hls_outputs/hls_model_trial_046/myproject_prj/solution1/.autopilot/db/myproject.pp.0.cpp:57674:5: warning: Added loop label VITIS_LOOP_209_2:   [xilinx-label-all-loops]
    for (unsigned i = 0; i < CONFIG_T::n_in; i++) {
    ^~~
    VITIS_LOOP_209_2: 
/home/dabadjiev/smartpixels_ml_dsabadjiev/Muon_Collider_Smart_Pixels/daniel/CrossParetoModels_shortlist_parallelInput/hls_outputs/hls_model_trial_046/myproject_prj/solution1/.autopilot/db/myproject.pp.0.cpp:57674:5: note: FIX-IT applied suggested code changes
/home/dabadjiev/smartpixels_ml_dsabadjiev/Muon_Collider_Smart_Pixels/daniel/CrossParetoModels_shortlist_parallelInput/hls_outputs/hls_model_trial_046/myproject_prj/solution1/.autopilot/db/myproject.pp.0.cpp:57708:5: warning: Added loop label VITIS_LOOP_243_1:   [xilinx-label-all-loops]
    for (unsigned i = 0; i < CONFIG_T::n_in; i++) {
    ^~~
    VITIS_LOOP_243_1: 
/home/dabadjiev/smartpixels_ml_dsabadjiev/Muon_Collider_Smart_Pixels/daniel/CrossParetoModels_shortlist_parallelInput/hls_outputs/hls_model_trial_046/myproject_prj/solution1/.autopilot/db/myproject.pp.0.cpp:57708:5: note: FIX-IT applied suggested code changes
/home/dabadjiev/smartpixels_ml_dsabadjiev/Muon_Collider_Smart_Pixels/daniel/CrossParetoModels_shortlist_parallelInput/hls_outputs/hls_model_trial_046/myproject_prj/solution1/.autopilot/db/myproject.pp.0.cpp:57717:5: warning: Added loop label VITIS_LOOP_252_2:   [xilinx-label-all-loops]
    for (unsigned i = 0; i < CONFIG_T::n_in; i++) {
    ^~~
    VITIS_LOOP_252_2: 
/home/dabadjiev/smartpixels_ml_dsabadjiev/Muon_Collider_Smart_Pixels/daniel/CrossParetoModels_shortlist_parallelInput/hls_outputs/hls_model_trial_046/myproject_prj/solution1/.autopilot/db/myproject.pp.0.cpp:57717:5: note: FIX-IT applied suggested code changes
/home/dabadjiev/smartpixels_ml_dsabadjiev/Muon_Collider_Smart_Pixels/daniel/CrossParetoModels_shortlist_parallelInput/hls_outputs/hls_model_trial_046/myproject_prj/solution1/.autopilot/db/myproject.pp.0.cpp:57731:5: warning: Added loop label VITIS_LOOP_266_3:   [xilinx-label-all-loops]
    for (unsigned i = 0; i < CONFIG_T::n_in; i++) {
    ^~~
    VITIS_LOOP_266_3: 
/home/dabadjiev/smartpixels_ml_dsabadjiev/Muon_Collider_Smart_Pixels/daniel/CrossParetoModels_shortlist_parallelInput/hls_outputs/hls_model_trial_046/myproject_prj/solution1/.autopilot/db/myproject.pp.0.cpp:57731:5: note: FIX-IT applied suggested code changes
/home/dabadjiev/smartpixels_ml_dsabadjiev/Muon_Collider_Smart_Pixels/daniel/CrossParetoModels_shortlist_parallelInput/hls_outputs/hls_model_trial_046/myproject_prj/solution1/.autopilot/db/myproject.pp.0.cpp:57738:5: warning: Added loop label VITIS_LOOP_273_1:   [xilinx-label-all-loops]
    for (int ii = 0; ii < N_TABLE; ii++) {
    ^~~
    VITIS_LOOP_273_1: 
/home/dabadjiev/smartpixels_ml_dsabadjiev/Muon_Collider_Smart_Pixels/daniel/CrossParetoModels_shortlist_parallelInput/hls_outputs/hls_model_trial_046/myproject_prj/solution1/.autopilot/db/myproject.pp.0.cpp:57738:5: note: FIX-IT applied suggested code changes
/home/dabadjiev/smartpixels_ml_dsabadjiev/Muon_Collider_Smart_Pixels/daniel/CrossParetoModels_shortlist_parallelInput/hls_outputs/hls_model_trial_046/myproject_prj/solution1/.autopilot/db/myproject.pp.0.cpp:57751:5: warning: Added loop label VITIS_LOOP_286_1:   [xilinx-label-all-loops]
    for (int ii = 0; ii < N_TABLE; ii++) {
    ^~~
    VITIS_LOOP_286_1: 
/home/dabadjiev/smartpixels_ml_dsabadjiev/Muon_Collider_Smart_Pixels/daniel/CrossParetoModels_shortlist_parallelInput/hls_outputs/hls_model_trial_046/myproject_prj/solution1/.autopilot/db/myproject.pp.0.cpp:57751:5: note: FIX-IT applied suggested code changes
/home/dabadjiev/smartpixels_ml_dsabadjiev/Muon_Collider_Smart_Pixels/daniel/CrossParetoModels_shortlist_parallelInput/hls_outputs/hls_model_trial_046/myproject_prj/solution1/.autopilot/db/myproject.pp.0.cpp:57788:5: warning: Added loop label VITIS_LOOP_323_1:   [xilinx-label-all-loops]
    for (int ii = 0; ii < CONFIG_T::n_in; ii++) {
    ^~~
    VITIS_LOOP_323_1: 
/home/dabadjiev/smartpixels_ml_dsabadjiev/Muon_Collider_Smart_Pixels/daniel/CrossParetoModels_shortlist_parallelInput/hls_outputs/hls_model_trial_046/myproject_prj/solution1/.autopilot/db/myproject.pp.0.cpp:57788:5: note: FIX-IT applied suggested code changes
/home/dabadjiev/smartpixels_ml_dsabadjiev/Muon_Collider_Smart_Pixels/daniel/CrossParetoModels_shortlist_parallelInput/hls_outputs/hls_model_trial_046/myproject_prj/solution1/.autopilot/db/myproject.pp.0.cpp:57793:5: warning: Added loop label VITIS_LOOP_328_2:   [xilinx-label-all-loops]
    for (int ii = 0; ii < CONFIG_T::n_in; ii++) {
    ^~~
    VITIS_LOOP_328_2: 
/home/dabadjiev/smartpixels_ml_dsabadjiev/Muon_Collider_Smart_Pixels/daniel/CrossParetoModels_shortlist_parallelInput/hls_outputs/hls_model_trial_046/myproject_prj/solution1/.autopilot/db/myproject.pp.0.cpp:57793:5: note: FIX-IT applied suggested code changes
/home/dabadjiev/smartpixels_ml_dsabadjiev/Muon_Collider_Smart_Pixels/daniel/CrossParetoModels_shortlist_parallelInput/hls_outputs/hls_model_trial_046/myproject_prj/solution1/.autopilot/db/myproject.pp.0.cpp:57794:9: warning: Added loop label VITIS_LOOP_329_3:   [xilinx-label-all-loops]
        for (int jj = 0; jj < CONFIG_T::n_in; jj++) {
        ^~~
        VITIS_LOOP_329_3: 
/home/dabadjiev/smartpixels_ml_dsabadjiev/Muon_Collider_Smart_Pixels/daniel/CrossParetoModels_shortlist_parallelInput/hls_outputs/hls_model_trial_046/myproject_prj/solution1/.autopilot/db/myproject.pp.0.cpp:57794:9: note: FIX-IT applied suggested code changes
/home/dabadjiev/smartpixels_ml_dsabadjiev/Muon_Collider_Smart_Pixels/daniel/CrossParetoModels_shortlist_parallelInput/hls_outputs/hls_model_trial_046/myproject_prj/solution1/.autopilot/db/myproject.pp.0.cpp:57811:5: warning: Added loop label VITIS_LOOP_346_4:   [xilinx-label-all-loops]
    for (int ii = 0; ii < CONFIG_T::n_in; ii++) {
    ^~~
    VITIS_LOOP_346_4: 
/home/dabadjiev/smartpixels_ml_dsabadjiev/Muon_Collider_Smart_Pixels/daniel/CrossParetoModels_shortlist_parallelInput/hls_outputs/hls_model_trial_046/myproject_prj/solution1/.autopilot/db/myproject.pp.0.cpp:57811:5: note: FIX-IT applied suggested code changes
/home/dabadjiev/smartpixels_ml_dsabadjiev/Muon_Collider_Smart_Pixels/daniel/CrossParetoModels_shortlist_parallelInput/hls_outputs/hls_model_trial_046/myproject_prj/solution1/.autopilot/db/myproject.pp.0.cpp:57824:5: warning: Added loop label VITIS_LOOP_359_1:   [xilinx-label-all-loops]
    for (int i = 0; i < CONFIG_T::n_in; i++) {
    ^~~
    VITIS_LOOP_359_1: 
/home/dabadjiev/smartpixels_ml_dsabadjiev/Muon_Collider_Smart_Pixels/daniel/CrossParetoModels_shortlist_parallelInput/hls_outputs/hls_model_trial_046/myproject_prj/solution1/.autopilot/db/myproject.pp.0.cpp:57824:5: note: FIX-IT applied suggested code changes
/home/dabadjiev/smartpixels_ml_dsabadjiev/Muon_Collider_Smart_Pixels/daniel/CrossParetoModels_shortlist_parallelInput/hls_outputs/hls_model_trial_046/myproject_prj/solution1/.autopilot/db/myproject.pp.0.cpp:57832:5: warning: Added loop label VITIS_LOOP_367_2:   [xilinx-label-all-loops]
    for (int i = 1; i < CONFIG_T::n_in; i++) {
    ^~~
    VITIS_LOOP_367_2: 
/home/dabadjiev/smartpixels_ml_dsabadjiev/Muon_Collider_Smart_Pixels/daniel/CrossParetoModels_shortlist_parallelInput/hls_outputs/hls_model_trial_046/myproject_prj/solution1/.autopilot/db/myproject.pp.0.cpp:57832:5: note: FIX-IT applied suggested code changes
/home/dabadjiev/smartpixels_ml_dsabadjiev/Muon_Collider_Smart_Pixels/daniel/CrossParetoModels_shortlist_parallelInput/hls_outputs/hls_model_trial_046/myproject_prj/solution1/.autopilot/db/myproject.pp.0.cpp:57867:5: warning: Added loop label VITIS_LOOP_402_1:   [xilinx-label-all-loops]
    for (int ii = 0; ii < N_TABLE; ii++) {
    ^~~
    VITIS_LOOP_402_1: 
/home/dabadjiev/smartpixels_ml_dsabadjiev/Muon_Collider_Smart_Pixels/daniel/CrossParetoModels_shortlist_parallelInput/hls_outputs/hls_model_trial_046/myproject_prj/solution1/.autopilot/db/myproject.pp.0.cpp:57867:5: note: FIX-IT applied suggested code changes
/home/dabadjiev/smartpixels_ml_dsabadjiev/Muon_Collider_Smart_Pixels/daniel/CrossParetoModels_shortlist_parallelInput/hls_outputs/hls_model_trial_046/myproject_prj/solution1/.autopilot/db/myproject.pp.0.cpp:57897:5: warning: Added loop label VITIS_LOOP_432_1:   [xilinx-label-all-loops]
    for (int ii = 0; ii < CONFIG_T::n_in; ii++) {
    ^~~
    VITIS_LOOP_432_1: 
/home/dabadjiev/smartpixels_ml_dsabadjiev/Muon_Collider_Smart_Pixels/daniel/CrossParetoModels_shortlist_parallelInput/hls_outputs/hls_model_trial_046/myproject_prj/solution1/.autopilot/db/myproject.pp.0.cpp:57897:5: note: FIX-IT applied suggested code changes
/home/dabadjiev/smartpixels_ml_dsabadjiev/Muon_Collider_Smart_Pixels/daniel/CrossParetoModels_shortlist_parallelInput/hls_outputs/hls_model_trial_046/myproject_prj/solution1/.autopilot/db/myproject.pp.0.cpp:57916:2: warning: Added loop label VITIS_LOOP_451_1:   [xilinx-label-all-loops]
 for (int ii = 0; ii < CONFIG_T::n_in; ii++) {
 ^~~
 VITIS_LOOP_451_1: 
/home/dabadjiev/smartpixels_ml_dsabadjiev/Muon_Collider_Smart_Pixels/daniel/CrossParetoModels_shortlist_parallelInput/hls_outputs/hls_model_trial_046/myproject_prj/solution1/.autopilot/db/myproject.pp.0.cpp:57916:2: note: FIX-IT applied suggested code changes
/home/dabadjiev/smartpixels_ml_dsabadjiev/Muon_Collider_Smart_Pixels/daniel/CrossParetoModels_shortlist_parallelInput/hls_outputs/hls_model_trial_046/myproject_prj/solution1/.autopilot/db/myproject.pp.0.cpp:57932:5: warning: Added loop label VITIS_LOOP_467_1:   [xilinx-label-all-loops]
    for (int ii = 0; ii < CONFIG_T::n_in; ii++) {
    ^~~
    VITIS_LOOP_467_1: 
/home/dabadjiev/smartpixels_ml_dsabadjiev/Muon_Collider_Smart_Pixels/daniel/CrossParetoModels_shortlist_parallelInput/hls_outputs/hls_model_trial_046/myproject_prj/solution1/.autopilot/db/myproject.pp.0.cpp:57932:5: note: FIX-IT applied suggested code changes
/home/dabadjiev/smartpixels_ml_dsabadjiev/Muon_Collider_Smart_Pixels/daniel/CrossParetoModels_shortlist_parallelInput/hls_outputs/hls_model_trial_046/myproject_prj/solution1/.autopilot/db/myproject.pp.0.cpp:57950:5: warning: Added loop label VITIS_LOOP_485_1:   [xilinx-label-all-loops]
    for (int ii = 0; ii < CONFIG_T::n_in; ii++) {
    ^~~
    VITIS_LOOP_485_1: 
/home/dabadjiev/smartpixels_ml_dsabadjiev/Muon_Collider_Smart_Pixels/daniel/CrossParetoModels_shortlist_parallelInput/hls_outputs/hls_model_trial_046/myproject_prj/solution1/.autopilot/db/myproject.pp.0.cpp:57950:5: note: FIX-IT applied suggested code changes
/home/dabadjiev/smartpixels_ml_dsabadjiev/Muon_Collider_Smart_Pixels/daniel/CrossParetoModels_shortlist_parallelInput/hls_outputs/hls_model_trial_046/myproject_prj/solution1/.autopilot/db/myproject.pp.0.cpp:57967:5: warning: Added loop label VITIS_LOOP_502_1:   [xilinx-label-all-loops]
    for (int ii = 0; ii < CONFIG_T::n_in; ii++) {
    ^~~
    VITIS_LOOP_502_1: 
/home/dabadjiev/smartpixels_ml_dsabadjiev/Muon_Collider_Smart_Pixels/daniel/CrossParetoModels_shortlist_parallelInput/hls_outputs/hls_model_trial_046/myproject_prj/solution1/.autopilot/db/myproject.pp.0.cpp:57967:5: note: FIX-IT applied suggested code changes
/home/dabadjiev/smartpixels_ml_dsabadjiev/Muon_Collider_Smart_Pixels/daniel/CrossParetoModels_shortlist_parallelInput/hls_outputs/hls_model_trial_046/myproject_prj/solution1/.autopilot/db/myproject.pp.0.cpp:57984:5: warning: Added loop label VITIS_LOOP_519_1:   [xilinx-label-all-loops]
    for (int ii = 0; ii < N_TABLE; ii++) {
    ^~~
    VITIS_LOOP_519_1: 
/home/dabadjiev/smartpixels_ml_dsabadjiev/Muon_Collider_Smart_Pixels/daniel/CrossParetoModels_shortlist_parallelInput/hls_outputs/hls_model_trial_046/myproject_prj/solution1/.autopilot/db/myproject.pp.0.cpp:57984:5: note: FIX-IT applied suggested code changes
/home/dabadjiev/smartpixels_ml_dsabadjiev/Muon_Collider_Smart_Pixels/daniel/CrossParetoModels_shortlist_parallelInput/hls_outputs/hls_model_trial_046/myproject_prj/solution1/.autopilot/db/myproject.pp.0.cpp:58014:5: warning: Added loop label VITIS_LOOP_549_1:   [xilinx-label-all-loops]
    for (int ii = 0; ii < CONFIG_T::n_in; ii++) {
    ^~~
    VITIS_LOOP_549_1: 
/home/dabadjiev/smartpixels_ml_dsabadjiev/Muon_Collider_Smart_Pixels/daniel/CrossParetoModels_shortlist_parallelInput/hls_outputs/hls_model_trial_046/myproject_prj/solution1/.autopilot/db/myproject.pp.0.cpp:58014:5: note: FIX-IT applied suggested code changes
/home/dabadjiev/smartpixels_ml_dsabadjiev/Muon_Collider_Smart_Pixels/daniel/CrossParetoModels_shortlist_parallelInput/hls_outputs/hls_model_trial_046/myproject_prj/solution1/.autopilot/db/myproject.pp.0.cpp:58033:5: warning: Added loop label VITIS_LOOP_568_1:   [xilinx-label-all-loops]
    for (int ii = 0; ii < N_TABLE; ii++) {
    ^~~
    VITIS_LOOP_568_1: 
/home/dabadjiev/smartpixels_ml_dsabadjiev/Muon_Collider_Smart_Pixels/daniel/CrossParetoModels_shortlist_parallelInput/hls_outputs/hls_model_trial_046/myproject_prj/solution1/.autopilot/db/myproject.pp.0.cpp:58033:5: note: FIX-IT applied suggested code changes
/home/dabadjiev/smartpixels_ml_dsabadjiev/Muon_Collider_Smart_Pixels/daniel/CrossParetoModels_shortlist_parallelInput/hls_outputs/hls_model_trial_046/myproject_prj/solution1/.autopilot/db/myproject.pp.0.cpp:58063:5: warning: Added loop label VITIS_LOOP_598_1:   [xilinx-label-all-loops]
    for (int ii = 0; ii < CONFIG_T::n_in; ii++) {
    ^~~
    VITIS_LOOP_598_1: 
/home/dabadjiev/smartpixels_ml_dsabadjiev/Muon_Collider_Smart_Pixels/daniel/CrossParetoModels_shortlist_parallelInput/hls_outputs/hls_model_trial_046/myproject_prj/solution1/.autopilot/db/myproject.pp.0.cpp:58063:5: note: FIX-IT applied suggested code changes
/home/dabadjiev/smartpixels_ml_dsabadjiev/Muon_Collider_Smart_Pixels/daniel/CrossParetoModels_shortlist_parallelInput/hls_outputs/hls_model_trial_046/myproject_prj/solution1/.autopilot/db/myproject.pp.0.cpp:58082:5: warning: Added loop label VITIS_LOOP_617_1:   [xilinx-label-all-loops]
    for (int ii = 0; ii < N_TABLE; ii++) {
    ^~~
    VITIS_LOOP_617_1: 
/home/dabadjiev/smartpixels_ml_dsabadjiev/Muon_Collider_Smart_Pixels/daniel/CrossParetoModels_shortlist_parallelInput/hls_outputs/hls_model_trial_046/myproject_prj/solution1/.autopilot/db/myproject.pp.0.cpp:58082:5: note: FIX-IT applied suggested code changes
/home/dabadjiev/smartpixels_ml_dsabadjiev/Muon_Collider_Smart_Pixels/daniel/CrossParetoModels_shortlist_parallelInput/hls_outputs/hls_model_trial_046/myproject_prj/solution1/.autopilot/db/myproject.pp.0.cpp:58112:5: warning: Added loop label VITIS_LOOP_647_1:   [xilinx-label-all-loops]
    for (int ii = 0; ii < CONFIG_T::n_in; ii++) {
    ^~~
    VITIS_LOOP_647_1: 
/home/dabadjiev/smartpixels_ml_dsabadjiev/Muon_Collider_Smart_Pixels/daniel/CrossParetoModels_shortlist_parallelInput/hls_outputs/hls_model_trial_046/myproject_prj/solution1/.autopilot/db/myproject.pp.0.cpp:58112:5: note: FIX-IT applied suggested code changes
/home/dabadjiev/smartpixels_ml_dsabadjiev/Muon_Collider_Smart_Pixels/daniel/CrossParetoModels_shortlist_parallelInput/hls_outputs/hls_model_trial_046/myproject_prj/solution1/.autopilot/db/myproject.pp.0.cpp:58139:5: warning: Added loop label VITIS_LOOP_674_1:   [xilinx-label-all-loops]
    for (int ii = 0; ii < N_TABLE; ii++) {
    ^~~
    VITIS_LOOP_674_1: 
/home/dabadjiev/smartpixels_ml_dsabadjiev/Muon_Collider_Smart_Pixels/daniel/CrossParetoModels_shortlist_parallelInput/hls_outputs/hls_model_trial_046/myproject_prj/solution1/.autopilot/db/myproject.pp.0.cpp:58139:5: note: FIX-IT applied suggested code changes
/home/dabadjiev/smartpixels_ml_dsabadjiev/Muon_Collider_Smart_Pixels/daniel/CrossParetoModels_shortlist_parallelInput/hls_outputs/hls_model_trial_046/myproject_prj/solution1/.autopilot/db/myproject.pp.0.cpp:58168:5: warning: Added loop label VITIS_LOOP_703_1:   [xilinx-label-all-loops]
    for (int ii = 0; ii < CONFIG_T::n_in; ii++) {
    ^~~
    VITIS_LOOP_703_1: 
/home/dabadjiev/smartpixels_ml_dsabadjiev/Muon_Collider_Smart_Pixels/daniel/CrossParetoModels_shortlist_parallelInput/hls_outputs/hls_model_trial_046/myproject_prj/solution1/.autopilot/db/myproject.pp.0.cpp:58168:5: note: FIX-IT applied suggested code changes
/home/dabadjiev/smartpixels_ml_dsabadjiev/Muon_Collider_Smart_Pixels/daniel/CrossParetoModels_shortlist_parallelInput/hls_outputs/hls_model_trial_046/myproject_prj/solution1/.autopilot/db/myproject.pp.0.cpp:58189:5: warning: Added loop label VITIS_LOOP_724_1:   [xilinx-label-all-loops]
    for (int ii = 0; ii < CONFIG_T::n_in; ii++) {
    ^~~
    VITIS_LOOP_724_1: 
/home/dabadjiev/smartpixels_ml_dsabadjiev/Muon_Collider_Smart_Pixels/daniel/CrossParetoModels_shortlist_parallelInput/hls_outputs/hls_model_trial_046/myproject_prj/solution1/.autopilot/db/myproject.pp.0.cpp:58189:5: note: FIX-IT applied suggested code changes
/home/dabadjiev/smartpixels_ml_dsabadjiev/Muon_Collider_Smart_Pixels/daniel/CrossParetoModels_shortlist_parallelInput/hls_outputs/hls_model_trial_046/myproject_prj/solution1/.autopilot/db/myproject.pp.0.cpp:58207:5: warning: Added loop label VITIS_LOOP_742_1:   [xilinx-label-all-loops]
    for (int ii = 0; ii < CONFIG_T::n_in; ii++) {
    ^~~
    VITIS_LOOP_742_1: 
/home/dabadjiev/smartpixels_ml_dsabadjiev/Muon_Collider_Smart_Pixels/daniel/CrossParetoModels_shortlist_parallelInput/hls_outputs/hls_model_trial_046/myproject_prj/solution1/.autopilot/db/myproject.pp.0.cpp:58207:5: note: FIX-IT applied suggested code changes
/home/dabadjiev/smartpixels_ml_dsabadjiev/Muon_Collider_Smart_Pixels/daniel/CrossParetoModels_shortlist_parallelInput/hls_outputs/hls_model_trial_046/myproject_prj/solution1/.autopilot/db/myproject.pp.0.cpp:58227:5: warning: Added loop label VITIS_LOOP_762_1:   [xilinx-label-all-loops]
    for (int ii = 0; ii < CONFIG_T::n_in; ii++) {
    ^~~
    VITIS_LOOP_762_1: 
/home/dabadjiev/smartpixels_ml_dsabadjiev/Muon_Collider_Smart_Pixels/daniel/CrossParetoModels_shortlist_parallelInput/hls_outputs/hls_model_trial_046/myproject_prj/solution1/.autopilot/db/myproject.pp.0.cpp:58227:5: note: FIX-IT applied suggested code changes
/home/dabadjiev/smartpixels_ml_dsabadjiev/Muon_Collider_Smart_Pixels/daniel/CrossParetoModels_shortlist_parallelInput/hls_outputs/hls_model_trial_046/myproject_prj/solution1/.autopilot/db/myproject.pp.0.cpp:58323:9: warning: Added loop label VITIS_LOOP_73_1:   [xilinx-label-all-loops]
        for (int i = 0; i < N / data_T::size; i++) {
        ^~~
        VITIS_LOOP_73_1: 
/home/dabadjiev/smartpixels_ml_dsabadjiev/Muon_Collider_Smart_Pixels/daniel/CrossParetoModels_shortlist_parallelInput/hls_outputs/hls_model_trial_046/myproject_prj/solution1/.autopilot/db/myproject.pp.0.cpp:58323:9: note: FIX-IT applied suggested code changes
/home/dabadjiev/smartpixels_ml_dsabadjiev/Muon_Collider_Smart_Pixels/daniel/CrossParetoModels_shortlist_parallelInput/hls_outputs/hls_model_trial_046/myproject_prj/solution1/.autopilot/db/myproject.pp.0.cpp:58330:13: warning: Added loop label VITIS_LOOP_80_2:   [xilinx-label-all-loops]
            for (int j = 0; j < data_T::size; j++) {
            ^~~
            VITIS_LOOP_80_2: 
/home/dabadjiev/smartpixels_ml_dsabadjiev/Muon_Collider_Smart_Pixels/daniel/CrossParetoModels_shortlist_parallelInput/hls_outputs/hls_model_trial_046/myproject_prj/solution1/.autopilot/db/myproject.pp.0.cpp:58330:13: note: FIX-IT applied suggested code changes
/home/dabadjiev/smartpixels_ml_dsabadjiev/Muon_Collider_Smart_Pixels/daniel/CrossParetoModels_shortlist_parallelInput/hls_outputs/hls_model_trial_046/myproject_prj/solution1/.autopilot/db/myproject.pp.0.cpp:58339:9: warning: Added loop label VITIS_LOOP_89_3:   [xilinx-label-all-loops]
        for (int i = 0; i < N / data_T::size; i++) {
        ^~~
        VITIS_LOOP_89_3: 
/home/dabadjiev/smartpixels_ml_dsabadjiev/Muon_Collider_Smart_Pixels/daniel/CrossParetoModels_shortlist_parallelInput/hls_outputs/hls_model_trial_046/myproject_prj/solution1/.autopilot/db/myproject.pp.0.cpp:58339:9: note: FIX-IT applied suggested code changes
/home/dabadjiev/smartpixels_ml_dsabadjiev/Muon_Collider_Smart_Pixels/daniel/CrossParetoModels_shortlist_parallelInput/hls_outputs/hls_model_trial_046/myproject_prj/solution1/.autopilot/db/myproject.pp.0.cpp:58348:13: warning: Added loop label VITIS_LOOP_98_4:   [xilinx-label-all-loops]
            for (int j = 0; j < pack_diff; j++) {
            ^~~
            VITIS_LOOP_98_4: 
/home/dabadjiev/smartpixels_ml_dsabadjiev/Muon_Collider_Smart_Pixels/daniel/CrossParetoModels_shortlist_parallelInput/hls_outputs/hls_model_trial_046/myproject_prj/solution1/.autopilot/db/myproject.pp.0.cpp:58348:13: note: FIX-IT applied suggested code changes
/home/dabadjiev/smartpixels_ml_dsabadjiev/Muon_Collider_Smart_Pixels/daniel/CrossParetoModels_shortlist_parallelInput/hls_outputs/hls_model_trial_046/myproject_prj/solution1/.autopilot/db/myproject.pp.0.cpp:58352:17: warning: Added loop label VITIS_LOOP_102_5:   [xilinx-label-all-loops]
                for (int k = 0; k < res_T::size; k++) {
                ^~~
                VITIS_LOOP_102_5: 
/home/dabadjiev/smartpixels_ml_dsabadjiev/Muon_Collider_Smart_Pixels/daniel/CrossParetoModels_shortlist_parallelInput/hls_outputs/hls_model_trial_046/myproject_prj/solution1/.autopilot/db/myproject.pp.0.cpp:58352:17: note: FIX-IT applied suggested code changes
/home/dabadjiev/smartpixels_ml_dsabadjiev/Muon_Collider_Smart_Pixels/daniel/CrossParetoModels_shortlist_parallelInput/hls_outputs/hls_model_trial_046/myproject_prj/solution1/.autopilot/db/myproject.pp.0.cpp:58363:9: warning: Added loop label VITIS_LOOP_113_6:   [xilinx-label-all-loops]
        for (int i = 0; i < N / data_T::size; i++) {
        ^~~
        VITIS_LOOP_113_6: 
/home/dabadjiev/smartpixels_ml_dsabadjiev/Muon_Collider_Smart_Pixels/daniel/CrossParetoModels_shortlist_parallelInput/hls_outputs/hls_model_trial_046/myproject_prj/solution1/.autopilot/db/myproject.pp.0.cpp:58363:9: note: FIX-IT applied suggested code changes
/home/dabadjiev/smartpixels_ml_dsabadjiev/Muon_Collider_Smart_Pixels/daniel/CrossParetoModels_shortlist_parallelInput/hls_outputs/hls_model_trial_046/myproject_prj/solution1/.autopilot/db/myproject.pp.0.cpp:58367:13: warning: Added loop label VITIS_LOOP_117_7:   [xilinx-label-all-loops]
            for (int j = 0; j < data_T::size; j++) {
            ^~~
            VITIS_LOOP_117_7: 
/home/dabadjiev/smartpixels_ml_dsabadjiev/Muon_Collider_Smart_Pixels/daniel/CrossParetoModels_shortlist_parallelInput/hls_outputs/hls_model_trial_046/myproject_prj/solution1/.autopilot/db/myproject.pp.0.cpp:58367:13: note: FIX-IT applied suggested code changes
/home/dabadjiev/smartpixels_ml_dsabadjiev/Muon_Collider_Smart_Pixels/daniel/CrossParetoModels_shortlist_parallelInput/hls_outputs/hls_model_trial_046/myproject_prj/solution1/.autopilot/db/myproject.pp.0.cpp:58391:9: warning: Added loop label VITIS_LOOP_141_1:   [xilinx-label-all-loops]
        for (int j = 0; j < n_dupl; j++) {
        ^~~
        VITIS_LOOP_141_1: 
/home/dabadjiev/smartpixels_ml_dsabadjiev/Muon_Collider_Smart_Pixels/daniel/CrossParetoModels_shortlist_parallelInput/hls_outputs/hls_model_trial_046/myproject_prj/solution1/.autopilot/db/myproject.pp.0.cpp:58391:9: note: FIX-IT applied suggested code changes
/home/dabadjiev/smartpixels_ml_dsabadjiev/Muon_Collider_Smart_Pixels/daniel/CrossParetoModels_shortlist_parallelInput/hls_outputs/hls_model_trial_046/myproject_prj/solution1/.autopilot/db/myproject.pp.0.cpp:58395:13: warning: Added loop label VITIS_LOOP_145_2:   [xilinx-label-all-loops]
            for (int k = 0; k < res_T::size; k++) {
            ^~~
            VITIS_LOOP_145_2: 
/home/dabadjiev/smartpixels_ml_dsabadjiev/Muon_Collider_Smart_Pixels/daniel/CrossParetoModels_shortlist_parallelInput/hls_outputs/hls_model_trial_046/myproject_prj/solution1/.autopilot/db/myproject.pp.0.cpp:58395:13: note: FIX-IT applied suggested code changes
/home/dabadjiev/smartpixels_ml_dsabadjiev/Muon_Collider_Smart_Pixels/daniel/CrossParetoModels_shortlist_parallelInput/hls_outputs/hls_model_trial_046/myproject_prj/solution1/.autopilot/db/myproject.pp.0.cpp:58414:9: warning: Added loop label VITIS_LOOP_164_1:   [xilinx-label-all-loops]
        for (int k = 0; k < res_T::size; k++) {
        ^~~
        VITIS_LOOP_164_1: 
/home/dabadjiev/smartpixels_ml_dsabadjiev/Muon_Collider_Smart_Pixels/daniel/CrossParetoModels_shortlist_parallelInput/hls_outputs/hls_model_trial_046/myproject_prj/solution1/.autopilot/db/myproject.pp.0.cpp:58414:9: note: FIX-IT applied suggested code changes
/home/dabadjiev/smartpixels_ml_dsabadjiev/Muon_Collider_Smart_Pixels/daniel/CrossParetoModels_shortlist_parallelInput/hls_outputs/hls_model_trial_046/myproject_prj/solution1/.autopilot/db/myproject.pp.0.cpp:58437:2: warning: Added loop label VITIS_LOOP_187_1:   [xilinx-label-all-loops]
 for (int i = 0; i < CONFIG_T::height * CONFIG_T::width / data_T::size; i++) {
 ^~~
 VITIS_LOOP_187_1: 
/home/dabadjiev/smartpixels_ml_dsabadjiev/Muon_Collider_Smart_Pixels/daniel/CrossParetoModels_shortlist_parallelInput/hls_outputs/hls_model_trial_046/myproject_prj/solution1/.autopilot/db/myproject.pp.0.cpp:58437:2: note: FIX-IT applied suggested code changes
/home/dabadjiev/smartpixels_ml_dsabadjiev/Muon_Collider_Smart_Pixels/daniel/CrossParetoModels_shortlist_parallelInput/hls_outputs/hls_model_trial_046/myproject_prj/solution1/.autopilot/db/myproject.pp.0.cpp:58440:9: warning: Added loop label VITIS_LOOP_190_2:   [xilinx-label-all-loops]
        for (int j = 0; j < data_T::size; j++) {
        ^~~
        VITIS_LOOP_190_2: 
/home/dabadjiev/smartpixels_ml_dsabadjiev/Muon_Collider_Smart_Pixels/daniel/CrossParetoModels_shortlist_parallelInput/hls_outputs/hls_model_trial_046/myproject_prj/solution1/.autopilot/db/myproject.pp.0.cpp:58440:9: note: FIX-IT applied suggested code changes
/home/dabadjiev/smartpixels_ml_dsabadjiev/Muon_Collider_Smart_Pixels/daniel/CrossParetoModels_shortlist_parallelInput/hls_outputs/hls_model_trial_046/myproject_prj/solution1/.autopilot/db/myproject.pp.0.cpp:58445:5: warning: Added loop label VITIS_LOOP_195_3:   [xilinx-label-all-loops]
    for (int i = 0; i < CONFIG_T::height * CONFIG_T::width / res_T::size; i++) {
    ^~~
    VITIS_LOOP_195_3: 
/home/dabadjiev/smartpixels_ml_dsabadjiev/Muon_Collider_Smart_Pixels/daniel/CrossParetoModels_shortlist_parallelInput/hls_outputs/hls_model_trial_046/myproject_prj/solution1/.autopilot/db/myproject.pp.0.cpp:58445:5: note: FIX-IT applied suggested code changes
/home/dabadjiev/smartpixels_ml_dsabadjiev/Muon_Collider_Smart_Pixels/daniel/CrossParetoModels_shortlist_parallelInput/hls_outputs/hls_model_trial_046/myproject_prj/solution1/.autopilot/db/myproject.pp.0.cpp:58449:9: warning: Added loop label VITIS_LOOP_199_4:   [xilinx-label-all-loops]
        for (int j = 0; j < res_T::size; j++) {
        ^~~
        VITIS_LOOP_199_4: 
/home/dabadjiev/smartpixels_ml_dsabadjiev/Muon_Collider_Smart_Pixels/daniel/CrossParetoModels_shortlist_parallelInput/hls_outputs/hls_model_trial_046/myproject_prj/solution1/.autopilot/db/myproject.pp.0.cpp:58449:9: note: FIX-IT applied suggested code changes
/home/dabadjiev/smartpixels_ml_dsabadjiev/Muon_Collider_Smart_Pixels/daniel/CrossParetoModels_shortlist_parallelInput/hls_outputs/hls_model_trial_046/myproject_prj/solution1/.autopilot/db/myproject.pp.0.cpp:58663:9: warning: Added loop label VITIS_LOOP_213_1:   [xilinx-label-all-loops]
        for (unsigned j = 0; j < data_T::size; j++) {
        ^~~
        VITIS_LOOP_213_1: 
/home/dabadjiev/smartpixels_ml_dsabadjiev/Muon_Collider_Smart_Pixels/daniel/CrossParetoModels_shortlist_parallelInput/hls_outputs/hls_model_trial_046/myproject_prj/solution1/.autopilot/db/myproject.pp.0.cpp:58663:9: note: FIX-IT applied suggested code changes
/home/dabadjiev/smartpixels_ml_dsabadjiev/Muon_Collider_Smart_Pixels/daniel/CrossParetoModels_shortlist_parallelInput/hls_outputs/hls_model_trial_046/myproject_prj/solution1/.autopilot/db/myproject.pp.0.cpp:58672:9: warning: Added loop label VITIS_LOOP_222_2:   [xilinx-label-all-loops]
        for (unsigned j = 0; j < data_T::size; j++) {
        ^~~
        VITIS_LOOP_222_2: 
/home/dabadjiev/smartpixels_ml_dsabadjiev/Muon_Collider_Smart_Pixels/daniel/CrossParetoModels_shortlist_parallelInput/hls_outputs/hls_model_trial_046/myproject_prj/solution1/.autopilot/db/myproject.pp.0.cpp:58672:9: note: FIX-IT applied suggested code changes
/home/dabadjiev/smartpixels_ml_dsabadjiev/Muon_Collider_Smart_Pixels/daniel/CrossParetoModels_shortlist_parallelInput/hls_outputs/hls_model_trial_046/myproject_prj/solution1/.autopilot/db/myproject.pp.0.cpp:58778:5: warning: Added loop label VITIS_LOOP_328_1:   [xilinx-label-all-loops]
    for (int i = 0; i < CONFIG_T::n_in / res_T::size; i++) {
    ^~~
    VITIS_LOOP_328_1: 
/home/dabadjiev/smartpixels_ml_dsabadjiev/Muon_Collider_Smart_Pixels/daniel/CrossParetoModels_shortlist_parallelInput/hls_outputs/hls_model_trial_046/myproject_prj/solution1/.autopilot/db/myproject.pp.0.cpp:58778:5: note: FIX-IT applied suggested code changes
/home/dabadjiev/smartpixels_ml_dsabadjiev/Muon_Collider_Smart_Pixels/daniel/CrossParetoModels_shortlist_parallelInput/hls_outputs/hls_model_trial_046/myproject_prj/solution1/.autopilot/db/myproject.pp.0.cpp:58783:9: warning: Added loop label VITIS_LOOP_333_2:   [xilinx-label-all-loops]
        for (int i = 0; i < res_T::size; i++) {
        ^~~
        VITIS_LOOP_333_2: 
/home/dabadjiev/smartpixels_ml_dsabadjiev/Muon_Collider_Smart_Pixels/daniel/CrossParetoModels_shortlist_parallelInput/hls_outputs/hls_model_trial_046/myproject_prj/solution1/.autopilot/db/myproject.pp.0.cpp:58783:9: note: FIX-IT applied suggested code changes
/home/dabadjiev/smartpixels_ml_dsabadjiev/Muon_Collider_Smart_Pixels/daniel/CrossParetoModels_shortlist_parallelInput/hls_outputs/hls_model_trial_046/myproject_prj/solution1/.autopilot/db/myproject.pp.0.cpp:58791:9: warning: Added loop label VITIS_LOOP_341_3:   [xilinx-label-all-loops]
        for (int i = 1; i < res_T::size; i++) {
        ^~~
        VITIS_LOOP_341_3: 
/home/dabadjiev/smartpixels_ml_dsabadjiev/Muon_Collider_Smart_Pixels/daniel/CrossParetoModels_shortlist_parallelInput/hls_outputs/hls_model_trial_046/myproject_prj/solution1/.autopilot/db/myproject.pp.0.cpp:58791:9: note: FIX-IT applied suggested code changes
/home/dabadjiev/smartpixels_ml_dsabadjiev/Muon_Collider_Smart_Pixels/daniel/CrossParetoModels_shortlist_parallelInput/hls_outputs/hls_model_trial_046/myproject_prj/solution1/.autopilot/db/myproject.pp.0.cpp:60043:9: warning: Added loop label VITIS_LOOP_64_1:   [xilinx-label-all-loops]
        for (unsigned i = 0; i < __SHIFT_DEPTH__; ++i)
        ^~~
        VITIS_LOOP_64_1: 
/home/dabadjiev/smartpixels_ml_dsabadjiev/Muon_Collider_Smart_Pixels/daniel/CrossParetoModels_shortlist_parallelInput/hls_outputs/hls_model_trial_046/myproject_prj/solution1/.autopilot/db/myproject.pp.0.cpp:60043:9: note: FIX-IT applied suggested code changes
/home/dabadjiev/smartpixels_ml_dsabadjiev/Muon_Collider_Smart_Pixels/daniel/CrossParetoModels_shortlist_parallelInput/hls_outputs/hls_model_trial_046/myproject_prj/solution1/.autopilot/db/myproject.pp.0.cpp:60050:9: warning: Added loop label VITIS_LOOP_71_1:   [xilinx-label-all-loops]
        for (unsigned i = 0; i < __SHIFT_DEPTH__; ++i)
        ^~~
        VITIS_LOOP_71_1: 
/home/dabadjiev/smartpixels_ml_dsabadjiev/Muon_Collider_Smart_Pixels/daniel/CrossParetoModels_shortlist_parallelInput/hls_outputs/hls_model_trial_046/myproject_prj/solution1/.autopilot/db/myproject.pp.0.cpp:60050:9: note: FIX-IT applied suggested code changes
/home/dabadjiev/smartpixels_ml_dsabadjiev/Muon_Collider_Smart_Pixels/daniel/CrossParetoModels_shortlist_parallelInput/hls_outputs/hls_model_trial_046/myproject_prj/solution1/.autopilot/db/myproject.pp.0.cpp:60578:5: warning: Added loop label VITIS_LOOP_14_1:   [xilinx-label-all-loops]
    for (unsigned k = 0; k < CONFIG_T::n_out; k++) {
    ^~~
    VITIS_LOOP_14_1: 
/home/dabadjiev/smartpixels_ml_dsabadjiev/Muon_Collider_Smart_Pixels/daniel/CrossParetoModels_shortlist_parallelInput/hls_outputs/hls_model_trial_046/myproject_prj/solution1/.autopilot/db/myproject.pp.0.cpp:60578:5: note: FIX-IT applied suggested code changes
/home/dabadjiev/smartpixels_ml_dsabadjiev/Muon_Collider_Smart_Pixels/daniel/CrossParetoModels_shortlist_parallelInput/hls_outputs/hls_model_trial_046/myproject_prj/solution1/.autopilot/db/myproject.pp.0.cpp:60638:9: warning: Added loop label VITIS_LOOP_74_1:   [xilinx-label-all-loops]
        for (int im = 0; im < CONFIG_T::n_out; im++) {
        ^~~
        VITIS_LOOP_74_1: 
/home/dabadjiev/smartpixels_ml_dsabadjiev/Muon_Collider_Smart_Pixels/daniel/CrossParetoModels_shortlist_parallelInput/hls_outputs/hls_model_trial_046/myproject_prj/solution1/.autopilot/db/myproject.pp.0.cpp:60638:9: note: FIX-IT applied suggested code changes
/home/dabadjiev/smartpixels_ml_dsabadjiev/Muon_Collider_Smart_Pixels/daniel/CrossParetoModels_shortlist_parallelInput/hls_outputs/hls_model_trial_046/myproject_prj/solution1/.autopilot/db/myproject.pp.0.cpp:60822:2: warning: Added loop label VITIS_LOOP_39_1:   [xilinx-label-all-loops]
 for (int ii = 0; ii < CONFIG_T::n_elem; ii++) {
 ^~~
 VITIS_LOOP_39_1: 
/home/dabadjiev/smartpixels_ml_dsabadjiev/Muon_Collider_Smart_Pixels/daniel/CrossParetoModels_shortlist_parallelInput/hls_outputs/hls_model_trial_046/myproject_prj/solution1/.autopilot/db/myproject.pp.0.cpp:60822:2: note: FIX-IT applied suggested code changes
/home/dabadjiev/smartpixels_ml_dsabadjiev/Muon_Collider_Smart_Pixels/daniel/CrossParetoModels_shortlist_parallelInput/hls_outputs/hls_model_trial_046/myproject_prj/solution1/.autopilot/db/myproject.pp.0.cpp:60831:2: warning: Added loop label VITIS_LOOP_48_1:   [xilinx-label-all-loops]
 for (int ii = 0; ii < CONFIG_T::n_elem; ii++) {
 ^~~
 VITIS_LOOP_48_1: 
/home/dabadjiev/smartpixels_ml_dsabadjiev/Muon_Collider_Smart_Pixels/daniel/CrossParetoModels_shortlist_parallelInput/hls_outputs/hls_model_trial_046/myproject_prj/solution1/.autopilot/db/myproject.pp.0.cpp:60831:2: note: FIX-IT applied suggested code changes
/home/dabadjiev/smartpixels_ml_dsabadjiev/Muon_Collider_Smart_Pixels/daniel/CrossParetoModels_shortlist_parallelInput/hls_outputs/hls_model_trial_046/myproject_prj/solution1/.autopilot/db/myproject.pp.0.cpp:60840:2: warning: Added loop label VITIS_LOOP_57_1:   [xilinx-label-all-loops]
 for (int ii = 0; ii < CONFIG_T::n_elem; ii++) {
 ^~~
 VITIS_LOOP_57_1: 
/home/dabadjiev/smartpixels_ml_dsabadjiev/Muon_Collider_Smart_Pixels/daniel/CrossParetoModels_shortlist_parallelInput/hls_outputs/hls_model_trial_046/myproject_prj/solution1/.autopilot/db/myproject.pp.0.cpp:60840:2: note: FIX-IT applied suggested code changes
/home/dabadjiev/smartpixels_ml_dsabadjiev/Muon_Collider_Smart_Pixels/daniel/CrossParetoModels_shortlist_parallelInput/hls_outputs/hls_model_trial_046/myproject_prj/solution1/.autopilot/db/myproject.pp.0.cpp:60849:2: warning: Added loop label VITIS_LOOP_66_1:   [xilinx-label-all-loops]
 for (int ii = 0; ii < CONFIG_T::n_elem; ii++) {
 ^~~
 VITIS_LOOP_66_1: 
/home/dabadjiev/smartpixels_ml_dsabadjiev/Muon_Collider_Smart_Pixels/daniel/CrossParetoModels_shortlist_parallelInput/hls_outputs/hls_model_trial_046/myproject_prj/solution1/.autopilot/db/myproject.pp.0.cpp:60849:2: note: FIX-IT applied suggested code changes
/home/dabadjiev/smartpixels_ml_dsabadjiev/Muon_Collider_Smart_Pixels/daniel/CrossParetoModels_shortlist_parallelInput/hls_outputs/hls_model_trial_046/myproject_prj/solution1/.autopilot/db/myproject.pp.0.cpp:60858:2: warning: Added loop label VITIS_LOOP_75_1:   [xilinx-label-all-loops]
 for (int ii = 0; ii < CONFIG_T::n_elem; ii++) {
 ^~~
 VITIS_LOOP_75_1: 
/home/dabadjiev/smartpixels_ml_dsabadjiev/Muon_Collider_Smart_Pixels/daniel/CrossParetoModels_shortlist_parallelInput/hls_outputs/hls_model_trial_046/myproject_prj/solution1/.autopilot/db/myproject.pp.0.cpp:60858:2: note: FIX-IT applied suggested code changes
/home/dabadjiev/smartpixels_ml_dsabadjiev/Muon_Collider_Smart_Pixels/daniel/CrossParetoModels_shortlist_parallelInput/hls_outputs/hls_model_trial_046/myproject_prj/solution1/.autopilot/db/myproject.pp.0.cpp:60867:2: warning: Added loop label VITIS_LOOP_84_1:   [xilinx-label-all-loops]
 for (int ii = 0; ii < CONFIG_T::n_elem; ii++) {
 ^~~
 VITIS_LOOP_84_1: 
/home/dabadjiev/smartpixels_ml_dsabadjiev/Muon_Collider_Smart_Pixels/daniel/CrossParetoModels_shortlist_parallelInput/hls_outputs/hls_model_trial_046/myproject_prj/solution1/.autopilot/db/myproject.pp.0.cpp:60867:2: note: FIX-IT applied suggested code changes
/home/dabadjiev/smartpixels_ml_dsabadjiev/Muon_Collider_Smart_Pixels/daniel/CrossParetoModels_shortlist_parallelInput/hls_outputs/hls_model_trial_046/myproject_prj/solution1/.autopilot/db/myproject.pp.0.cpp:60902:2: warning: Added loop label VITIS_LOOP_119_1:   [xilinx-label-all-loops]
 for (int ii = 0; ii < CONFIG_T::n_elem1_0; ii++) {
 ^~~
 VITIS_LOOP_119_1: 
/home/dabadjiev/smartpixels_ml_dsabadjiev/Muon_Collider_Smart_Pixels/daniel/CrossParetoModels_shortlist_parallelInput/hls_outputs/hls_model_trial_046/myproject_prj/solution1/.autopilot/db/myproject.pp.0.cpp:60902:2: note: FIX-IT applied suggested code changes
/home/dabadjiev/smartpixels_ml_dsabadjiev/Muon_Collider_Smart_Pixels/daniel/CrossParetoModels_shortlist_parallelInput/hls_outputs/hls_model_trial_046/myproject_prj/solution1/.autopilot/db/myproject.pp.0.cpp:60905:5: warning: Added loop label VITIS_LOOP_122_2:   [xilinx-label-all-loops]
    for (int ii = 0; ii < CONFIG_T::n_elem2_0; ii++) {
    ^~~
    VITIS_LOOP_122_2: 
/home/dabadjiev/smartpixels_ml_dsabadjiev/Muon_Collider_Smart_Pixels/daniel/CrossParetoModels_shortlist_parallelInput/hls_outputs/hls_model_trial_046/myproject_prj/solution1/.autopilot/db/myproject.pp.0.cpp:60905:5: note: FIX-IT applied suggested code changes
/home/dabadjiev/smartpixels_ml_dsabadjiev/Muon_Collider_Smart_Pixels/daniel/CrossParetoModels_shortlist_parallelInput/hls_outputs/hls_model_trial_046/myproject_prj/solution1/.autopilot/db/myproject.pp.0.cpp:60916:2: warning: Added loop label VITIS_LOOP_133_1:   [xilinx-label-all-loops]
 for (int ii = 0; ii < CONFIG_T::n_elem1_0 * CONFIG_T::n_elem1_1; ii++) {
 ^~~
 VITIS_LOOP_133_1: 
/home/dabadjiev/smartpixels_ml_dsabadjiev/Muon_Collider_Smart_Pixels/daniel/CrossParetoModels_shortlist_parallelInput/hls_outputs/hls_model_trial_046/myproject_prj/solution1/.autopilot/db/myproject.pp.0.cpp:60916:2: note: FIX-IT applied suggested code changes
/home/dabadjiev/smartpixels_ml_dsabadjiev/Muon_Collider_Smart_Pixels/daniel/CrossParetoModels_shortlist_parallelInput/hls_outputs/hls_model_trial_046/myproject_prj/solution1/.autopilot/db/myproject.pp.0.cpp:60919:5: warning: Added loop label VITIS_LOOP_136_2:   [xilinx-label-all-loops]
    for (int ii = 0; ii < CONFIG_T::n_elem2_0 * CONFIG_T::n_elem2_1; ii++) {
    ^~~
    VITIS_LOOP_136_2: 
/home/dabadjiev/smartpixels_ml_dsabadjiev/Muon_Collider_Smart_Pixels/daniel/CrossParetoModels_shortlist_parallelInput/hls_outputs/hls_model_trial_046/myproject_prj/solution1/.autopilot/db/myproject.pp.0.cpp:60919:5: note: FIX-IT applied suggested code changes
/home/dabadjiev/smartpixels_ml_dsabadjiev/Muon_Collider_Smart_Pixels/daniel/CrossParetoModels_shortlist_parallelInput/hls_outputs/hls_model_trial_046/myproject_prj/solution1/.autopilot/db/myproject.pp.0.cpp:60930:2: warning: Added loop label VITIS_LOOP_147_1:   [xilinx-label-all-loops]
 for (int ii = 0; ii < CONFIG_T::n_elem1_0; ii++) {
 ^~~
 VITIS_LOOP_147_1: 
/home/dabadjiev/smartpixels_ml_dsabadjiev/Muon_Collider_Smart_Pixels/daniel/CrossParetoModels_shortlist_parallelInput/hls_outputs/hls_model_trial_046/myproject_prj/solution1/.autopilot/db/myproject.pp.0.cpp:60930:2: note: FIX-IT applied suggested code changes
/home/dabadjiev/smartpixels_ml_dsabadjiev/Muon_Collider_Smart_Pixels/daniel/CrossParetoModels_shortlist_parallelInput/hls_outputs/hls_model_trial_046/myproject_prj/solution1/.autopilot/db/myproject.pp.0.cpp:60931:9: warning: Added loop label VITIS_LOOP_148_2:   [xilinx-label-all-loops]
        for (int jj = 0; jj < CONFIG_T::n_elem1_1; jj++) {
        ^~~
        VITIS_LOOP_148_2: 
/home/dabadjiev/smartpixels_ml_dsabadjiev/Muon_Collider_Smart_Pixels/daniel/CrossParetoModels_shortlist_parallelInput/hls_outputs/hls_model_trial_046/myproject_prj/solution1/.autopilot/db/myproject.pp.0.cpp:60931:9: note: FIX-IT applied suggested code changes
/home/dabadjiev/smartpixels_ml_dsabadjiev/Muon_Collider_Smart_Pixels/daniel/CrossParetoModels_shortlist_parallelInput/hls_outputs/hls_model_trial_046/myproject_prj/solution1/.autopilot/db/myproject.pp.0.cpp:60934:9: warning: Added loop label VITIS_LOOP_151_3:   [xilinx-label-all-loops]
        for (int jj = 0; jj < CONFIG_T::n_elem2_1; jj++) {
        ^~~
        VITIS_LOOP_151_3: 
/home/dabadjiev/smartpixels_ml_dsabadjiev/Muon_Collider_Smart_Pixels/daniel/CrossParetoModels_shortlist_parallelInput/hls_outputs/hls_model_trial_046/myproject_prj/solution1/.autopilot/db/myproject.pp.0.cpp:60934:9: note: FIX-IT applied suggested code changes
/home/dabadjiev/smartpixels_ml_dsabadjiev/Muon_Collider_Smart_Pixels/daniel/CrossParetoModels_shortlist_parallelInput/hls_outputs/hls_model_trial_046/myproject_prj/solution1/.autopilot/db/myproject.pp.0.cpp:60961:2: warning: Added loop label VITIS_LOOP_178_1:   [xilinx-label-all-loops]
 for (int ii = 0; ii < CONFIG_T::n_elem1_0 * CONFIG_T::n_elem1_1 * CONFIG_T::n_elem1_2; ii++) {
 ^~~
 VITIS_LOOP_178_1: 
/home/dabadjiev/smartpixels_ml_dsabadjiev/Muon_Collider_Smart_Pixels/daniel/CrossParetoModels_shortlist_parallelInput/hls_outputs/hls_model_trial_046/myproject_prj/solution1/.autopilot/db/myproject.pp.0.cpp:60961:2: note: FIX-IT applied suggested code changes
/home/dabadjiev/smartpixels_ml_dsabadjiev/Muon_Collider_Smart_Pixels/daniel/CrossParetoModels_shortlist_parallelInput/hls_outputs/hls_model_trial_046/myproject_prj/solution1/.autopilot/db/myproject.pp.0.cpp:60964:5: warning: Added loop label VITIS_LOOP_181_2:   [xilinx-label-all-loops]
    for (int ii = 0; ii < CONFIG_T::n_elem2_0 * CONFIG_T::n_elem2_1 * CONFIG_T::n_elem2_2; ii++) {
    ^~~
    VITIS_LOOP_181_2: 
/home/dabadjiev/smartpixels_ml_dsabadjiev/Muon_Collider_Smart_Pixels/daniel/CrossParetoModels_shortlist_parallelInput/hls_outputs/hls_model_trial_046/myproject_prj/solution1/.autopilot/db/myproject.pp.0.cpp:60964:5: note: FIX-IT applied suggested code changes
/home/dabadjiev/smartpixels_ml_dsabadjiev/Muon_Collider_Smart_Pixels/daniel/CrossParetoModels_shortlist_parallelInput/hls_outputs/hls_model_trial_046/myproject_prj/solution1/.autopilot/db/myproject.pp.0.cpp:60976:2: warning: Added loop label VITIS_LOOP_193_1:   [xilinx-label-all-loops]
 for (int ii = 0; ii < CONFIG_T::n_elem1_0; ii++) {
 ^~~
 VITIS_LOOP_193_1: 
/home/dabadjiev/smartpixels_ml_dsabadjiev/Muon_Collider_Smart_Pixels/daniel/CrossParetoModels_shortlist_parallelInput/hls_outputs/hls_model_trial_046/myproject_prj/solution1/.autopilot/db/myproject.pp.0.cpp:60976:2: note: FIX-IT applied suggested code changes
/home/dabadjiev/smartpixels_ml_dsabadjiev/Muon_Collider_Smart_Pixels/daniel/CrossParetoModels_shortlist_parallelInput/hls_outputs/hls_model_trial_046/myproject_prj/solution1/.autopilot/db/myproject.pp.0.cpp:60977:9: warning: Added loop label VITIS_LOOP_194_2:   [xilinx-label-all-loops]
        for (int jj = 0; jj < CONFIG_T::n_elem1_1; jj++) {
        ^~~
        VITIS_LOOP_194_2: 
/home/dabadjiev/smartpixels_ml_dsabadjiev/Muon_Collider_Smart_Pixels/daniel/CrossParetoModels_shortlist_parallelInput/hls_outputs/hls_model_trial_046/myproject_prj/solution1/.autopilot/db/myproject.pp.0.cpp:60977:9: note: FIX-IT applied suggested code changes
/home/dabadjiev/smartpixels_ml_dsabadjiev/Muon_Collider_Smart_Pixels/daniel/CrossParetoModels_shortlist_parallelInput/hls_outputs/hls_model_trial_046/myproject_prj/solution1/.autopilot/db/myproject.pp.0.cpp:60978:13: warning: Added loop label VITIS_LOOP_195_3:   [xilinx-label-all-loops]
            for (int kk = 0; kk < CONFIG_T::n_elem1_2; kk++) {
            ^~~
            VITIS_LOOP_195_3: 
/home/dabadjiev/smartpixels_ml_dsabadjiev/Muon_Collider_Smart_Pixels/daniel/CrossParetoModels_shortlist_parallelInput/hls_outputs/hls_model_trial_046/myproject_prj/solution1/.autopilot/db/myproject.pp.0.cpp:60978:13: note: FIX-IT applied suggested code changes
/home/dabadjiev/smartpixels_ml_dsabadjiev/Muon_Collider_Smart_Pixels/daniel/CrossParetoModels_shortlist_parallelInput/hls_outputs/hls_model_trial_046/myproject_prj/solution1/.autopilot/db/myproject.pp.0.cpp:60985:9: warning: Added loop label VITIS_LOOP_202_4:   [xilinx-label-all-loops]
        for (int jj = 0; jj < CONFIG_T::n_elem2_1; jj++) {
        ^~~
        VITIS_LOOP_202_4: 
/home/dabadjiev/smartpixels_ml_dsabadjiev/Muon_Collider_Smart_Pixels/daniel/CrossParetoModels_shortlist_parallelInput/hls_outputs/hls_model_trial_046/myproject_prj/solution1/.autopilot/db/myproject.pp.0.cpp:60985:9: note: FIX-IT applied suggested code changes
/home/dabadjiev/smartpixels_ml_dsabadjiev/Muon_Collider_Smart_Pixels/daniel/CrossParetoModels_shortlist_parallelInput/hls_outputs/hls_model_trial_046/myproject_prj/solution1/.autopilot/db/myproject.pp.0.cpp:60986:13: warning: Added loop label VITIS_LOOP_203_5:   [xilinx-label-all-loops]
            for (int kk = 0; kk < CONFIG_T::n_elem2_2; kk++) {
            ^~~
            VITIS_LOOP_203_5: 
/home/dabadjiev/smartpixels_ml_dsabadjiev/Muon_Collider_Smart_Pixels/daniel/CrossParetoModels_shortlist_parallelInput/hls_outputs/hls_model_trial_046/myproject_prj/solution1/.autopilot/db/myproject.pp.0.cpp:60986:13: note: FIX-IT applied suggested code changes
/home/dabadjiev/smartpixels_ml_dsabadjiev/Muon_Collider_Smart_Pixels/daniel/CrossParetoModels_shortlist_parallelInput/hls_outputs/hls_model_trial_046/myproject_prj/solution1/.autopilot/db/myproject.pp.0.cpp:61003:2: warning: Added loop label VITIS_LOOP_220_1:   [xilinx-label-all-loops]
 for (int ii = 0; ii < CONFIG_T::n_elem1_0; ii++) {
 ^~~
 VITIS_LOOP_220_1: 
/home/dabadjiev/smartpixels_ml_dsabadjiev/Muon_Collider_Smart_Pixels/daniel/CrossParetoModels_shortlist_parallelInput/hls_outputs/hls_model_trial_046/myproject_prj/solution1/.autopilot/db/myproject.pp.0.cpp:61003:2: note: FIX-IT applied suggested code changes
/home/dabadjiev/smartpixels_ml_dsabadjiev/Muon_Collider_Smart_Pixels/daniel/CrossParetoModels_shortlist_parallelInput/hls_outputs/hls_model_trial_046/myproject_prj/solution1/.autopilot/db/myproject.pp.0.cpp:61004:9: warning: Added loop label VITIS_LOOP_221_2:   [xilinx-label-all-loops]
        for (int jj = 0; jj < CONFIG_T::n_elem1_1; jj++) {
        ^~~
        VITIS_LOOP_221_2: 
/home/dabadjiev/smartpixels_ml_dsabadjiev/Muon_Collider_Smart_Pixels/daniel/CrossParetoModels_shortlist_parallelInput/hls_outputs/hls_model_trial_046/myproject_prj/solution1/.autopilot/db/myproject.pp.0.cpp:61004:9: note: FIX-IT applied suggested code changes
/home/dabadjiev/smartpixels_ml_dsabadjiev/Muon_Collider_Smart_Pixels/daniel/CrossParetoModels_shortlist_parallelInput/hls_outputs/hls_model_trial_046/myproject_prj/solution1/.autopilot/db/myproject.pp.0.cpp:61005:13: warning: Added loop label VITIS_LOOP_222_3:   [xilinx-label-all-loops]
            for (int kk = 0; kk < CONFIG_T::n_elem1_2; kk++) {
            ^~~
            VITIS_LOOP_222_3: 
/home/dabadjiev/smartpixels_ml_dsabadjiev/Muon_Collider_Smart_Pixels/daniel/CrossParetoModels_shortlist_parallelInput/hls_outputs/hls_model_trial_046/myproject_prj/solution1/.autopilot/db/myproject.pp.0.cpp:61005:13: note: FIX-IT applied suggested code changes
/home/dabadjiev/smartpixels_ml_dsabadjiev/Muon_Collider_Smart_Pixels/daniel/CrossParetoModels_shortlist_parallelInput/hls_outputs/hls_model_trial_046/myproject_prj/solution1/.autopilot/db/myproject.pp.0.cpp:61011:13: warning: Added loop label VITIS_LOOP_228_4:   [xilinx-label-all-loops]
            for (int kk = 0; kk < CONFIG_T::n_elem1_2; kk++) {
            ^~~
            VITIS_LOOP_228_4: 
/home/dabadjiev/smartpixels_ml_dsabadjiev/Muon_Collider_Smart_Pixels/daniel/CrossParetoModels_shortlist_parallelInput/hls_outputs/hls_model_trial_046/myproject_prj/solution1/.autopilot/db/myproject.pp.0.cpp:61011:13: note: FIX-IT applied suggested code changes
/home/dabadjiev/smartpixels_ml_dsabadjiev/Muon_Collider_Smart_Pixels/daniel/CrossParetoModels_shortlist_parallelInput/hls_outputs/hls_model_trial_046/myproject_prj/solution1/.autopilot/db/myproject.pp.0.cpp:61423:5: warning: Added loop label VITIS_LOOP_13_1:   [xilinx-label-all-loops]
    for (int i = 1; i < N; i++) {
    ^~~
    VITIS_LOOP_13_1: 
/home/dabadjiev/smartpixels_ml_dsabadjiev/Muon_Collider_Smart_Pixels/daniel/CrossParetoModels_shortlist_parallelInput/hls_outputs/hls_model_trial_046/myproject_prj/solution1/.autopilot/db/myproject.pp.0.cpp:61423:5: note: FIX-IT applied suggested code changes
/home/dabadjiev/smartpixels_ml_dsabadjiev/Muon_Collider_Smart_Pixels/daniel/CrossParetoModels_shortlist_parallelInput/hls_outputs/hls_model_trial_046/myproject_prj/solution1/.autopilot/db/myproject.pp.0.cpp:61432:5: warning: Added loop label VITIS_LOOP_22_1:   [xilinx-label-all-loops]
    for (int i = 0; i < N; i++) {
    ^~~
    VITIS_LOOP_22_1: 
/home/dabadjiev/smartpixels_ml_dsabadjiev/Muon_Collider_Smart_Pixels/daniel/CrossParetoModels_shortlist_parallelInput/hls_outputs/hls_model_trial_046/myproject_prj/solution1/.autopilot/db/myproject.pp.0.cpp:61432:5: note: FIX-IT applied suggested code changes
/home/dabadjiev/smartpixels_ml_dsabadjiev/Muon_Collider_Smart_Pixels/daniel/CrossParetoModels_shortlist_parallelInput/hls_outputs/hls_model_trial_046/myproject_prj/solution1/.autopilot/db/myproject.pp.0.cpp:61444:5: warning: Added loop label VITIS_LOOP_34_1:   [xilinx-label-all-loops]
    for (int i = 0; i < N; i++) {
    ^~~
    VITIS_LOOP_34_1: 
/home/dabadjiev/smartpixels_ml_dsabadjiev/Muon_Collider_Smart_Pixels/daniel/CrossParetoModels_shortlist_parallelInput/hls_outputs/hls_model_trial_046/myproject_prj/solution1/.autopilot/db/myproject.pp.0.cpp:61444:5: note: FIX-IT applied suggested code changes
/home/dabadjiev/smartpixels_ml_dsabadjiev/Muon_Collider_Smart_Pixels/daniel/CrossParetoModels_shortlist_parallelInput/hls_outputs/hls_model_trial_046/myproject_prj/solution1/.autopilot/db/myproject.pp.0.cpp:61456:5: warning: Added loop label VITIS_LOOP_46_1:   [xilinx-label-all-loops]
    for (int i = 0; i < N; i++) {
    ^~~
    VITIS_LOOP_46_1: 
/home/dabadjiev/smartpixels_ml_dsabadjiev/Muon_Collider_Smart_Pixels/daniel/CrossParetoModels_shortlist_parallelInput/hls_outputs/hls_model_trial_046/myproject_prj/solution1/.autopilot/db/myproject.pp.0.cpp:61456:5: note: FIX-IT applied suggested code changes
/home/dabadjiev/smartpixels_ml_dsabadjiev/Muon_Collider_Smart_Pixels/daniel/CrossParetoModels_shortlist_parallelInput/hls_outputs/hls_model_trial_046/myproject_prj/solution1/.autopilot/db/myproject.pp.0.cpp:61524:5: warning: Added loop label VITIS_LOOP_114_1:   [xilinx-label-all-loops]
    for (int ff = 0; ff < CONFIG_T::n_filt; ff++) {
    ^~~
    VITIS_LOOP_114_1: 
/home/dabadjiev/smartpixels_ml_dsabadjiev/Muon_Collider_Smart_Pixels/daniel/CrossParetoModels_shortlist_parallelInput/hls_outputs/hls_model_trial_046/myproject_prj/solution1/.autopilot/db/myproject.pp.0.cpp:61524:5: note: FIX-IT applied suggested code changes
/home/dabadjiev/smartpixels_ml_dsabadjiev/Muon_Collider_Smart_Pixels/daniel/CrossParetoModels_shortlist_parallelInput/hls_outputs/hls_model_trial_046/myproject_prj/solution1/.autopilot/db/myproject.pp.0.cpp:61526:9: warning: Added loop label VITIS_LOOP_116_2:   [xilinx-label-all-loops]
        for (int ii = 0; ii < padded_width; ii += CONFIG_T::stride_width) {
        ^~~
        VITIS_LOOP_116_2: 
/home/dabadjiev/smartpixels_ml_dsabadjiev/Muon_Collider_Smart_Pixels/daniel/CrossParetoModels_shortlist_parallelInput/hls_outputs/hls_model_trial_046/myproject_prj/solution1/.autopilot/db/myproject.pp.0.cpp:61526:9: note: FIX-IT applied suggested code changes
/home/dabadjiev/smartpixels_ml_dsabadjiev/Muon_Collider_Smart_Pixels/daniel/CrossParetoModels_shortlist_parallelInput/hls_outputs/hls_model_trial_046/myproject_prj/solution1/.autopilot/db/myproject.pp.0.cpp:61531:13: warning: Added loop label VITIS_LOOP_121_3:   [xilinx-label-all-loops]
            for (int jj = 0; jj < CONFIG_T::stride_width; jj++) {
            ^~~
            VITIS_LOOP_121_3: 
/home/dabadjiev/smartpixels_ml_dsabadjiev/Muon_Collider_Smart_Pixels/daniel/CrossParetoModels_shortlist_parallelInput/hls_outputs/hls_model_trial_046/myproject_prj/solution1/.autopilot/db/myproject.pp.0.cpp:61531:13: note: FIX-IT applied suggested code changes
/home/dabadjiev/smartpixels_ml_dsabadjiev/Muon_Collider_Smart_Pixels/daniel/CrossParetoModels_shortlist_parallelInput/hls_outputs/hls_model_trial_046/myproject_prj/solution1/.autopilot/db/myproject.pp.0.cpp:61565:2: warning: Added loop label VITIS_LOOP_155_1:   [xilinx-label-all-loops]
 for (int ff = 0; ff < CONFIG_T::n_filt; ff++) {
 ^~~
 VITIS_LOOP_155_1: 
/home/dabadjiev/smartpixels_ml_dsabadjiev/Muon_Collider_Smart_Pixels/daniel/CrossParetoModels_shortlist_parallelInput/hls_outputs/hls_model_trial_046/myproject_prj/solution1/.autopilot/db/myproject.pp.0.cpp:61565:2: note: FIX-IT applied suggested code changes
/home/dabadjiev/smartpixels_ml_dsabadjiev/Muon_Collider_Smart_Pixels/daniel/CrossParetoModels_shortlist_parallelInput/hls_outputs/hls_model_trial_046/myproject_prj/solution1/.autopilot/db/myproject.pp.0.cpp:61567:9: warning: Added loop label VITIS_LOOP_157_2:   [xilinx-label-all-loops]
        for (int jj = 0; jj < CONFIG_T::n_in; jj++) {
        ^~~
        VITIS_LOOP_157_2: 
/home/dabadjiev/smartpixels_ml_dsabadjiev/Muon_Collider_Smart_Pixels/daniel/CrossParetoModels_shortlist_parallelInput/hls_outputs/hls_model_trial_046/myproject_prj/solution1/.autopilot/db/myproject.pp.0.cpp:61567:9: note: FIX-IT applied suggested code changes
/home/dabadjiev/smartpixels_ml_dsabadjiev/Muon_Collider_Smart_Pixels/daniel/CrossParetoModels_shortlist_parallelInput/hls_outputs/hls_model_trial_046/myproject_prj/solution1/.autopilot/db/myproject.pp.0.cpp:61621:5: warning: Added loop label VITIS_LOOP_211_1:   [xilinx-label-all-loops]
    for (int ff = 0; ff < CONFIG_T::n_filt; ff++) {
    ^~~
    VITIS_LOOP_211_1: 
/home/dabadjiev/smartpixels_ml_dsabadjiev/Muon_Collider_Smart_Pixels/daniel/CrossParetoModels_shortlist_parallelInput/hls_outputs/hls_model_trial_046/myproject_prj/solution1/.autopilot/db/myproject.pp.0.cpp:61621:5: note: FIX-IT applied suggested code changes
/home/dabadjiev/smartpixels_ml_dsabadjiev/Muon_Collider_Smart_Pixels/daniel/CrossParetoModels_shortlist_parallelInput/hls_outputs/hls_model_trial_046/myproject_prj/solution1/.autopilot/db/myproject.pp.0.cpp:61623:9: warning: Added loop label VITIS_LOOP_213_2:   [xilinx-label-all-loops]
        for (int ii = 0; ii < padded_height; ii += CONFIG_T::stride_height) {
        ^~~
        VITIS_LOOP_213_2: 
/home/dabadjiev/smartpixels_ml_dsabadjiev/Muon_Collider_Smart_Pixels/daniel/CrossParetoModels_shortlist_parallelInput/hls_outputs/hls_model_trial_046/myproject_prj/solution1/.autopilot/db/myproject.pp.0.cpp:61623:9: note: FIX-IT applied suggested code changes
/home/dabadjiev/smartpixels_ml_dsabadjiev/Muon_Collider_Smart_Pixels/daniel/CrossParetoModels_shortlist_parallelInput/hls_outputs/hls_model_trial_046/myproject_prj/solution1/.autopilot/db/myproject.pp.0.cpp:61625:13: warning: Added loop label VITIS_LOOP_215_3:   [xilinx-label-all-loops]
            for (int jj = 0; jj < padded_width; jj += CONFIG_T::stride_width) {
            ^~~
            VITIS_LOOP_215_3: 
/home/dabadjiev/smartpixels_ml_dsabadjiev/Muon_Collider_Smart_Pixels/daniel/CrossParetoModels_shortlist_parallelInput/hls_outputs/hls_model_trial_046/myproject_prj/solution1/.autopilot/db/myproject.pp.0.cpp:61625:13: note: FIX-IT applied suggested code changes
/home/dabadjiev/smartpixels_ml_dsabadjiev/Muon_Collider_Smart_Pixels/daniel/CrossParetoModels_shortlist_parallelInput/hls_outputs/hls_model_trial_046/myproject_prj/solution1/.autopilot/db/myproject.pp.0.cpp:61630:17: warning: Added loop label VITIS_LOOP_220_4:   [xilinx-label-all-loops]
                for (int kk = 0; kk < CONFIG_T::stride_height; kk++) {
                ^~~
                VITIS_LOOP_220_4: 
/home/dabadjiev/smartpixels_ml_dsabadjiev/Muon_Collider_Smart_Pixels/daniel/CrossParetoModels_shortlist_parallelInput/hls_outputs/hls_model_trial_046/myproject_prj/solution1/.autopilot/db/myproject.pp.0.cpp:61630:17: note: FIX-IT applied suggested code changes
/home/dabadjiev/smartpixels_ml_dsabadjiev/Muon_Collider_Smart_Pixels/daniel/CrossParetoModels_shortlist_parallelInput/hls_outputs/hls_model_trial_046/myproject_prj/solution1/.autopilot/db/myproject.pp.0.cpp:61632:21: warning: Added loop label VITIS_LOOP_222_5:   [xilinx-label-all-loops]
                    for (int ll = 0; ll < CONFIG_T::stride_width; ll++) {
                    ^~~
                    VITIS_LOOP_222_5: 
/home/dabadjiev/smartpixels_ml_dsabadjiev/Muon_Collider_Smart_Pixels/daniel/CrossParetoModels_shortlist_parallelInput/hls_outputs/hls_model_trial_046/myproject_prj/solution1/.autopilot/db/myproject.pp.0.cpp:61632:21: note: FIX-IT applied suggested code changes
/home/dabadjiev/smartpixels_ml_dsabadjiev/Muon_Collider_Smart_Pixels/daniel/CrossParetoModels_shortlist_parallelInput/hls_outputs/hls_model_trial_046/myproject_prj/solution1/.autopilot/db/myproject.pp.0.cpp:61680:5: warning: Added loop label VITIS_LOOP_270_1:   [xilinx-label-all-loops]
    for (int ff = 0; ff < CONFIG_T::n_filt; ff++) {
    ^~~
    VITIS_LOOP_270_1: 
/home/dabadjiev/smartpixels_ml_dsabadjiev/Muon_Collider_Smart_Pixels/daniel/CrossParetoModels_shortlist_parallelInput/hls_outputs/hls_model_trial_046/myproject_prj/solution1/.autopilot/db/myproject.pp.0.cpp:61680:5: note: FIX-IT applied suggested code changes
/home/dabadjiev/smartpixels_ml_dsabadjiev/Muon_Collider_Smart_Pixels/daniel/CrossParetoModels_shortlist_parallelInput/hls_outputs/hls_model_trial_046/myproject_prj/solution1/.autopilot/db/myproject.pp.0.cpp:61682:9: warning: Added loop label VITIS_LOOP_272_2:   [xilinx-label-all-loops]
        for (int ii = 0; ii < padded_height; ii += CONFIG_T::stride_height) {
        ^~~
        VITIS_LOOP_272_2: 
/home/dabadjiev/smartpixels_ml_dsabadjiev/Muon_Collider_Smart_Pixels/daniel/CrossParetoModels_shortlist_parallelInput/hls_outputs/hls_model_trial_046/myproject_prj/solution1/.autopilot/db/myproject.pp.0.cpp:61682:9: note: FIX-IT applied suggested code changes
/home/dabadjiev/smartpixels_ml_dsabadjiev/Muon_Collider_Smart_Pixels/daniel/CrossParetoModels_shortlist_parallelInput/hls_outputs/hls_model_trial_046/myproject_prj/solution1/.autopilot/db/myproject.pp.0.cpp:61684:13: warning: Added loop label VITIS_LOOP_274_3:   [xilinx-label-all-loops]
            for (int jj = 0; jj < padded_width; jj += CONFIG_T::stride_width) {
            ^~~
            VITIS_LOOP_274_3: 
/home/dabadjiev/smartpixels_ml_dsabadjiev/Muon_Collider_Smart_Pixels/daniel/CrossParetoModels_shortlist_parallelInput/hls_outputs/hls_model_trial_046/myproject_prj/solution1/.autopilot/db/myproject.pp.0.cpp:61684:13: note: FIX-IT applied suggested code changes
/home/dabadjiev/smartpixels_ml_dsabadjiev/Muon_Collider_Smart_Pixels/daniel/CrossParetoModels_shortlist_parallelInput/hls_outputs/hls_model_trial_046/myproject_prj/solution1/.autopilot/db/myproject.pp.0.cpp:61689:17: warning: Added loop label VITIS_LOOP_279_4:   [xilinx-label-all-loops]
                for (int kk = 0; kk < CONFIG_T::stride_height; kk++) {
                ^~~
                VITIS_LOOP_279_4: 
/home/dabadjiev/smartpixels_ml_dsabadjiev/Muon_Collider_Smart_Pixels/daniel/CrossParetoModels_shortlist_parallelInput/hls_outputs/hls_model_trial_046/myproject_prj/solution1/.autopilot/db/myproject.pp.0.cpp:61689:17: note: FIX-IT applied suggested code changes
/home/dabadjiev/smartpixels_ml_dsabadjiev/Muon_Collider_Smart_Pixels/daniel/CrossParetoModels_shortlist_parallelInput/hls_outputs/hls_model_trial_046/myproject_prj/solution1/.autopilot/db/myproject.pp.0.cpp:61691:21: warning: Added loop label VITIS_LOOP_281_5:   [xilinx-label-all-loops]
                    for (int ll = 0; ll < CONFIG_T::stride_width; ll++) {
                    ^~~
                    VITIS_LOOP_281_5: 
/home/dabadjiev/smartpixels_ml_dsabadjiev/Muon_Collider_Smart_Pixels/daniel/CrossParetoModels_shortlist_parallelInput/hls_outputs/hls_model_trial_046/myproject_prj/solution1/.autopilot/db/myproject.pp.0.cpp:61691:21: note: FIX-IT applied suggested code changes
