================================================================
== Design Size Report
================================================================

* Total Instructions per Compilation Phase
+---------------+-----------------------------+--------------+----------------------------------------------------------------------------------------+
| Phase         | Step                        | Instructions | Description                                                                            |
+---------------+-----------------------------+--------------+----------------------------------------------------------------------------------------+
| Compile/Link  |                             | 3,046        | After all functions are compiled and linked into a single design                       |
|               |                             |              |                                                                                        |
| Unroll/Inline |                             |              | After user unroll and inline pragmas are applied                                       |
|               | (1) unroll                  | 5,550        | user unroll pragmas are applied                                                        |
|               | (2) simplification          | 1,800        | simplification of applied user unroll pragmas                                          |
|               | (3) inline                  | 1,731        | user inline pragmas are applied                                                        |
|               | (4) simplification          | 1,653        | simplification of applied user inline pragmas                                          |
|               |                             |              |                                                                                        |
| Array/Struct  |                             |              | After user array partition and struct aggregate/disaggregate pragmas are applied       |
|               | (1) array partition         |   601        | user array partition pragmas are applied                                               |
|               | (2) simplification          |   601        | simplification of applied user array partition & struct aggregate/disaggregate pragmas |
|               | (3) aggregate/disaggregate  |   601        | user struct aggregate/disaggregate pragmas are applied                                 |
|               | (4) array reshape           |   605        | apply array reshape pragmas                                                            |
|               | (5) access patterns         |   597        | array access pattern optmizations                                                      |
|               |                             |              |                                                                                        |
| Performance   |                             |              | After transformations are applied to meet performance pragma targets                   |
|               | (1) loop simplification     |   597        | loop and instruction simplification                                                    |
|               | (2) parallelization         |   597        | loops are unrolled or pipelined to meet performance targets                            |
|               | (3) array partition         |   597        | arrays are partitioned to meet performance targets                                     |
|               | (4) simplification          |   597        | simplification of design after performance transformations                             |
|               |                             |              |                                                                                        |
| HW Transforms |                             |              | After hardware transfomations                                                          |
|               | (1) lowering                |   602        | initial conversion to HW specific instructions                                         |
|               | (2) optimizations           |   613        | high level synthesis optimizations                                                     |
+---------------+-----------------------------+--------------+----------------------------------------------------------------------------------------+

* Instructions per Function for each Compilation Phase
+--------------------------------------+-------------------------+--------------+---------------+--------------+-------------+---------------+
| Function                             | Location                | Compile/Link | Unroll/Inline | Array/Struct | Performance | HW Transforms |
+--------------------------------------+-------------------------+--------------+---------------+--------------+-------------+---------------+
| + myproject                          | myproject.cpp:6         | 3,046        | 1,653         | 597          | 597         | 613           |
|    concatenate1d<ap_fixed<16, 6...   | nnet_merge.h:115        |   32         |    6          |   7          |   5         |   6           |
|    concatenate1d<ap_fixed<16, 6...   | nnet_merge.h:115        |   32         |   10          |   8          |   5         |   6           |
|    concatenate1d<ap_fixed<16, 6...   | nnet_merge.h:115        |   32         |   14          |  10          |   6         |   7           |
|  + dense<ap_fixed<16, 6, AP_TRN...   | nnet_dense.h:36         |  533         |               |              |             |               |
|   + dense_latency<ap_fixed<16, 6...  | nnet_dense_latency.h:13 |  531         |               |              |             |               |
|      product                         | nnet_mult.h:70          |  137         |               |              |             |               |
|      cast<ap_fixed<16, 6, AP_TRN,... | nnet_mult.h:110         |    3         |               |              |             |               |
|    relu<ap_fixed<16, 6, AP_TRN,...   | nnet_activation.h:39    |  177         |   62          |  50          |  43         |  44           |
|  + dense<ap_fixed<16, 6, AP_TRN...   | nnet_dense.h:36         |  533         |               |              |             |               |
|   + dense_latency<ap_fixed<16, 6...  | nnet_dense_latency.h:13 |  531         |               |              |             |               |
|      product                         | nnet_mult.h:70          |  137         |               |              |             |               |
|      cast<ap_fixed<16, 6, AP_TRN,... | nnet_mult.h:110         |    3         |               |              |             |               |
|    relu<ap_fixed<16, 6, AP_TRN,...   | nnet_activation.h:39    |  177         |   62          |  50          |  43         |  44           |
|  + dense<ap_fixed<16, 6, AP_TRN...   | nnet_dense.h:36         |  533         |               |              |             |               |
|   + dense_latency<ap_fixed<16, 6...  | nnet_dense_latency.h:13 |  531         |               |              |             |               |
|      product                         | nnet_mult.h:70          |  137         |               |              |             |               |
|      cast<ap_fixed<16, 6, AP_TRN,... | nnet_mult.h:110         |    3         |               |              |             |               |
|  + sigmoid<ap_fixed<16, 6, AP_T...   | nnet_activation.h:95    |  913         |   26          |  26          |  25         |  26           |
|   + init_sigmoid_table<sigmoid_c...  | nnet_activation.h:81    |  432         |               |              |             |               |
|      sigmoid_fcn_float               | nnet_activation.h:79    |    9         |               |              |             |               |
|    dense_latency<ap_fixed<16, 6...   | nnet_dense_latency.h:13 |              |  505          | 129          | 125         | 126           |
|    dense_latency<ap_fixed<16, 6...   | nnet_dense_latency.h:13 |              |  871          | 219          | 212         | 213           |
|    dense_latency<ap_fixed<16, 6...   | nnet_dense_latency.h:13 |              |   55          |  45          |  38         |  39           |
+--------------------------------------+-------------------------+--------------+---------------+--------------+-------------+---------------+

* Design Size Message Settings
+---------------------------------------------+--------+------------------------------------------------------------------+
| Message Setting                             | Value  | Description                                                      |
+---------------------------------------------+--------+------------------------------------------------------------------+
| config_compile -design_size_maximum_warning | 100000 | Show a warning when total design instructions exceeds this value |
+---------------------------------------------+--------+------------------------------------------------------------------+


