

================================================================
== Vitis HLS Report for 'dense_latency_ap_fixed_16_6_5_3_0_ap_fixed_16_6_5_3_0_config10_s'
================================================================
* Date:           Tue Mar  3 12:18:49 2026

* Version:        2024.1 (Build 5069499 on May 21 2024)
* Project:        myproject_prj
* Solution:       solution1 (Vivado IP Flow Target)
* Product family: zynq
* Target device:  xc7z020-clg400-1


================================================================
== Performance Estimates
================================================================
+ Timing: 
    * Summary: 
    +--------+---------+----------+------------+
    |  Clock |  Target | Estimated| Uncertainty|
    +--------+---------+----------+------------+
    |ap_clk  |  5.00 ns|  4.362 ns|     0.62 ns|
    +--------+---------+----------+------------+

+ Latency: 
    * Summary: 
    +---------+---------+-----------+-----------+-----+-----+---------+
    |  Latency (cycles) |   Latency (absolute)  |  Interval | Pipeline|
    |   min   |   max   |    min    |    max    | min | max |   Type  |
    +---------+---------+-----------+-----------+-----+-----+---------+
    |        4|        4|  20.000 ns|  20.000 ns|    1|    1|      yes|
    +---------+---------+-----------+-----------+-----+-----+---------+

    + Detail: 
        * Instance: 
        N/A

        * Loop: 
        N/A



================================================================
== Utilization Estimates
================================================================
* Summary: 
+-----------------+---------+-----+--------+-------+-----+
|       Name      | BRAM_18K| DSP |   FF   |  LUT  | URAM|
+-----------------+---------+-----+--------+-------+-----+
|DSP              |        -|    -|       -|      -|    -|
|Expression       |        -|    -|       0|   1076|    -|
|FIFO             |        -|    -|       -|      -|    -|
|Instance         |        -|   45|    3015|     90|    -|
|Memory           |        -|    -|       -|      -|    -|
|Multiplexer      |        -|    -|       0|     98|    -|
|Register         |        -|    -|    1592|     32|    -|
+-----------------+---------+-----+--------+-------+-----+
|Total            |        0|   45|    4607|   1296|    0|
+-----------------+---------+-----+--------+-------+-----+
|Available        |      280|  220|  106400|  53200|    0|
+-----------------+---------+-----+--------+-------+-----+
|Utilization (%)  |        0|   20|       4|      2|    0|
+-----------------+---------+-----+--------+-------+-----+

+ Detail: 
    * Instance: 
    +-------------------------+---------------------+---------+----+----+----+-----+
    |         Instance        |        Module       | BRAM_18K| DSP| FF | LUT| URAM|
    +-------------------------+---------------------+---------+----+----+----+-----+
    |mul_16s_10s_26_2_0_U63   |mul_16s_10s_26_2_0   |        0|   1|  67|   2|    0|
    |mul_16s_10s_26_2_0_U72   |mul_16s_10s_26_2_0   |        0|   1|  67|   2|    0|
    |mul_16s_10s_26_2_0_U76   |mul_16s_10s_26_2_0   |        0|   1|  67|   2|    0|
    |mul_16s_10s_26_2_0_U87   |mul_16s_10s_26_2_0   |        0|   1|  67|   2|    0|
    |mul_16s_11ns_26_2_0_U50  |mul_16s_11ns_26_2_0  |        0|   1|  67|   2|    0|
    |mul_16s_11ns_26_2_0_U65  |mul_16s_11ns_26_2_0  |        0|   1|  67|   2|    0|
    |mul_16s_11ns_26_2_0_U67  |mul_16s_11ns_26_2_0  |        0|   1|  67|   2|    0|
    |mul_16s_11ns_26_2_0_U69  |mul_16s_11ns_26_2_0  |        0|   1|  67|   2|    0|
    |mul_16s_11s_26_2_0_U68   |mul_16s_11s_26_2_0   |        0|   1|  67|   2|    0|
    |mul_16s_11s_26_2_0_U78   |mul_16s_11s_26_2_0   |        0|   1|  67|   2|    0|
    |mul_16s_11s_26_2_0_U83   |mul_16s_11s_26_2_0   |        0|   1|  67|   2|    0|
    |mul_16s_12ns_26_2_0_U56  |mul_16s_12ns_26_2_0  |        0|   1|  67|   2|    0|
    |mul_16s_12ns_26_2_0_U57  |mul_16s_12ns_26_2_0  |        0|   1|  67|   2|    0|
    |mul_16s_12ns_26_2_0_U71  |mul_16s_12ns_26_2_0  |        0|   1|  67|   2|    0|
    |mul_16s_12ns_26_2_0_U80  |mul_16s_12ns_26_2_0  |        0|   1|  67|   2|    0|
    |mul_16s_12ns_26_2_0_U81  |mul_16s_12ns_26_2_0  |        0|   1|  67|   2|    0|
    |mul_16s_12ns_26_2_0_U82  |mul_16s_12ns_26_2_0  |        0|   1|  67|   2|    0|
    |mul_16s_12ns_26_2_0_U89  |mul_16s_12ns_26_2_0  |        0|   1|  67|   2|    0|
    |mul_16s_12ns_26_2_0_U90  |mul_16s_12ns_26_2_0  |        0|   1|  67|   2|    0|
    |mul_16s_12s_26_2_0_U55   |mul_16s_12s_26_2_0   |        0|   1|  67|   2|    0|
    |mul_16s_12s_26_2_0_U58   |mul_16s_12s_26_2_0   |        0|   1|  67|   2|    0|
    |mul_16s_12s_26_2_0_U60   |mul_16s_12s_26_2_0   |        0|   1|  67|   2|    0|
    |mul_16s_12s_26_2_0_U61   |mul_16s_12s_26_2_0   |        0|   1|  67|   2|    0|
    |mul_16s_12s_26_2_0_U74   |mul_16s_12s_26_2_0   |        0|   1|  67|   2|    0|
    |mul_16s_12s_26_2_0_U85   |mul_16s_12s_26_2_0   |        0|   1|  67|   2|    0|
    |mul_16s_12s_26_2_0_U92   |mul_16s_12s_26_2_0   |        0|   1|  67|   2|    0|
    |mul_16s_13ns_26_2_0_U52  |mul_16s_13ns_26_2_0  |        0|   1|  67|   2|    0|
    |mul_16s_13ns_26_2_0_U62  |mul_16s_13ns_26_2_0  |        0|   1|  67|   2|    0|
    |mul_16s_13ns_26_2_0_U66  |mul_16s_13ns_26_2_0  |        0|   1|  67|   2|    0|
    |mul_16s_13ns_26_2_0_U94  |mul_16s_13ns_26_2_0  |        0|   1|  67|   2|    0|
    |mul_16s_13s_26_2_0_U64   |mul_16s_13s_26_2_0   |        0|   1|  67|   2|    0|
    |mul_16s_13s_26_2_0_U70   |mul_16s_13s_26_2_0   |        0|   1|  67|   2|    0|
    |mul_16s_13s_26_2_0_U75   |mul_16s_13s_26_2_0   |        0|   1|  67|   2|    0|
    |mul_16s_13s_26_2_0_U79   |mul_16s_13s_26_2_0   |        0|   1|  67|   2|    0|
    |mul_16s_13s_26_2_0_U84   |mul_16s_13s_26_2_0   |        0|   1|  67|   2|    0|
    |mul_16s_13s_26_2_0_U88   |mul_16s_13s_26_2_0   |        0|   1|  67|   2|    0|
    |mul_16s_13s_26_2_0_U93   |mul_16s_13s_26_2_0   |        0|   1|  67|   2|    0|
    |mul_16s_14ns_26_2_0_U51  |mul_16s_14ns_26_2_0  |        0|   1|  67|   2|    0|
    |mul_16s_14ns_26_2_0_U77  |mul_16s_14ns_26_2_0  |        0|   1|  67|   2|    0|
    |mul_16s_14ns_26_2_0_U91  |mul_16s_14ns_26_2_0  |        0|   1|  67|   2|    0|
    |mul_16s_8ns_24_2_0_U53   |mul_16s_8ns_24_2_0   |        0|   1|  67|   2|    0|
    |mul_16s_8ns_24_2_0_U54   |mul_16s_8ns_24_2_0   |        0|   1|  67|   2|    0|
    |mul_16s_8ns_24_2_0_U86   |mul_16s_8ns_24_2_0   |        0|   1|  67|   2|    0|
    |mul_16s_9s_25_2_0_U59    |mul_16s_9s_25_2_0    |        0|   1|  67|   2|    0|
    |mul_16s_9s_25_2_0_U73    |mul_16s_9s_25_2_0    |        0|   1|  67|   2|    0|
    +-------------------------+---------------------+---------+----+----+----+-----+
    |Total                    |                     |        0|  45|3015|  90|    0|
    +-------------------------+---------------------+---------+----+----+----+-----+

    * DSP: 
    N/A

    * Memory: 
    N/A

    * FIFO: 
    N/A

    * Expression: 
    +------------------------+----------+----+---+----+------------+------------+
    |      Variable Name     | Operation| DSP| FF| LUT| Bitwidth P0| Bitwidth P1|
    +------------------------+----------+----+---+----+------------+------------+
    |add_ln42_fu_8702_p2     |         +|   0|  0|  33|          26|          26|
    |add_ln58_34_fu_9072_p2  |         +|   0|  0|  23|          16|          16|
    |add_ln58_35_fu_9197_p2  |         +|   0|  0|  16|          16|          16|
    |add_ln58_36_fu_9076_p2  |         +|   0|  0|  16|          16|          16|
    |add_ln58_37_fu_8944_p2  |         +|   0|  0|  23|          16|           9|
    |add_ln58_38_fu_9080_p2  |         +|   0|  0|  16|          16|          16|
    |add_ln58_39_fu_9201_p2  |         +|   0|  0|  16|          16|          16|
    |add_ln58_40_fu_9085_p2  |         +|   0|  0|  23|          16|          16|
    |add_ln58_41_fu_9089_p2  |         +|   0|  0|  23|          16|          16|
    |add_ln58_42_fu_9206_p2  |         +|   0|  0|  16|          16|          16|
    |add_ln58_43_fu_9093_p2  |         +|   0|  0|  16|          16|          16|
    |add_ln58_44_fu_8949_p2  |         +|   0|  0|  23|          16|           9|
    |add_ln58_45_fu_9097_p2  |         +|   0|  0|  16|          16|          16|
    |add_ln58_46_fu_9210_p2  |         +|   0|  0|  16|          16|          16|
    |add_ln58_47_fu_9102_p2  |         +|   0|  0|  23|          16|          16|
    |add_ln58_48_fu_9106_p2  |         +|   0|  0|  23|          16|          16|
    |add_ln58_49_fu_9215_p2  |         +|   0|  0|  16|          16|          16|
    |add_ln58_50_fu_9112_p2  |         +|   0|  0|  16|          16|          16|
    |add_ln58_51_fu_8954_p2  |         +|   0|  0|  20|          15|           7|
    |add_ln58_52_fu_9119_p2  |         +|   0|  0|  16|          16|          16|
    |add_ln58_53_fu_9219_p2  |         +|   0|  0|  16|          16|          16|
    |add_ln58_54_fu_9125_p2  |         +|   0|  0|  23|          16|          16|
    |add_ln58_55_fu_9129_p2  |         +|   0|  0|  23|          16|          16|
    |add_ln58_56_fu_9224_p2  |         +|   0|  0|  16|          16|          16|
    |add_ln58_57_fu_9133_p2  |         +|   0|  0|  16|          16|          16|
    |add_ln58_58_fu_8960_p2  |         +|   0|  0|  23|          16|          10|
    |add_ln58_59_fu_9137_p2  |         +|   0|  0|  16|          16|          16|
    |add_ln58_60_fu_9228_p2  |         +|   0|  0|  16|          16|          16|
    |add_ln58_61_fu_9142_p2  |         +|   0|  0|  23|          16|          16|
    |add_ln58_62_fu_9148_p2  |         +|   0|  0|  23|          16|          16|
    |add_ln58_63_fu_9233_p2  |         +|   0|  0|  16|          16|          16|
    |add_ln58_64_fu_9153_p2  |         +|   0|  0|  16|          16|          16|
    |add_ln58_65_fu_8965_p2  |         +|   0|  0|  23|          16|           7|
    |add_ln58_66_fu_9158_p2  |         +|   0|  0|  16|          16|          16|
    |add_ln58_67_fu_9237_p2  |         +|   0|  0|  16|          16|          16|
    |add_ln58_68_fu_9163_p2  |         +|   0|  0|  23|          16|          16|
    |add_ln58_69_fu_9167_p2  |         +|   0|  0|  23|          16|          16|
    |add_ln58_70_fu_9242_p2  |         +|   0|  0|  16|          16|          16|
    |add_ln58_71_fu_9171_p2  |         +|   0|  0|  16|          16|          16|
    |add_ln58_72_fu_8970_p2  |         +|   0|  0|  23|          16|          10|
    |add_ln58_73_fu_9175_p2  |         +|   0|  0|  16|          16|          16|
    |add_ln58_74_fu_9246_p2  |         +|   0|  0|  16|          16|          16|
    |add_ln58_75_fu_9180_p2  |         +|   0|  0|  23|          16|          16|
    |add_ln58_76_fu_9184_p2  |         +|   0|  0|  23|          16|          16|
    |add_ln58_77_fu_9251_p2  |         +|   0|  0|  16|          16|          16|
    |add_ln58_78_fu_9188_p2  |         +|   0|  0|  16|          16|          16|
    |add_ln58_79_fu_8975_p2  |         +|   0|  0|  23|          16|          10|
    |add_ln58_80_fu_9192_p2  |         +|   0|  0|  16|          16|          16|
    |add_ln58_81_fu_9255_p2  |         +|   0|  0|  16|          16|          16|
    |add_ln58_fu_9068_p2     |         +|   0|  0|  23|          16|          16|
    |sub_ln42_1_fu_8735_p2   |         -|   0|  0|  26|          26|          26|
    |sub_ln42_fu_8718_p2     |         -|   0|  0|  26|           1|          26|
    |sub_ln73_8_fu_9045_p2   |         -|   0|  0|  31|          24|          24|
    |sub_ln73_fu_9003_p2     |         -|   0|  0|  32|          25|          25|
    +------------------------+----------+----+---+----+------------+------------+
    |Total                   |          |   0|  0|1076|         885|         861|
    +------------------------+----------+----+---+----+------------+------------+

    * Multiplexer: 
    +-------------+----+-----------+-----+-----------+
    |     Name    | LUT| Input Size| Bits| Total Bits|
    +-------------+----+-----------+-----+-----------+
    |ap_return_0  |  14|          3|   16|         48|
    |ap_return_1  |  14|          3|   16|         48|
    |ap_return_2  |  14|          3|   16|         48|
    |ap_return_3  |  14|          3|   16|         48|
    |ap_return_4  |  14|          3|   16|         48|
    |ap_return_5  |  14|          3|   16|         48|
    |ap_return_6  |  14|          3|   16|         48|
    +-------------+----+-----------+-----+-----------+
    |Total        |  98|         21|  112|        336|
    +-------------+----+-----------+-----+-----------+

    * Register: 
    +----------------------------------------+----+----+-----+-----------+
    |                  Name                  | FF | LUT| Bits| Const Bits|
    +----------------------------------------+----+----+-----+-----------+
    |add_ln58_34_reg_9711                    |  16|   0|   16|          0|
    |add_ln58_37_reg_9671                    |  16|   0|   16|          0|
    |add_ln58_38_reg_9716                    |  16|   0|   16|          0|
    |add_ln58_40_reg_9721                    |  16|   0|   16|          0|
    |add_ln58_41_reg_9726                    |  16|   0|   16|          0|
    |add_ln58_44_reg_9676                    |  16|   0|   16|          0|
    |add_ln58_45_reg_9731                    |  16|   0|   16|          0|
    |add_ln58_47_reg_9736                    |  16|   0|   16|          0|
    |add_ln58_48_reg_9741                    |  16|   0|   16|          0|
    |add_ln58_51_reg_9681                    |  15|   0|   15|          0|
    |add_ln58_52_reg_9746                    |  16|   0|   16|          0|
    |add_ln58_54_reg_9751                    |  16|   0|   16|          0|
    |add_ln58_55_reg_9756                    |  16|   0|   16|          0|
    |add_ln58_58_reg_9686                    |  16|   0|   16|          0|
    |add_ln58_59_reg_9761                    |  16|   0|   16|          0|
    |add_ln58_61_reg_9766                    |  16|   0|   16|          0|
    |add_ln58_62_reg_9771                    |  16|   0|   16|          0|
    |add_ln58_65_reg_9691                    |  16|   0|   16|          0|
    |add_ln58_66_reg_9776                    |  16|   0|   16|          0|
    |add_ln58_68_reg_9781                    |  16|   0|   16|          0|
    |add_ln58_69_reg_9786                    |  16|   0|   16|          0|
    |add_ln58_72_reg_9696                    |  16|   0|   16|          0|
    |add_ln58_73_reg_9791                    |  16|   0|   16|          0|
    |add_ln58_75_reg_9796                    |  16|   0|   16|          0|
    |add_ln58_76_reg_9801                    |  16|   0|   16|          0|
    |add_ln58_79_reg_9701                    |  16|   0|   16|          0|
    |add_ln58_80_reg_9806                    |  16|   0|   16|          0|
    |add_ln58_reg_9706                       |  16|   0|   16|          0|
    |ap_ce_reg                               |   1|   0|    1|          0|
    |ap_return_0_int_reg                     |  16|   0|   16|          0|
    |ap_return_1_int_reg                     |  16|   0|   16|          0|
    |ap_return_2_int_reg                     |  16|   0|   16|          0|
    |ap_return_3_int_reg                     |  16|   0|   16|          0|
    |ap_return_4_int_reg                     |  16|   0|   16|          0|
    |ap_return_5_int_reg                     |  16|   0|   16|          0|
    |ap_return_6_int_reg                     |  16|   0|   16|          0|
    |data_0_val_int_reg                      |  16|   0|   16|          0|
    |data_0_val_read_reg_9337                |  16|   0|   16|          0|
    |data_1_val_int_reg                      |  16|   0|   16|          0|
    |data_1_val_read_reg_9331                |  16|   0|   16|          0|
    |data_2_val_int_reg                      |  16|   0|   16|          0|
    |data_2_val_read_reg_9322                |  16|   0|   16|          0|
    |data_2_val_read_reg_9322_pp0_iter1_reg  |  16|   0|   16|          0|
    |data_3_val_int_reg                      |  16|   0|   16|          0|
    |data_3_val_read_reg_9313                |  16|   0|   16|          0|
    |data_4_val_int_reg                      |  16|   0|   16|          0|
    |data_4_val_read_reg_9307                |  16|   0|   16|          0|
    |data_5_val_int_reg                      |  16|   0|   16|          0|
    |data_5_val_read_reg_9302                |  16|   0|   16|          0|
    |data_6_val_int_reg                      |  16|   0|   16|          0|
    |trunc_ln42_32_reg_9481                  |  16|   0|   16|          0|
    |trunc_ln42_33_reg_9486                  |  16|   0|   16|          0|
    |trunc_ln42_34_reg_9491                  |  15|   0|   15|          0|
    |trunc_ln42_35_reg_9496                  |  16|   0|   16|          0|
    |trunc_ln42_36_reg_9501                  |  16|   0|   16|          0|
    |trunc_ln42_37_reg_9506                  |  16|   0|   16|          0|
    |trunc_ln42_38_reg_9511                  |  16|   0|   16|          0|
    |trunc_ln42_39_reg_9516                  |  16|   0|   16|          0|
    |trunc_ln42_40_reg_9521                  |  16|   0|   16|          0|
    |trunc_ln42_41_reg_9526                  |  15|   0|   15|          0|
    |trunc_ln42_42_reg_9531                  |  16|   0|   16|          0|
    |trunc_ln42_43_reg_9536                  |  16|   0|   16|          0|
    |trunc_ln42_44_reg_9541                  |  16|   0|   16|          0|
    |trunc_ln42_45_reg_9546                  |  16|   0|   16|          0|
    |trunc_ln42_46_reg_9551                  |  14|   0|   14|          0|
    |trunc_ln42_47_reg_9556                  |  16|   0|   16|          0|
    |trunc_ln42_48_reg_9561                  |  16|   0|   16|          0|
    |trunc_ln42_49_reg_9566                  |  16|   0|   16|          0|
    |trunc_ln42_50_reg_9571                  |  16|   0|   16|          0|
    |trunc_ln42_51_reg_9576                  |  16|   0|   16|          0|
    |trunc_ln42_52_reg_9581                  |  16|   0|   16|          0|
    |trunc_ln42_54_reg_9586                  |  16|   0|   16|          0|
    |trunc_ln42_56_reg_9591                  |  16|   0|   16|          0|
    |trunc_ln42_57_reg_9596                  |  16|   0|   16|          0|
    |trunc_ln42_58_reg_9601                  |  16|   0|   16|          0|
    |trunc_ln42_59_reg_9606                  |  16|   0|   16|          0|
    |trunc_ln42_60_reg_9611                  |  16|   0|   16|          0|
    |trunc_ln42_61_reg_9616                  |  16|   0|   16|          0|
    |trunc_ln42_62_reg_9621                  |  14|   0|   14|          0|
    |trunc_ln42_63_reg_9626                  |  16|   0|   16|          0|
    |trunc_ln42_64_reg_9631                  |  16|   0|   16|          0|
    |trunc_ln42_65_reg_9636                  |  16|   0|   16|          0|
    |trunc_ln42_66_reg_9641                  |  16|   0|   16|          0|
    |trunc_ln42_67_reg_9646                  |  16|   0|   16|          0|
    |trunc_ln42_68_reg_9651                  |  16|   0|   16|          0|
    |trunc_ln42_69_reg_9656                  |  16|   0|   16|          0|
    |trunc_ln42_70_reg_9661                  |  16|   0|   16|          0|
    |trunc_ln42_71_reg_9666                  |  16|   0|   16|          0|
    |trunc_ln42_72_reg_9436                  |  16|   0|   16|          0|
    |trunc_ln42_73_reg_9441                  |  16|   0|   16|          0|
    |trunc_ln42_74_reg_9446                  |  14|   0|   14|          0|
    |trunc_ln42_75_reg_9451                  |  16|   0|   16|          0|
    |trunc_ln42_76_reg_9456                  |  16|   0|   16|          0|
    |trunc_ln42_77_reg_9461                  |  16|   0|   16|          0|
    |trunc_ln42_78_reg_9466                  |  16|   0|   16|          0|
    |trunc_ln42_s_reg_9476                   |  16|   0|   16|          0|
    |trunc_ln_reg_9471                       |  16|   0|   16|          0|
    |data_3_val_read_reg_9313                |  64|  32|   16|          0|
    +----------------------------------------+----+----+-----+-----------+
    |Total                                   |1592|  32| 1544|          0|
    +----------------------------------------+----+----+-----+-----------+



================================================================
== Interface
================================================================
* Summary: 
+-------------+-----+-----+------------+-----------------------------------------------------------------------------+--------------+
|  RTL Ports  | Dir | Bits|  Protocol  |                                Source Object                                |    C Type    |
+-------------+-----+-----+------------+-----------------------------------------------------------------------------+--------------+
|ap_clk       |   in|    1|  ap_ctrl_hs|  dense_latency<ap_fixed<16, 6, 5, 3, 0>, ap_fixed<16, 6, 5, 3, 0>, config10>|  return value|
|ap_rst       |   in|    1|  ap_ctrl_hs|  dense_latency<ap_fixed<16, 6, 5, 3, 0>, ap_fixed<16, 6, 5, 3, 0>, config10>|  return value|
|ap_return_0  |  out|   16|  ap_ctrl_hs|  dense_latency<ap_fixed<16, 6, 5, 3, 0>, ap_fixed<16, 6, 5, 3, 0>, config10>|  return value|
|ap_return_1  |  out|   16|  ap_ctrl_hs|  dense_latency<ap_fixed<16, 6, 5, 3, 0>, ap_fixed<16, 6, 5, 3, 0>, config10>|  return value|
|ap_return_2  |  out|   16|  ap_ctrl_hs|  dense_latency<ap_fixed<16, 6, 5, 3, 0>, ap_fixed<16, 6, 5, 3, 0>, config10>|  return value|
|ap_return_3  |  out|   16|  ap_ctrl_hs|  dense_latency<ap_fixed<16, 6, 5, 3, 0>, ap_fixed<16, 6, 5, 3, 0>, config10>|  return value|
|ap_return_4  |  out|   16|  ap_ctrl_hs|  dense_latency<ap_fixed<16, 6, 5, 3, 0>, ap_fixed<16, 6, 5, 3, 0>, config10>|  return value|
|ap_return_5  |  out|   16|  ap_ctrl_hs|  dense_latency<ap_fixed<16, 6, 5, 3, 0>, ap_fixed<16, 6, 5, 3, 0>, config10>|  return value|
|ap_return_6  |  out|   16|  ap_ctrl_hs|  dense_latency<ap_fixed<16, 6, 5, 3, 0>, ap_fixed<16, 6, 5, 3, 0>, config10>|  return value|
|ap_ce        |   in|    1|  ap_ctrl_hs|  dense_latency<ap_fixed<16, 6, 5, 3, 0>, ap_fixed<16, 6, 5, 3, 0>, config10>|  return value|
|data_0_val   |   in|   16|     ap_none|                                                                   data_0_val|        scalar|
|data_1_val   |   in|   16|     ap_none|                                                                   data_1_val|        scalar|
|data_2_val   |   in|   16|     ap_none|                                                                   data_2_val|        scalar|
|data_3_val   |   in|   16|     ap_none|                                                                   data_3_val|        scalar|
|data_4_val   |   in|   16|     ap_none|                                                                   data_4_val|        scalar|
|data_5_val   |   in|   16|     ap_none|                                                                   data_5_val|        scalar|
|data_6_val   |   in|   16|     ap_none|                                                                   data_6_val|        scalar|
+-------------+-----+-----+------------+-----------------------------------------------------------------------------+--------------+

