

================================================================
== Vitis HLS Report for 'dense_latency_ap_fixed_16_6_5_3_0_ap_fixed_16_6_5_3_0_config11_s'
================================================================
* Date:           Tue Mar 24 14:55:17 2026

* Version:        2024.1 (Build 5069499 on May 21 2024)
* Project:        myproject_prj
* Solution:       solution1 (Vivado IP Flow Target)
* Product family: zynq
* Target device:  xc7z020-clg400-1


================================================================
== Performance Estimates
================================================================
+ Timing: 
    * Summary: 
    +--------+---------+----------+------------+
    |  Clock |  Target | Estimated| Uncertainty|
    +--------+---------+----------+------------+
    |ap_clk  |  5.00 ns|  3.903 ns|     0.62 ns|
    +--------+---------+----------+------------+

+ Latency: 
    * Summary: 
    +---------+---------+-----------+-----------+-----+-----+---------+
    |  Latency (cycles) |   Latency (absolute)  |  Interval | Pipeline|
    |   min   |   max   |    min    |    max    | min | max |   Type  |
    +---------+---------+-----------+-----------+-----+-----+---------+
    |        2|        2|  10.000 ns|  10.000 ns|    1|    1|      yes|
    +---------+---------+-----------+-----------+-----+-----+---------+

    + Detail: 
        * Instance: 
        N/A

        * Loop: 
        N/A



================================================================
== Utilization Estimates
================================================================
* Summary: 
+-----------------+---------+-----+--------+-------+-----+
|       Name      | BRAM_18K| DSP |   FF   |  LUT  | URAM|
+-----------------+---------+-----+--------+-------+-----+
|DSP              |        -|    -|       -|      -|    -|
|Expression       |        -|    -|       0|    380|    -|
|FIFO             |        -|    -|       -|      -|    -|
|Instance         |        -|    1|      67|      2|    -|
|Memory           |        -|    -|       -|      -|    -|
|Multiplexer      |        -|    -|       -|      -|    -|
|Register         |        -|    -|     183|      -|    -|
+-----------------+---------+-----+--------+-------+-----+
|Total            |        0|    1|     250|    382|    0|
+-----------------+---------+-----+--------+-------+-----+
|Available        |      280|  220|  106400|  53200|    0|
+-----------------+---------+-----+--------+-------+-----+
|Utilization (%)  |        0|   ~0|      ~0|     ~0|    0|
+-----------------+---------+-----+--------+-------+-----+

+ Detail: 
    * Instance: 
    +-------------------------+--------------------+---------+----+----+----+-----+
    |         Instance        |       Module       | BRAM_18K| DSP| FF | LUT| URAM|
    +-------------------------+--------------------+---------+----+----+----+-----+
    |mul_16s_6ns_21_2_1_U184  |mul_16s_6ns_21_2_1  |        0|   1|  67|   2|    0|
    +-------------------------+--------------------+---------+----+----+----+-----+
    |Total                    |                    |        0|   1|  67|   2|    0|
    +-------------------------+--------------------+---------+----+----+----+-----+

    * DSP: 
    N/A

    * Memory: 
    N/A

    * FIFO: 
    N/A

    * Expression: 
    +------------------------+----------+----+---+----+------------+------------+
    |      Variable Name     | Operation| DSP| FF| LUT| Bitwidth P0| Bitwidth P1|
    +------------------------+----------+----+---+----+------------+------------+
    |add_ln58_348_fu_356_p2  |         +|   0|  0|  16|          16|          16|
    |add_ln58_349_fu_361_p2  |         +|   0|  0|  16|          16|          10|
    |add_ln58_350_fu_366_p2  |         +|   0|  0|  16|          16|          16|
    |add_ln58_351_fu_371_p2  |         +|   0|  0|  16|          16|          10|
    |add_ln58_352_fu_377_p2  |         +|   0|  0|  16|          16|          16|
    |add_ln58_353_fu_382_p2  |         +|   0|  0|  23|          16|           7|
    |add_ln58_354_fu_387_p2  |         +|   0|  0|  16|          16|           8|
    |add_ln58_355_fu_392_p2  |         +|   0|  0|  16|          16|          16|
    |add_ln58_356_fu_397_p2  |         +|   0|  0|  16|          16|           6|
    |add_ln58_357_fu_402_p2  |         +|   0|  0|  16|          16|          16|
    |add_ln58_fu_351_p2      |         +|   0|  0|  16|          16|           7|
    |sub_ln42_fu_185_p2      |         -|   0|  0|  28|           1|          21|
    |sub_ln73_162_fu_212_p2  |         -|   0|  0|  28|          21|          21|
    |sub_ln73_163_fu_263_p2  |         -|   0|  0|  28|          21|          21|
    |sub_ln73_164_fu_290_p2  |         -|   0|  0|  27|          20|          20|
    |sub_ln73_165_fu_306_p2  |         -|   0|  0|  28|          21|          21|
    |sub_ln73_166_fu_332_p2  |         -|   0|  0|  28|          21|          21|
    |sub_ln73_fu_162_p2      |         -|   0|  0|  28|          21|          21|
    |ap_enable_pp0           |       xor|   0|  0|   2|           1|           2|
    +------------------------+----------+----+---+----+------------+------------+
    |Total                   |          |   0|  0| 380|         303|         276|
    +------------------------+----------+----+---+----+------------+------------+

    * Multiplexer: 
    N/A

    * Register: 
    +-------------------------+----+----+-----+-----------+
    |           Name          | FF | LUT| Bits| Const Bits|
    +-------------------------+----+----+-----+-----------+
    |ap_CS_fsm                |   1|   0|    1|          0|
    |ap_enable_reg_pp0_iter1  |   1|   0|    1|          0|
    |ap_enable_reg_pp0_iter2  |   1|   0|    1|          0|
    |data_0_val_read_reg_452  |  16|   0|   16|          0|
    |data_1_val_read_reg_443  |  16|   0|   16|          0|
    |sext_ln42_181_reg_460    |  21|   0|   21|          0|
    |trunc_ln42_54_reg_471    |  16|   0|   16|          0|
    |trunc_ln42_55_reg_478    |  16|   0|   16|          0|
    |trunc_ln42_56_reg_483    |  16|   0|   16|          0|
    |trunc_ln42_57_reg_489    |  16|   0|   16|          0|
    |trunc_ln42_58_reg_499    |  16|   0|   16|          0|
    |trunc_ln42_59_reg_504    |  16|   0|   16|          0|
    |trunc_ln42_s_reg_494     |  15|   0|   15|          0|
    |trunc_ln_reg_466         |  16|   0|   16|          0|
    +-------------------------+----+----+-----+-----------+
    |Total                    | 183|   0|  183|          0|
    +-------------------------+----+----+-----+-----------+



================================================================
== Interface
================================================================
* Summary: 
+-------------+-----+-----+------------+-----------------------------------------------------------------------------+--------------+
|  RTL Ports  | Dir | Bits|  Protocol  |                                Source Object                                |    C Type    |
+-------------+-----+-----+------------+-----------------------------------------------------------------------------+--------------+
|ap_clk       |   in|    1|  ap_ctrl_hs|  dense_latency<ap_fixed<16, 6, 5, 3, 0>, ap_fixed<16, 6, 5, 3, 0>, config11>|  return value|
|ap_rst       |   in|    1|  ap_ctrl_hs|  dense_latency<ap_fixed<16, 6, 5, 3, 0>, ap_fixed<16, 6, 5, 3, 0>, config11>|  return value|
|ap_start     |   in|    1|  ap_ctrl_hs|  dense_latency<ap_fixed<16, 6, 5, 3, 0>, ap_fixed<16, 6, 5, 3, 0>, config11>|  return value|
|ap_done      |  out|    1|  ap_ctrl_hs|  dense_latency<ap_fixed<16, 6, 5, 3, 0>, ap_fixed<16, 6, 5, 3, 0>, config11>|  return value|
|ap_idle      |  out|    1|  ap_ctrl_hs|  dense_latency<ap_fixed<16, 6, 5, 3, 0>, ap_fixed<16, 6, 5, 3, 0>, config11>|  return value|
|ap_ready     |  out|    1|  ap_ctrl_hs|  dense_latency<ap_fixed<16, 6, 5, 3, 0>, ap_fixed<16, 6, 5, 3, 0>, config11>|  return value|
|ap_ce        |   in|    1|  ap_ctrl_hs|  dense_latency<ap_fixed<16, 6, 5, 3, 0>, ap_fixed<16, 6, 5, 3, 0>, config11>|  return value|
|ap_return_0  |  out|   16|  ap_ctrl_hs|  dense_latency<ap_fixed<16, 6, 5, 3, 0>, ap_fixed<16, 6, 5, 3, 0>, config11>|  return value|
|ap_return_1  |  out|   16|  ap_ctrl_hs|  dense_latency<ap_fixed<16, 6, 5, 3, 0>, ap_fixed<16, 6, 5, 3, 0>, config11>|  return value|
|ap_return_2  |  out|   16|  ap_ctrl_hs|  dense_latency<ap_fixed<16, 6, 5, 3, 0>, ap_fixed<16, 6, 5, 3, 0>, config11>|  return value|
|ap_return_3  |  out|   16|  ap_ctrl_hs|  dense_latency<ap_fixed<16, 6, 5, 3, 0>, ap_fixed<16, 6, 5, 3, 0>, config11>|  return value|
|ap_return_4  |  out|   16|  ap_ctrl_hs|  dense_latency<ap_fixed<16, 6, 5, 3, 0>, ap_fixed<16, 6, 5, 3, 0>, config11>|  return value|
|ap_return_5  |  out|   16|  ap_ctrl_hs|  dense_latency<ap_fixed<16, 6, 5, 3, 0>, ap_fixed<16, 6, 5, 3, 0>, config11>|  return value|
|data_0_val   |   in|   16|     ap_none|                                                                   data_0_val|        scalar|
|data_1_val   |   in|   16|     ap_none|                                                                   data_1_val|        scalar|
+-------------+-----+-----+------------+-----------------------------------------------------------------------------+--------------+

