

================================================================
== Vitis HLS Report for 'myproject'
================================================================
* Date:           Tue Mar 24 14:55:18 2026

* Version:        2024.1 (Build 5069499 on May 21 2024)
* Project:        myproject_prj
* Solution:       solution1 (Vivado IP Flow Target)
* Product family: zynq
* Target device:  xc7z020-clg400-1


================================================================
== Performance Estimates
================================================================
+ Timing: 
    * Summary: 
    +--------+---------+----------+------------+
    |  Clock |  Target | Estimated| Uncertainty|
    +--------+---------+----------+------------+
    |ap_clk  |  5.00 ns|  4.332 ns|     0.62 ns|
    +--------+---------+----------+------------+

+ Latency: 
    * Summary: 
    +---------+---------+----------+----------+-----+-----+---------+
    |  Latency (cycles) |  Latency (absolute) |  Interval | Pipeline|
    |   min   |   max   |    min   |    max   | min | max |   Type  |
    +---------+---------+----------+----------+-----+-----+---------+
    |       29|       29|  0.145 us|  0.145 us|    1|    1|      yes|
    +---------+---------+----------+----------+-----+-----+---------+

    + Detail: 
        * Instance: 
        +-----------------------------------------------------------------------------------+------------------------------------------------------------------+---------+---------+-----------+-----------+-----+-----+---------+
        |                                                                                   |                                                                  |  Latency (cycles) |   Latency (absolute)  |  Interval | Pipeline|
        |                                      Instance                                     |                              Module                              |   min   |   max   |    min    |    max    | min | max |   Type  |
        +-----------------------------------------------------------------------------------+------------------------------------------------------------------+---------+---------+-----------+-----------+-----+-----+---------+
        |call_ret1_concatenate1d_ap_fixed_ap_fixed_ap_fixed_16_6_5_3_0_config3_s_fu_143     |concatenate1d_ap_fixed_ap_fixed_ap_fixed_16_6_5_3_0_config3_s     |        0|        0|       0 ns|       0 ns|    1|    1|      yes|
        |call_ret2_concatenate1d_ap_fixed_ap_fixed_ap_fixed_16_6_5_3_0_config7_s_fu_151     |concatenate1d_ap_fixed_ap_fixed_ap_fixed_16_6_5_3_0_config7_s     |        0|        0|       0 ns|       0 ns|    1|    1|      yes|
        |grp_dense_latency_ap_fixed_16_6_5_3_0_ap_fixed_16_6_5_3_0_config9_s_fu_191         |dense_latency_ap_fixed_16_6_5_3_0_ap_fixed_16_6_5_3_0_config9_s   |        6|        6|  30.000 ns|  30.000 ns|    1|    1|      yes|
        |call_ret3_concatenate1d_ap_fixed_ap_fixed_ap_fixed_16_6_5_3_0_config8_s_fu_230     |concatenate1d_ap_fixed_ap_fixed_ap_fixed_16_6_5_3_0_config8_s     |        0|        0|       0 ns|       0 ns|    1|    1|      yes|
        |grp_dense_latency_ap_fixed_16_6_5_3_0_ap_fixed_16_6_5_3_0_config11_s_fu_236        |dense_latency_ap_fixed_16_6_5_3_0_ap_fixed_16_6_5_3_0_config11_s  |        2|        2|  10.000 ns|  10.000 ns|    1|    1|      yes|
        |grp_relu_ap_fixed_16_6_5_3_0_ap_ufixed_8_0_4_0_0_relu_config13_s_fu_242            |relu_ap_fixed_16_6_5_3_0_ap_ufixed_8_0_4_0_0_relu_config13_s      |        1|        1|   5.000 ns|   5.000 ns|    1|    1|      yes|
        |grp_relu_ap_fixed_16_6_5_3_0_ap_ufixed_8_0_4_0_0_relu_config14_s_fu_254            |relu_ap_fixed_16_6_5_3_0_ap_ufixed_8_0_4_0_0_relu_config14_s      |        1|        1|   5.000 ns|   5.000 ns|    1|    1|      yes|
        |call_ret8_concatenate1d_ap_ufixed_ap_ufixed_ap_fixed_16_6_5_3_0_config15_s_fu_264  |concatenate1d_ap_ufixed_ap_ufixed_ap_fixed_16_6_5_3_0_config15_s  |        0|        0|       0 ns|       0 ns|    1|    1|      yes|
        |grp_dense_latency_ap_fixed_16_6_5_3_0_ap_fixed_16_6_5_3_0_config16_s_fu_282        |dense_latency_ap_fixed_16_6_5_3_0_ap_fixed_16_6_5_3_0_config16_s  |        5|        5|  25.000 ns|  25.000 ns|    1|    1|      yes|
        |grp_relu_ap_fixed_16_6_5_3_0_ap_ufixed_8_0_4_0_0_relu_config18_s_fu_300            |relu_ap_fixed_16_6_5_3_0_ap_ufixed_8_0_4_0_0_relu_config18_s      |        1|        1|   5.000 ns|   5.000 ns|    1|    1|      yes|
        |grp_dense_latency_ap_ufixed_8_0_4_0_0_ap_fixed_16_6_5_3_0_config19_s_fu_308        |dense_latency_ap_ufixed_8_0_4_0_0_ap_fixed_16_6_5_3_0_config19_s  |        2|        2|  10.000 ns|  10.000 ns|    1|    1|      yes|
        |grp_relu_ap_fixed_16_6_5_3_0_ap_ufixed_8_0_4_0_0_relu_config21_s_fu_316            |relu_ap_fixed_16_6_5_3_0_ap_ufixed_8_0_4_0_0_relu_config21_s      |        1|        1|   5.000 ns|   5.000 ns|    1|    1|      yes|
        |grp_dense_latency_ap_ufixed_8_0_4_0_0_ap_fixed_16_6_5_3_0_config22_s_fu_324        |dense_latency_ap_ufixed_8_0_4_0_0_ap_fixed_16_6_5_3_0_config22_s  |        2|        2|  10.000 ns|  10.000 ns|    1|    1|      yes|
        +-----------------------------------------------------------------------------------+------------------------------------------------------------------+---------+---------+-----------+-----------+-----+-----+---------+

        * Loop: 
        N/A



================================================================
== Utilization Estimates
================================================================
* Summary: 
+-----------------+---------+-----+--------+-------+-----+
|       Name      | BRAM_18K| DSP |   FF   |  LUT  | URAM|
+-----------------+---------+-----+--------+-------+-----+
|DSP              |        -|    -|       -|      -|    -|
|Expression       |        -|    -|       0|    181|    -|
|FIFO             |        -|    -|       -|      -|    -|
|Instance         |        -|  138|   20668|  15022|    -|
|Memory           |        -|    -|       -|      -|    -|
|Multiplexer      |        -|    -|       0|    180|    -|
|Register         |        -|    -|    1365|     64|    -|
+-----------------+---------+-----+--------+-------+-----+
|Total            |        0|  138|   22033|  15447|    0|
+-----------------+---------+-----+--------+-------+-----+
|Available        |      280|  220|  106400|  53200|    0|
+-----------------+---------+-----+--------+-------+-----+
|Utilization (%)  |        0|   62|      20|     29|    0|
+-----------------+---------+-----+--------+-------+-----+

+ Detail: 
    * Instance: 
    +-----------------------------------------------------------------------------------+------------------------------------------------------------------+---------+-----+-------+------+-----+
    |                                      Instance                                     |                              Module                              | BRAM_18K| DSP |   FF  |  LUT | URAM|
    +-----------------------------------------------------------------------------------+------------------------------------------------------------------+---------+-----+-------+------+-----+
    |call_ret1_concatenate1d_ap_fixed_ap_fixed_ap_fixed_16_6_5_3_0_config3_s_fu_143     |concatenate1d_ap_fixed_ap_fixed_ap_fixed_16_6_5_3_0_config3_s     |        0|    0|      0|     0|    0|
    |call_ret2_concatenate1d_ap_fixed_ap_fixed_ap_fixed_16_6_5_3_0_config7_s_fu_151     |concatenate1d_ap_fixed_ap_fixed_ap_fixed_16_6_5_3_0_config7_s     |        0|    0|      0|     0|    0|
    |call_ret3_concatenate1d_ap_fixed_ap_fixed_ap_fixed_16_6_5_3_0_config8_s_fu_230     |concatenate1d_ap_fixed_ap_fixed_ap_fixed_16_6_5_3_0_config8_s     |        0|    0|      0|     0|    0|
    |call_ret8_concatenate1d_ap_ufixed_ap_ufixed_ap_fixed_16_6_5_3_0_config15_s_fu_264  |concatenate1d_ap_ufixed_ap_ufixed_ap_fixed_16_6_5_3_0_config15_s  |        0|    0|      0|     0|    0|
    |grp_dense_latency_ap_fixed_16_6_5_3_0_ap_fixed_16_6_5_3_0_config11_s_fu_236        |dense_latency_ap_fixed_16_6_5_3_0_ap_fixed_16_6_5_3_0_config11_s  |        0|    1|    250|   382|    0|
    |grp_dense_latency_ap_fixed_16_6_5_3_0_ap_fixed_16_6_5_3_0_config16_s_fu_282        |dense_latency_ap_fixed_16_6_5_3_0_ap_fixed_16_6_5_3_0_config16_s  |        0|   36|   4562|  1855|    0|
    |grp_dense_latency_ap_fixed_16_6_5_3_0_ap_fixed_16_6_5_3_0_config9_s_fu_191         |dense_latency_ap_fixed_16_6_5_3_0_ap_fixed_16_6_5_3_0_config9_s   |        0|  101|  15309|  9767|    0|
    |grp_dense_latency_ap_ufixed_8_0_4_0_0_ap_fixed_16_6_5_3_0_config19_s_fu_308        |dense_latency_ap_ufixed_8_0_4_0_0_ap_fixed_16_6_5_3_0_config19_s  |        0|    0|    233|   633|    0|
    |grp_dense_latency_ap_ufixed_8_0_4_0_0_ap_fixed_16_6_5_3_0_config22_s_fu_324        |dense_latency_ap_ufixed_8_0_4_0_0_ap_fixed_16_6_5_3_0_config22_s  |        0|    0|     64|   177|    0|
    |grp_relu_ap_fixed_16_6_5_3_0_ap_ufixed_8_0_4_0_0_relu_config13_s_fu_242            |relu_ap_fixed_16_6_5_3_0_ap_ufixed_8_0_4_0_0_relu_config13_s      |        0|    0|     90|   802|    0|
    |grp_relu_ap_fixed_16_6_5_3_0_ap_ufixed_8_0_4_0_0_relu_config14_s_fu_254            |relu_ap_fixed_16_6_5_3_0_ap_ufixed_8_0_4_0_0_relu_config14_s      |        0|    0|     68|   602|    0|
    |grp_relu_ap_fixed_16_6_5_3_0_ap_ufixed_8_0_4_0_0_relu_config18_s_fu_300            |relu_ap_fixed_16_6_5_3_0_ap_ufixed_8_0_4_0_0_relu_config18_s      |        0|    0|     46|   402|    0|
    |grp_relu_ap_fixed_16_6_5_3_0_ap_ufixed_8_0_4_0_0_relu_config21_s_fu_316            |relu_ap_fixed_16_6_5_3_0_ap_ufixed_8_0_4_0_0_relu_config21_s      |        0|    0|     46|   402|    0|
    +-----------------------------------------------------------------------------------+------------------------------------------------------------------+---------+-----+-------+------+-----+
    |Total                                                                              |                                                                  |        0|  138|  20668| 15022|    0|
    +-----------------------------------------------------------------------------------+------------------------------------------------------------------+---------+-----+-------+------+-----+

    * DSP: 
    N/A

    * Memory: 
    N/A

    * FIFO: 
    N/A

    * Expression: 
    +-------------------------------------------+----------+----+---+----+------------+------------+
    |               Variable Name               | Operation| DSP| FF| LUT| Bitwidth P0| Bitwidth P1|
    +-------------------------------------------+----------+----+---+----+------------+------------+
    |add_ln473_1_fu_1064_p2                     |         +|   0|  0|  15|           8|           8|
    |add_ln473_fu_994_p2                        |         +|   0|  0|  17|          14|          14|
    |sigmoid_fu_944_p2                          |         +|   0|  0|  20|          15|          12|
    |and_ln473_1_fu_1111_p2                     |       and|   0|  0|   2|           1|           1|
    |and_ln473_2_fu_1128_p2                     |       and|   0|  0|   2|           1|           1|
    |and_ln473_fu_1054_p2                       |       and|   0|  0|   2|           1|           1|
    |ap_block_pp0_stage0_01001                  |       and|   0|  0|   2|           1|           1|
    |ap_block_pp0_stage0_11001_ignoreCallOp107  |       and|   0|  0|   2|           1|           1|
    |ap_block_pp0_stage0_11001_ignoreCallOp116  |       and|   0|  0|   2|           1|           1|
    |ap_block_pp0_stage0_11001_ignoreCallOp135  |       and|   0|  0|   2|           1|           1|
    |ap_block_pp0_stage0_11001_ignoreCallOp136  |       and|   0|  0|   2|           1|           1|
    |ap_block_pp0_stage0_11001_ignoreCallOp168  |       and|   0|  0|   2|           1|           1|
    |ap_block_pp0_stage0_11001_ignoreCallOp179  |       and|   0|  0|   2|           1|           1|
    |ap_block_pp0_stage0_11001_ignoreCallOp185  |       and|   0|  0|   2|           1|           1|
    |ap_block_pp0_stage0_11001_ignoreCallOp192  |       and|   0|  0|   2|           1|           1|
    |ap_block_pp0_stage0_11001_ignoreCallOp198  |       and|   0|  0|   2|           1|           1|
    |icmp_ln469_fu_950_p2                       |      icmp|   0|  0|  20|          15|          13|
    |icmp_ln473_fu_1012_p2                      |      icmp|   0|  0|  13|           4|           1|
    |ap_block_state1_pp0_stage0_iter0           |        or|   0|  0|   2|           1|           1|
    |or_ln469_fu_963_p2                         |        or|   0|  0|   2|           1|           1|
    |or_ln473_1_fu_1105_p2                      |        or|   0|  0|   2|           1|           1|
    |or_ln473_2_fu_1141_p2                      |        or|   0|  0|   2|           1|           1|
    |or_ln473_3_fu_1083_p2                      |        or|   0|  0|   2|           1|           1|
    |or_ln473_4_fu_1117_p2                      |        or|   0|  0|   2|           1|           1|
    |or_ln473_fu_1049_p2                        |        or|   0|  0|   2|           1|           1|
    |layer24_out                                |    select|   0|  0|   8|           1|           8|
    |select_ln469_1_fu_978_p3                   |    select|   0|  0|  13|           1|          13|
    |select_ln469_fu_968_p3                     |    select|   0|  0|  14|           1|          14|
    |select_ln473_fu_1133_p3                    |    select|   0|  0|   9|           1|           7|
    |ap_enable_pp0                              |       xor|   0|  0|   2|           1|           2|
    |xor_ln473_1_fu_1094_p2                     |       xor|   0|  0|   2|           1|           2|
    |xor_ln473_2_fu_1089_p2                     |       xor|   0|  0|   2|           1|           1|
    |xor_ln473_3_fu_1099_p2                     |       xor|   0|  0|   2|           1|           2|
    |xor_ln473_4_fu_1122_p2                     |       xor|   0|  0|   2|           1|           2|
    |xor_ln473_fu_1078_p2                       |       xor|   0|  0|   2|           1|           2|
    +-------------------------------------------+----------+----+---+----+------------+------------+
    |Total                                      |          |   0|  0| 181|          86|         121|
    +-------------------------------------------+----------+----+---+----+------------+------------+

    * Multiplexer: 
    +-------------------------+----+-----------+-----+-----------+
    |           Name          | LUT| Input Size| Bits| Total Bits|
    +-------------------------+----+-----------+-----+-----------+
    |nModule_ap_vld_in_sig    |   9|          2|    1|          2|
    |nModule_ap_vld_preg      |   9|          2|    1|          2|
    |nModule_blk_n            |   9|          2|    1|          2|
    |nModule_in_sig           |   9|          2|   16|         32|
    |x_local_ap_vld_in_sig    |   9|          2|    1|          2|
    |x_local_ap_vld_preg      |   9|          2|    1|          2|
    |x_local_blk_n            |   9|          2|    1|          2|
    |x_local_in_sig           |   9|          2|   16|         32|
    |x_profile_ap_vld_in_sig  |   9|          2|    1|          2|
    |x_profile_ap_vld_preg    |   9|          2|    1|          2|
    |x_profile_blk_n          |   9|          2|    1|          2|
    |x_profile_in_sig         |   9|          2|  336|        672|
    |y_local_ap_vld_in_sig    |   9|          2|    1|          2|
    |y_local_ap_vld_preg      |   9|          2|    1|          2|
    |y_local_blk_n            |   9|          2|    1|          2|
    |y_local_in_sig           |   9|          2|   16|         32|
    |y_profile_ap_vld_in_sig  |   9|          2|    1|          2|
    |y_profile_ap_vld_preg    |   9|          2|    1|          2|
    |y_profile_blk_n          |   9|          2|    1|          2|
    |y_profile_in_sig         |   9|          2|  208|        416|
    +-------------------------+----+-----------+-----+-----------+
    |Total                    | 180|         40|  607|       1214|
    +-------------------------+----+-----------+-----+-----------+

    * Register: 
    +------------------------------------------------------------------------------------------+-----+----+-----+-----------+
    |                                           Name                                           |  FF | LUT| Bits| Const Bits|
    +------------------------------------------------------------------------------------------+-----+----+-----+-----------+
    |add_ln473_reg_1648                                                                        |   12|   0|   14|          2|
    |ap_CS_fsm                                                                                 |    1|   0|    1|          0|
    |ap_enable_reg_pp0_iter1                                                                   |    1|   0|    1|          0|
    |ap_enable_reg_pp0_iter10                                                                  |    1|   0|    1|          0|
    |ap_enable_reg_pp0_iter11                                                                  |    1|   0|    1|          0|
    |ap_enable_reg_pp0_iter12                                                                  |    1|   0|    1|          0|
    |ap_enable_reg_pp0_iter13                                                                  |    1|   0|    1|          0|
    |ap_enable_reg_pp0_iter14                                                                  |    1|   0|    1|          0|
    |ap_enable_reg_pp0_iter15                                                                  |    1|   0|    1|          0|
    |ap_enable_reg_pp0_iter16                                                                  |    1|   0|    1|          0|
    |ap_enable_reg_pp0_iter17                                                                  |    1|   0|    1|          0|
    |ap_enable_reg_pp0_iter18                                                                  |    1|   0|    1|          0|
    |ap_enable_reg_pp0_iter19                                                                  |    1|   0|    1|          0|
    |ap_enable_reg_pp0_iter2                                                                   |    1|   0|    1|          0|
    |ap_enable_reg_pp0_iter20                                                                  |    1|   0|    1|          0|
    |ap_enable_reg_pp0_iter21                                                                  |    1|   0|    1|          0|
    |ap_enable_reg_pp0_iter22                                                                  |    1|   0|    1|          0|
    |ap_enable_reg_pp0_iter23                                                                  |    1|   0|    1|          0|
    |ap_enable_reg_pp0_iter24                                                                  |    1|   0|    1|          0|
    |ap_enable_reg_pp0_iter25                                                                  |    1|   0|    1|          0|
    |ap_enable_reg_pp0_iter26                                                                  |    1|   0|    1|          0|
    |ap_enable_reg_pp0_iter27                                                                  |    1|   0|    1|          0|
    |ap_enable_reg_pp0_iter28                                                                  |    1|   0|    1|          0|
    |ap_enable_reg_pp0_iter29                                                                  |    1|   0|    1|          0|
    |ap_enable_reg_pp0_iter3                                                                   |    1|   0|    1|          0|
    |ap_enable_reg_pp0_iter4                                                                   |    1|   0|    1|          0|
    |ap_enable_reg_pp0_iter5                                                                   |    1|   0|    1|          0|
    |ap_enable_reg_pp0_iter6                                                                   |    1|   0|    1|          0|
    |ap_enable_reg_pp0_iter7                                                                   |    1|   0|    1|          0|
    |ap_enable_reg_pp0_iter8                                                                   |    1|   0|    1|          0|
    |ap_enable_reg_pp0_iter9                                                                   |    1|   0|    1|          0|
    |grp_dense_latency_ap_fixed_16_6_5_3_0_ap_fixed_16_6_5_3_0_config11_s_fu_236_ap_start_reg  |    1|   0|    1|          0|
    |grp_dense_latency_ap_ufixed_8_0_4_0_0_ap_fixed_16_6_5_3_0_config19_s_fu_308_ap_start_reg  |    1|   0|    1|          0|
    |grp_dense_latency_ap_ufixed_8_0_4_0_0_ap_fixed_16_6_5_3_0_config22_s_fu_324_ap_start_reg  |    1|   0|    1|          0|
    |grp_relu_ap_fixed_16_6_5_3_0_ap_ufixed_8_0_4_0_0_relu_config13_s_fu_242_ap_start_reg      |    1|   0|    1|          0|
    |grp_relu_ap_fixed_16_6_5_3_0_ap_ufixed_8_0_4_0_0_relu_config14_s_fu_254_ap_start_reg      |    1|   0|    1|          0|
    |grp_relu_ap_fixed_16_6_5_3_0_ap_ufixed_8_0_4_0_0_relu_config18_s_fu_300_ap_start_reg      |    1|   0|    1|          0|
    |grp_relu_ap_fixed_16_6_5_3_0_ap_ufixed_8_0_4_0_0_relu_config21_s_fu_316_ap_start_reg      |    1|   0|    1|          0|
    |icmp_ln469_reg_1642                                                                       |    1|   0|    1|          0|
    |icmp_ln473_reg_1662                                                                       |    1|   0|    1|          0|
    |layer11_out_1_reg_1386                                                                    |   16|   0|   16|          0|
    |layer11_out_2_reg_1391                                                                    |   16|   0|   16|          0|
    |layer11_out_3_reg_1396                                                                    |   16|   0|   16|          0|
    |layer11_out_4_reg_1401                                                                    |   16|   0|   16|          0|
    |layer11_out_5_reg_1406                                                                    |   16|   0|   16|          0|
    |layer11_out_reg_1381                                                                      |   16|   0|   16|          0|
    |layer13_out_1_reg_1416                                                                    |    8|   0|    8|          0|
    |layer13_out_2_reg_1421                                                                    |    8|   0|    8|          0|
    |layer13_out_3_reg_1426                                                                    |    8|   0|    8|          0|
    |layer13_out_4_reg_1431                                                                    |    8|   0|    8|          0|
    |layer13_out_5_reg_1436                                                                    |    8|   0|    8|          0|
    |layer13_out_6_reg_1441                                                                    |    8|   0|    8|          0|
    |layer13_out_7_reg_1446                                                                    |    8|   0|    8|          0|
    |layer13_out_reg_1411                                                                      |    8|   0|    8|          0|
    |layer14_out_1_reg_1456                                                                    |    8|   0|    8|          0|
    |layer14_out_2_reg_1461                                                                    |    8|   0|    8|          0|
    |layer14_out_3_reg_1466                                                                    |    8|   0|    8|          0|
    |layer14_out_4_reg_1471                                                                    |    8|   0|    8|          0|
    |layer14_out_5_reg_1476                                                                    |    8|   0|    8|          0|
    |layer14_out_reg_1451                                                                      |    8|   0|    8|          0|
    |layer16_out_1_reg_1556                                                                    |   16|   0|   16|          0|
    |layer16_out_2_reg_1561                                                                    |   16|   0|   16|          0|
    |layer16_out_3_reg_1566                                                                    |   16|   0|   16|          0|
    |layer16_out_reg_1551                                                                      |   16|   0|   16|          0|
    |layer18_out_1_reg_1576                                                                    |    8|   0|    8|          0|
    |layer18_out_2_reg_1581                                                                    |    8|   0|    8|          0|
    |layer18_out_3_reg_1586                                                                    |    8|   0|    8|          0|
    |layer18_out_reg_1571                                                                      |    8|   0|    8|          0|
    |layer19_out_1_reg_1596                                                                    |   16|   0|   16|          0|
    |layer19_out_2_reg_1601                                                                    |   16|   0|   16|          0|
    |layer19_out_3_reg_1606                                                                    |   16|   0|   16|          0|
    |layer19_out_reg_1591                                                                      |   16|   0|   16|          0|
    |layer21_out_1_reg_1616                                                                    |    8|   0|    8|          0|
    |layer21_out_2_reg_1621                                                                    |    8|   0|    8|          0|
    |layer21_out_3_reg_1626                                                                    |    8|   0|    8|          0|
    |layer21_out_reg_1611                                                                      |    8|   0|    8|          0|
    |layer22_out_reg_1631                                                                      |   13|   0|   13|          0|
    |layer9_out_1_reg_1346                                                                     |   16|   0|   16|          0|
    |layer9_out_2_reg_1351                                                                     |   16|   0|   16|          0|
    |layer9_out_3_reg_1356                                                                     |   16|   0|   16|          0|
    |layer9_out_4_reg_1361                                                                     |   16|   0|   16|          0|
    |layer9_out_5_reg_1366                                                                     |   16|   0|   16|          0|
    |layer9_out_6_reg_1371                                                                     |   16|   0|   16|          0|
    |layer9_out_7_reg_1376                                                                     |   16|   0|   16|          0|
    |layer9_out_reg_1341                                                                       |   16|   0|   16|          0|
    |nModule_ap_vld_preg                                                                       |    1|   0|    1|          0|
    |nModule_preg                                                                              |   16|   0|   16|          0|
    |nModule_read_reg_1331                                                                     |   16|   0|   16|          0|
    |sigmoid_reg_1636                                                                          |   14|   0|   15|          1|
    |tmp_122_reg_1655                                                                          |    1|   0|    1|          0|
    |tmp_124_reg_1667                                                                          |    1|   0|    1|          0|
    |x_local_ap_vld_preg                                                                       |    1|   0|    1|          0|
    |x_local_preg                                                                              |   16|   0|   16|          0|
    |x_local_read_reg_1336                                                                     |   16|   0|   16|          0|
    |x_profile_ap_vld_preg                                                                     |    1|   0|    1|          0|
    |x_profile_preg                                                                            |  336|   0|  336|          0|
    |y_local_ap_vld_preg                                                                       |    1|   0|    1|          0|
    |y_local_preg                                                                              |   16|   0|   16|          0|
    |y_profile_ap_vld_preg                                                                     |    1|   0|    1|          0|
    |y_profile_preg                                                                            |  208|   0|  208|          0|
    |nModule_read_reg_1331                                                                     |   64|  32|   16|          0|
    |x_local_read_reg_1336                                                                     |   64|  32|   16|          0|
    +------------------------------------------------------------------------------------------+-----+----+-----+-----------+
    |Total                                                                                     | 1365|  64| 1272|          3|
    +------------------------------------------------------------------------------------------+-----+----+-----+-----------+



================================================================
== Interface
================================================================
* Summary: 
+--------------------+-----+-----+------------+--------------+--------------+
|      RTL Ports     | Dir | Bits|  Protocol  | Source Object|    C Type    |
+--------------------+-----+-----+------------+--------------+--------------+
|ap_clk              |   in|    1|  ap_ctrl_hs|     myproject|  return value|
|ap_rst              |   in|    1|  ap_ctrl_hs|     myproject|  return value|
|ap_start            |   in|    1|  ap_ctrl_hs|     myproject|  return value|
|ap_done             |  out|    1|  ap_ctrl_hs|     myproject|  return value|
|ap_idle             |  out|    1|  ap_ctrl_hs|     myproject|  return value|
|ap_ready            |  out|    1|  ap_ctrl_hs|     myproject|  return value|
|x_profile_ap_vld    |   in|    1|      ap_vld|     x_profile|       pointer|
|x_profile           |   in|  336|      ap_vld|     x_profile|       pointer|
|y_profile_ap_vld    |   in|    1|      ap_vld|     y_profile|       pointer|
|y_profile           |   in|  208|      ap_vld|     y_profile|       pointer|
|y_local_ap_vld      |   in|    1|      ap_vld|       y_local|       pointer|
|y_local             |   in|   16|      ap_vld|       y_local|       pointer|
|nModule_ap_vld      |   in|    1|      ap_vld|       nModule|       pointer|
|nModule             |   in|   16|      ap_vld|       nModule|       pointer|
|x_local_ap_vld      |   in|    1|      ap_vld|       x_local|       pointer|
|x_local             |   in|   16|      ap_vld|       x_local|       pointer|
|layer24_out         |  out|    8|      ap_vld|   layer24_out|       pointer|
|layer24_out_ap_vld  |  out|    1|      ap_vld|   layer24_out|       pointer|
+--------------------+-----+-----+------------+--------------+--------------+

