

================================================================
== Vitis HLS Report for 'dense_resource_ap_fixed_16_6_5_3_0_ap_fixed_16_6_5_3_0_config12_s'
================================================================
* Date:           Mon Apr 13 14:54:02 2026

* Version:        2024.1 (Build 5069499 on May 21 2024)
* Project:        myproject_prj
* Solution:       solution1 (Vivado IP Flow Target)
* Product family: zynq
* Target device:  xc7z020-clg400-1


================================================================
== Performance Estimates
================================================================
+ Timing: 
    * Summary: 
    +--------+---------+----------+------------+
    |  Clock |  Target | Estimated| Uncertainty|
    +--------+---------+----------+------------+
    |ap_clk  |  5.00 ns|  8.187 ns|     0.62 ns|
    +--------+---------+----------+------------+

+ Latency: 
    * Summary: 
    +---------+---------+-----------+-----------+-----+-----+------------------------------------------+
    |  Latency (cycles) |   Latency (absolute)  |  Interval |                 Pipeline                 |
    |   min   |   max   |    min    |    max    | min | max |                   Type                   |
    +---------+---------+-----------+-----------+-----+-----+------------------------------------------+
    |        8|        9|  65.493 ns|  73.680 ns|    6|    6|  loop rewind stp(delay=0 clock cycles(s))|
    +---------+---------+-----------+-----------+-----+-----+------------------------------------------+

    + Detail: 
        * Instance: 
        N/A

        * Loop: 
        +-------------+---------+---------+----------+-----------+-----------+------+----------+
        |             |  Latency (cycles) | Iteration|  Initiation Interval  | Trip |          |
        |  Loop Name  |   min   |   max   |  Latency |  achieved |   target  | Count| Pipelined|
        +-------------+---------+---------+----------+-----------+-----------+------+----------+
        |- ReuseLoop  |        8|        8|         4|          1|          1|     6|       yes|
        +-------------+---------+---------+----------+-----------+-----------+------+----------+



================================================================
== Utilization Estimates
================================================================
* Summary: 
+-----------------+---------+-----+--------+-------+-----+
|       Name      | BRAM_18K| DSP |   FF   |  LUT  | URAM|
+-----------------+---------+-----+--------+-------+-----+
|DSP              |        -|    -|       -|      -|    -|
|Expression       |        -|    -|       0|    821|    -|
|FIFO             |        -|    -|       -|      -|    -|
|Instance         |        -|    4|     268|     17|    -|
|Memory           |        0|    -|      25|      4|    -|
|Multiplexer      |        -|    -|       0|    376|    -|
|Register         |        -|    -|     588|     32|    -|
+-----------------+---------+-----+--------+-------+-----+
|Total            |        0|    4|     881|   1250|    0|
+-----------------+---------+-----+--------+-------+-----+
|Available        |      280|  220|  106400|  53200|    0|
+-----------------+---------+-----+--------+-------+-----+
|Utilization (%)  |        0|    1|      ~0|      2|    0|
+-----------------+---------+-----+--------+-------+-----+

+ Detail: 
    * Instance: 
    +----------------------------+----------------------+---------+----+----+----+-----+
    |          Instance          |        Module        | BRAM_18K| DSP| FF | LUT| URAM|
    +----------------------------+----------------------+---------+----+----+----+-----+
    |mul_16s_6s_21_2_1_U1461     |mul_16s_6s_21_2_1     |        0|   1|  67|   2|    0|
    |mul_16s_6s_21_2_1_U1462     |mul_16s_6s_21_2_1     |        0|   1|  67|   2|    0|
    |mul_16s_6s_21_2_1_U1463     |mul_16s_6s_21_2_1     |        0|   1|  67|   2|    0|
    |mul_16s_6s_21_2_1_U1464     |mul_16s_6s_21_2_1     |        0|   1|  67|   2|    0|
    |sparsemux_7_2_16_1_1_U1460  |sparsemux_7_2_16_1_1  |        0|   0|   0|   9|    0|
    +----------------------------+----------------------+---------+----+----+----+-----+
    |Total                       |                      |        0|   4| 268|  17|    0|
    +----------------------------+----------------------+---------+----+----+----+-----+

    * DSP: 
    N/A

    * Memory: 
    +------------+----------------------------------------------------------------------------------+---------+----+----+-----+------+-----+------+-------------+
    |   Memory   |                                      Module                                      | BRAM_18K| FF | LUT| URAM| Words| Bits| Banks| W*Bits*Banks|
    +------------+----------------------------------------------------------------------------------+---------+----+----+-----+------+-----+------+-------------+
    |outidx_i_U  |dense_resource_ap_fixed_16_6_5_3_0_ap_fixed_16_6_5_3_0_config12_s_outidx_i_RObkb  |        0|   1|   1|    0|     6|    1|     1|            6|
    |w12_U       |dense_resource_ap_fixed_16_6_5_3_0_ap_fixed_16_6_5_3_0_config12_s_w12_ROM_AUTcud  |        0|  24|   3|    0|    24|    6|     1|          144|
    +------------+----------------------------------------------------------------------------------+---------+----+----+-----+------+-----+------+-------------+
    |Total       |                                                                                  |        0|  25|   4|    0|    30|    7|     2|          150|
    +------------+----------------------------------------------------------------------------------+---------+----+----+-----+------+-----+------+-------------+

    * FIFO: 
    N/A

    * Expression: 
    +---------------------------+----------+----+---+----+------------+------------+
    |       Variable Name       | Operation| DSP| FF| LUT| Bitwidth P0| Bitwidth P1|
    +---------------------------+----------+----+---+----+------------+------------+
    |acc_10_fu_572_p2           |         +|   0|  0|  23|          16|          16|
    |acc_12_fu_629_p2           |         +|   0|  0|  23|          16|          16|
    |acc_15_fu_686_p2           |         +|   0|  0|  23|          16|          16|
    |acc_18_fu_743_p2           |         +|   0|  0|  23|          16|          16|
    |add_ln135_1_fu_429_p2      |         +|   0|  0|  13|           5|           4|
    |add_ln135_2_fu_440_p2      |         +|   0|  0|  13|           5|           5|
    |add_ln135_fu_418_p2        |         +|   0|  0|  13|           4|           3|
    |in_index_1_fu_527_p2       |         +|   0|  0|  10|           2|           1|
    |ir_fu_451_p2               |         +|   0|  0|  11|           3|           1|
    |sub_ln133_1_fu_635_p2      |         -|   0|  0|  24|           1|          17|
    |sub_ln133_2_fu_692_p2      |         -|   0|  0|  24|           1|          17|
    |sub_ln133_3_fu_749_p2      |         -|   0|  0|  24|           1|          17|
    |sub_ln133_fu_578_p2        |         -|   0|  0|  24|           1|          17|
    |ap_condition_147           |       and|   0|  0|   2|           1|           1|
    |icmp_ln124_fu_457_p2       |      icmp|   0|  0|  11|           3|           3|
    |icmp_ln133_1_fu_641_p2     |      icmp|   0|  0|  24|          17|          17|
    |icmp_ln133_2_fu_698_p2     |      icmp|   0|  0|  24|          17|          17|
    |icmp_ln133_3_fu_755_p2     |      icmp|   0|  0|  24|          17|          17|
    |icmp_ln133_fu_584_p2       |      icmp|   0|  0|  24|          17|          17|
    |icmp_ln141_fu_533_p2       |      icmp|   0|  0|  10|           2|           2|
    |ap_block_pp0_stage0_11001  |        or|   0|  0|   2|           1|           1|
    |acc_11_fu_799_p3           |    select|   0|  0|  16|           1|          16|
    |acc_13_fu_829_p3           |    select|   0|  0|  16|           1|          16|
    |acc_14_fu_823_p3           |    select|   0|  0|  16|           1|          16|
    |acc_16_fu_853_p3           |    select|   0|  0|  16|           1|          16|
    |acc_17_fu_847_p3           |    select|   0|  0|  16|           1|          16|
    |acc_19_fu_793_p3           |    select|   0|  0|  16|           1|          16|
    |acc_20_fu_787_p3           |    select|   0|  0|  16|           1|          16|
    |acc_21_fu_817_p3           |    select|   0|  0|  16|           1|          16|
    |acc_22_fu_811_p3           |    select|   0|  0|  16|           1|          16|
    |acc_23_fu_841_p3           |    select|   0|  0|  16|           1|          16|
    |acc_24_fu_835_p3           |    select|   0|  0|  16|           1|          16|
    |acc_25_fu_865_p3           |    select|   0|  0|  16|           1|          16|
    |acc_26_fu_859_p3           |    select|   0|  0|  16|           1|          16|
    |acc_8_fu_781_p3            |    select|   0|  0|  16|           1|          16|
    |acc_9_fu_775_p3            |    select|   0|  0|  16|           1|          16|
    |acc_fu_805_p3              |    select|   0|  0|  16|           1|          16|
    |in_index_fu_539_p3         |    select|   0|  0|   2|           1|           1|
    |select_ln133_10_fu_671_p3  |    select|   0|  0|  16|           1|          16|
    |select_ln133_13_fu_704_p3  |    select|   0|  0|  16|           1|           1|
    |select_ln133_14_fu_711_p3  |    select|   0|  0|  16|           1|          16|
    |select_ln133_15_fu_728_p3  |    select|   0|  0|  16|           1|          16|
    |select_ln133_1_fu_768_p3   |    select|   0|  0|  16|           1|          16|
    |select_ln133_2_fu_557_p3   |    select|   0|  0|  16|           1|          16|
    |select_ln133_3_fu_590_p3   |    select|   0|  0|  16|           1|           1|
    |select_ln133_4_fu_597_p3   |    select|   0|  0|  16|           1|          16|
    |select_ln133_5_fu_614_p3   |    select|   0|  0|  16|           1|          16|
    |select_ln133_8_fu_647_p3   |    select|   0|  0|  16|           1|           1|
    |select_ln133_9_fu_654_p3   |    select|   0|  0|  16|           1|          16|
    |select_ln133_fu_761_p3     |    select|   0|  0|  16|           1|           1|
    |ap_enable_pp0              |       xor|   0|  0|   2|           1|           2|
    +---------------------------+----------+----+---+----+------------+------------+
    |Total                      |          |   0|  0| 821|         192|         612|
    +---------------------------+----------+----+---+----+------------+------------+

    * Multiplexer: 
    +-------------------------------------+----+-----------+-----+-----------+
    |                 Name                | LUT| Input Size| Bits| Total Bits|
    +-------------------------------------+----+-----------+-----+-----------+
    |acc42_reg_284                        |   9|          2|   16|         32|
    |acc_140_reg_299                      |   9|          2|   16|         32|
    |acc_238_reg_314                      |   9|          2|   16|         32|
    |acc_336_reg_329                      |   9|          2|   16|         32|
    |acc_434_reg_344                      |   9|          2|   16|         32|
    |acc_532_reg_359                      |   9|          2|   16|         32|
    |acc_630_reg_374                      |   9|          2|   16|         32|
    |acc_728_reg_389                      |   9|          2|   16|         32|
    |ap_done_int                          |   9|          2|    1|          2|
    |ap_loop_exit_ready_pp0_iter3_reg     |   9|          2|    1|          2|
    |ap_phi_mux_acc42_phi_fu_288_p6       |  14|          3|   16|         48|
    |ap_phi_mux_acc_140_phi_fu_303_p6     |  14|          3|   16|         48|
    |ap_phi_mux_acc_238_phi_fu_318_p6     |  14|          3|   16|         48|
    |ap_phi_mux_acc_336_phi_fu_333_p6     |  14|          3|   16|         48|
    |ap_phi_mux_acc_434_phi_fu_348_p6     |  14|          3|   16|         48|
    |ap_phi_mux_acc_532_phi_fu_363_p6     |  14|          3|   16|         48|
    |ap_phi_mux_acc_630_phi_fu_378_p6     |  14|          3|   16|         48|
    |ap_phi_mux_acc_728_phi_fu_393_p6     |  14|          3|   16|         48|
    |ap_phi_mux_do_init_phi_fu_167_p6     |  14|          3|    1|          3|
    |ap_phi_mux_in_index44_phi_fu_274_p6  |  14|          3|    2|          6|
    |ap_phi_mux_ir43_phi_fu_221_p6        |  14|          3|    3|          9|
    |ap_return_0                          |   9|          2|   16|         32|
    |ap_return_1                          |   9|          2|   16|         32|
    |ap_return_2                          |   9|          2|   16|         32|
    |ap_return_3                          |   9|          2|   16|         32|
    |ap_return_4                          |   9|          2|   16|         32|
    |ap_return_5                          |   9|          2|   16|         32|
    |ap_return_6                          |   9|          2|   16|         32|
    |ap_return_7                          |   9|          2|   16|         32|
    |in_index44_reg_270                   |   9|          2|    2|          4|
    |ir43_reg_218                         |   9|          2|    3|          6|
    |p_read152_phi_reg_244                |  14|          3|   16|         48|
    |p_read253_phi_reg_257                |  14|          3|   16|         48|
    |p_read51_phi_reg_231                 |  14|          3|   16|         48|
    +-------------------------------------+----+-----------+-----+-----------+
    |Total                                | 376|         82|  445|       1072|
    +-------------------------------------+----+-----------+-----+-----------+

    * Register: 
    +----------------------------------+----+----+-----+-----------+
    |               Name               | FF | LUT| Bits| Const Bits|
    +----------------------------------+----+----+-----+-----------+
    |acc42_reg_284                     |  16|   0|   16|          0|
    |acc_10_reg_1014                   |  16|   0|   16|          0|
    |acc_12_reg_1036                   |  16|   0|   16|          0|
    |acc_140_reg_299                   |  16|   0|   16|          0|
    |acc_15_reg_1058                   |  16|   0|   16|          0|
    |acc_18_reg_1080                   |  16|   0|   16|          0|
    |acc_238_reg_314                   |  16|   0|   16|          0|
    |acc_336_reg_329                   |  16|   0|   16|          0|
    |acc_434_reg_344                   |  16|   0|   16|          0|
    |acc_532_reg_359                   |  16|   0|   16|          0|
    |acc_630_reg_374                   |  16|   0|   16|          0|
    |acc_728_reg_389                   |  16|   0|   16|          0|
    |ap_CS_fsm                         |   1|   0|    1|          0|
    |ap_done_reg                       |   1|   0|    1|          0|
    |ap_enable_reg_pp0_iter1           |   1|   0|    1|          0|
    |ap_enable_reg_pp0_iter2           |   1|   0|    1|          0|
    |ap_enable_reg_pp0_iter3           |   1|   0|    1|          0|
    |ap_loop_exit_ready_pp0_iter1_reg  |   1|   0|    1|          0|
    |ap_loop_exit_ready_pp0_iter2_reg  |   1|   0|    1|          0|
    |ap_loop_exit_ready_pp0_iter3_reg  |   1|   0|    1|          0|
    |ap_loop_init_pp0_iter1_reg        |   1|   0|    1|          0|
    |ap_loop_init_pp0_iter2_reg        |   1|   0|    1|          0|
    |ap_return_0_preg                  |  16|   0|   16|          0|
    |ap_return_1_preg                  |  16|   0|   16|          0|
    |ap_return_2_preg                  |  16|   0|   16|          0|
    |ap_return_3_preg                  |  16|   0|   16|          0|
    |ap_return_4_preg                  |  16|   0|   16|          0|
    |ap_return_5_preg                  |  16|   0|   16|          0|
    |ap_return_6_preg                  |  16|   0|   16|          0|
    |ap_return_7_preg                  |  16|   0|   16|          0|
    |do_init_reg_164                   |   1|   0|    1|          0|
    |icmp_ln124_reg_953                |   1|   0|    1|          0|
    |icmp_ln133_1_reg_1042             |   1|   0|    1|          0|
    |icmp_ln133_2_reg_1064             |   1|   0|    1|          0|
    |icmp_ln133_3_reg_1086             |   1|   0|    1|          0|
    |icmp_ln133_reg_1020               |   1|   0|    1|          0|
    |in_index44_reg_270                |   2|   0|    2|          0|
    |in_index_reg_1009                 |   2|   0|    2|          0|
    |ir43_reg_218                      |   3|   0|    3|          0|
    |ir_reg_948                        |   3|   0|    3|          0|
    |out_index_reg_957                 |   1|   0|    1|          0|
    |out_index_reg_957_pp0_iter2_reg   |   1|   0|    1|          0|
    |p_read152_phi_reg_244             |  16|   0|   16|          0|
    |p_read253_phi_reg_257             |  16|   0|   16|          0|
    |p_read51_phi_reg_231              |  16|   0|   16|          0|
    |select_ln133_13_reg_1070          |  16|   0|   16|          0|
    |select_ln133_14_reg_1075          |  16|   0|   16|          0|
    |select_ln133_1_reg_1097           |  16|   0|   16|          0|
    |select_ln133_3_reg_1026           |  16|   0|   16|          0|
    |select_ln133_4_reg_1031           |  16|   0|   16|          0|
    |select_ln133_8_reg_1048           |  16|   0|   16|          0|
    |select_ln133_9_reg_1053           |  16|   0|   16|          0|
    |select_ln133_reg_1092             |  16|   0|   16|          0|
    |icmp_ln124_reg_953                |  64|  32|    1|          0|
    +----------------------------------+----+----+-----+-----------+
    |Total                             | 588|  32|  525|          0|
    +----------------------------------+----+----+-----+-----------+



================================================================
== Interface
================================================================
* Summary: 
+-------------+-----+-----+------------+------------------------------------------------------------------------------+--------------+
|  RTL Ports  | Dir | Bits|  Protocol  |                                 Source Object                                |    C Type    |
+-------------+-----+-----+------------+------------------------------------------------------------------------------+--------------+
|ap_clk       |   in|    1|  ap_ctrl_hs|  dense_resource<ap_fixed<16, 6, 5, 3, 0>, ap_fixed<16, 6, 5, 3, 0>, config12>|  return value|
|ap_rst       |   in|    1|  ap_ctrl_hs|  dense_resource<ap_fixed<16, 6, 5, 3, 0>, ap_fixed<16, 6, 5, 3, 0>, config12>|  return value|
|ap_start     |   in|    1|  ap_ctrl_hs|  dense_resource<ap_fixed<16, 6, 5, 3, 0>, ap_fixed<16, 6, 5, 3, 0>, config12>|  return value|
|ap_done      |  out|    1|  ap_ctrl_hs|  dense_resource<ap_fixed<16, 6, 5, 3, 0>, ap_fixed<16, 6, 5, 3, 0>, config12>|  return value|
|ap_continue  |   in|    1|  ap_ctrl_hs|  dense_resource<ap_fixed<16, 6, 5, 3, 0>, ap_fixed<16, 6, 5, 3, 0>, config12>|  return value|
|ap_idle      |  out|    1|  ap_ctrl_hs|  dense_resource<ap_fixed<16, 6, 5, 3, 0>, ap_fixed<16, 6, 5, 3, 0>, config12>|  return value|
|ap_ready     |  out|    1|  ap_ctrl_hs|  dense_resource<ap_fixed<16, 6, 5, 3, 0>, ap_fixed<16, 6, 5, 3, 0>, config12>|  return value|
|ap_return_0  |  out|   16|  ap_ctrl_hs|  dense_resource<ap_fixed<16, 6, 5, 3, 0>, ap_fixed<16, 6, 5, 3, 0>, config12>|  return value|
|ap_return_1  |  out|   16|  ap_ctrl_hs|  dense_resource<ap_fixed<16, 6, 5, 3, 0>, ap_fixed<16, 6, 5, 3, 0>, config12>|  return value|
|ap_return_2  |  out|   16|  ap_ctrl_hs|  dense_resource<ap_fixed<16, 6, 5, 3, 0>, ap_fixed<16, 6, 5, 3, 0>, config12>|  return value|
|ap_return_3  |  out|   16|  ap_ctrl_hs|  dense_resource<ap_fixed<16, 6, 5, 3, 0>, ap_fixed<16, 6, 5, 3, 0>, config12>|  return value|
|ap_return_4  |  out|   16|  ap_ctrl_hs|  dense_resource<ap_fixed<16, 6, 5, 3, 0>, ap_fixed<16, 6, 5, 3, 0>, config12>|  return value|
|ap_return_5  |  out|   16|  ap_ctrl_hs|  dense_resource<ap_fixed<16, 6, 5, 3, 0>, ap_fixed<16, 6, 5, 3, 0>, config12>|  return value|
|ap_return_6  |  out|   16|  ap_ctrl_hs|  dense_resource<ap_fixed<16, 6, 5, 3, 0>, ap_fixed<16, 6, 5, 3, 0>, config12>|  return value|
|ap_return_7  |  out|   16|  ap_ctrl_hs|  dense_resource<ap_fixed<16, 6, 5, 3, 0>, ap_fixed<16, 6, 5, 3, 0>, config12>|  return value|
|p_read       |   in|   16|     ap_none|                                                                        p_read|        scalar|
|p_read1      |   in|   16|     ap_none|                                                                       p_read1|        scalar|
|p_read2      |   in|   16|     ap_none|                                                                       p_read2|        scalar|
+-------------+-----+-----+------------+------------------------------------------------------------------------------+--------------+

