

================================================================
== Vitis HLS Report for 'dense_resource_ap_ufixed_8_0_4_0_0_ap_fixed_16_6_5_3_0_config20_s'
================================================================
* Date:           Mon Apr 13 14:54:18 2026

* Version:        2024.1 (Build 5069499 on May 21 2024)
* Project:        myproject_prj
* Solution:       solution1 (Vivado IP Flow Target)
* Product family: zynq
* Target device:  xc7z020-clg400-1


================================================================
== Performance Estimates
================================================================
+ Timing: 
    * Summary: 
    +--------+---------+----------+------------+
    |  Clock |  Target | Estimated| Uncertainty|
    +--------+---------+----------+------------+
    |ap_clk  |  5.00 ns|  4.170 ns|     0.62 ns|
    +--------+---------+----------+------------+

+ Latency: 
    * Summary: 
    +---------+---------+-----------+-----------+-----+-----+------------------------------------------+
    |  Latency (cycles) |   Latency (absolute)  |  Interval |                 Pipeline                 |
    |   min   |   max   |    min    |    max    | min | max |                   Type                   |
    +---------+---------+-----------+-----------+-----+-----+------------------------------------------+
    |       12|       13|  60.000 ns|  65.000 ns|    8|    8|  loop rewind stp(delay=0 clock cycles(s))|
    +---------+---------+-----------+-----------+-----+-----+------------------------------------------+

    + Detail: 
        * Instance: 
        N/A

        * Loop: 
        +-------------+---------+---------+----------+-----------+-----------+------+----------+
        |             |  Latency (cycles) | Iteration|  Initiation Interval  | Trip |          |
        |  Loop Name  |   min   |   max   |  Latency |  achieved |   target  | Count| Pipelined|
        +-------------+---------+---------+----------+-----------+-----------+------+----------+
        |- ReuseLoop  |       12|       12|         6|          1|          1|     8|       yes|
        +-------------+---------+---------+----------+-----------+-----------+------+----------+



================================================================
== Utilization Estimates
================================================================
* Summary: 
+-----------------+---------+-----+--------+-------+-----+
|       Name      | BRAM_18K| DSP |   FF   |  LUT  | URAM|
+-----------------+---------+-----+--------+-------+-----+
|DSP              |        -|    -|       -|      -|    -|
|Expression       |        -|    -|       0|   1006|    -|
|FIFO             |        -|    -|       -|      -|    -|
|Instance         |        -|    0|       0|   2792|    -|
|Memory           |       32|    -|       0|      0|    -|
|Multiplexer      |        -|    -|       0|   1351|    -|
|Register         |        -|    -|    2473|     32|    -|
+-----------------+---------+-----+--------+-------+-----+
|Total            |       32|    0|    2473|   5181|    0|
+-----------------+---------+-----+--------+-------+-----+
|Available        |      280|  220|  106400|  53200|    0|
+-----------------+---------+-----+--------+-------+-----+
|Utilization (%)  |       11|    0|       2|      9|    0|
+-----------------+---------+-----+--------+-------+-----+

+ Detail: 
    * Instance: 
    +----------------------------+----------------------+---------+----+---+----+-----+
    |          Instance          |        Module        | BRAM_18K| DSP| FF| LUT| URAM|
    +----------------------------+----------------------+---------+----+---+----+-----+
    |mul_8ns_6s_14_1_1_U3038     |mul_8ns_6s_14_1_1     |        0|   0|  0|  41|    0|
    |mul_8ns_6s_14_1_1_U3039     |mul_8ns_6s_14_1_1     |        0|   0|  0|  41|    0|
    |mul_8ns_6s_14_1_1_U3040     |mul_8ns_6s_14_1_1     |        0|   0|  0|  41|    0|
    |mul_8ns_6s_14_1_1_U3041     |mul_8ns_6s_14_1_1     |        0|   0|  0|  41|    0|
    |mul_8ns_6s_14_1_1_U3042     |mul_8ns_6s_14_1_1     |        0|   0|  0|  41|    0|
    |mul_8ns_6s_14_1_1_U3043     |mul_8ns_6s_14_1_1     |        0|   0|  0|  41|    0|
    |mul_8ns_6s_14_1_1_U3044     |mul_8ns_6s_14_1_1     |        0|   0|  0|  41|    0|
    |mul_8ns_6s_14_1_1_U3045     |mul_8ns_6s_14_1_1     |        0|   0|  0|  41|    0|
    |mul_8ns_6s_14_1_1_U3046     |mul_8ns_6s_14_1_1     |        0|   0|  0|  41|    0|
    |mul_8ns_6s_14_1_1_U3047     |mul_8ns_6s_14_1_1     |        0|   0|  0|  41|    0|
    |mul_8ns_6s_14_1_1_U3048     |mul_8ns_6s_14_1_1     |        0|   0|  0|  41|    0|
    |mul_8ns_6s_14_1_1_U3049     |mul_8ns_6s_14_1_1     |        0|   0|  0|  41|    0|
    |mul_8ns_6s_14_1_1_U3050     |mul_8ns_6s_14_1_1     |        0|   0|  0|  41|    0|
    |mul_8ns_6s_14_1_1_U3051     |mul_8ns_6s_14_1_1     |        0|   0|  0|  41|    0|
    |mul_8ns_6s_14_1_1_U3052     |mul_8ns_6s_14_1_1     |        0|   0|  0|  41|    0|
    |mul_8ns_6s_14_1_1_U3053     |mul_8ns_6s_14_1_1     |        0|   0|  0|  41|    0|
    |mul_8ns_6s_14_1_1_U3054     |mul_8ns_6s_14_1_1     |        0|   0|  0|  41|    0|
    |mul_8ns_6s_14_1_1_U3055     |mul_8ns_6s_14_1_1     |        0|   0|  0|  41|    0|
    |mul_8ns_6s_14_1_1_U3056     |mul_8ns_6s_14_1_1     |        0|   0|  0|  41|    0|
    |mul_8ns_6s_14_1_1_U3057     |mul_8ns_6s_14_1_1     |        0|   0|  0|  41|    0|
    |mul_8ns_6s_14_1_1_U3058     |mul_8ns_6s_14_1_1     |        0|   0|  0|  41|    0|
    |mul_8ns_6s_14_1_1_U3059     |mul_8ns_6s_14_1_1     |        0|   0|  0|  41|    0|
    |mul_8ns_6s_14_1_1_U3060     |mul_8ns_6s_14_1_1     |        0|   0|  0|  41|    0|
    |mul_8ns_6s_14_1_1_U3061     |mul_8ns_6s_14_1_1     |        0|   0|  0|  41|    0|
    |mul_8ns_6s_14_1_1_U3062     |mul_8ns_6s_14_1_1     |        0|   0|  0|  41|    0|
    |mul_8ns_6s_14_1_1_U3063     |mul_8ns_6s_14_1_1     |        0|   0|  0|  41|    0|
    |mul_8ns_6s_14_1_1_U3064     |mul_8ns_6s_14_1_1     |        0|   0|  0|  41|    0|
    |mul_8ns_6s_14_1_1_U3065     |mul_8ns_6s_14_1_1     |        0|   0|  0|  41|    0|
    |mul_8ns_6s_14_1_1_U3066     |mul_8ns_6s_14_1_1     |        0|   0|  0|  41|    0|
    |mul_8ns_6s_14_1_1_U3067     |mul_8ns_6s_14_1_1     |        0|   0|  0|  41|    0|
    |mul_8ns_6s_14_1_1_U3068     |mul_8ns_6s_14_1_1     |        0|   0|  0|  41|    0|
    |mul_8ns_6s_14_1_1_U3069     |mul_8ns_6s_14_1_1     |        0|   0|  0|  41|    0|
    |mul_8ns_6s_14_1_1_U3070     |mul_8ns_6s_14_1_1     |        0|   0|  0|  41|    0|
    |mul_8ns_6s_14_1_1_U3071     |mul_8ns_6s_14_1_1     |        0|   0|  0|  41|    0|
    |mul_8ns_6s_14_1_1_U3072     |mul_8ns_6s_14_1_1     |        0|   0|  0|  41|    0|
    |mul_8ns_6s_14_1_1_U3073     |mul_8ns_6s_14_1_1     |        0|   0|  0|  41|    0|
    |mul_8ns_6s_14_1_1_U3074     |mul_8ns_6s_14_1_1     |        0|   0|  0|  41|    0|
    |mul_8ns_6s_14_1_1_U3075     |mul_8ns_6s_14_1_1     |        0|   0|  0|  41|    0|
    |mul_8ns_6s_14_1_1_U3076     |mul_8ns_6s_14_1_1     |        0|   0|  0|  41|    0|
    |mul_8ns_6s_14_1_1_U3077     |mul_8ns_6s_14_1_1     |        0|   0|  0|  41|    0|
    |mul_8ns_6s_14_1_1_U3078     |mul_8ns_6s_14_1_1     |        0|   0|  0|  41|    0|
    |mul_8ns_6s_14_1_1_U3079     |mul_8ns_6s_14_1_1     |        0|   0|  0|  41|    0|
    |mul_8ns_6s_14_1_1_U3080     |mul_8ns_6s_14_1_1     |        0|   0|  0|  41|    0|
    |mul_8ns_6s_14_1_1_U3081     |mul_8ns_6s_14_1_1     |        0|   0|  0|  41|    0|
    |mul_8ns_6s_14_1_1_U3082     |mul_8ns_6s_14_1_1     |        0|   0|  0|  41|    0|
    |mul_8ns_6s_14_1_1_U3083     |mul_8ns_6s_14_1_1     |        0|   0|  0|  41|    0|
    |mul_8ns_6s_14_1_1_U3084     |mul_8ns_6s_14_1_1     |        0|   0|  0|  41|    0|
    |mul_8ns_6s_14_1_1_U3085     |mul_8ns_6s_14_1_1     |        0|   0|  0|  41|    0|
    |mul_8ns_6s_14_1_1_U3086     |mul_8ns_6s_14_1_1     |        0|   0|  0|  41|    0|
    |mul_8ns_6s_14_1_1_U3087     |mul_8ns_6s_14_1_1     |        0|   0|  0|  41|    0|
    |mul_8ns_6s_14_1_1_U3088     |mul_8ns_6s_14_1_1     |        0|   0|  0|  41|    0|
    |mul_8ns_6s_14_1_1_U3089     |mul_8ns_6s_14_1_1     |        0|   0|  0|  41|    0|
    |mul_8ns_6s_14_1_1_U3090     |mul_8ns_6s_14_1_1     |        0|   0|  0|  41|    0|
    |mul_8ns_6s_14_1_1_U3091     |mul_8ns_6s_14_1_1     |        0|   0|  0|  41|    0|
    |mul_8ns_6s_14_1_1_U3092     |mul_8ns_6s_14_1_1     |        0|   0|  0|  41|    0|
    |mul_8ns_6s_14_1_1_U3093     |mul_8ns_6s_14_1_1     |        0|   0|  0|  41|    0|
    |mul_8ns_6s_14_1_1_U3094     |mul_8ns_6s_14_1_1     |        0|   0|  0|  41|    0|
    |mul_8ns_6s_14_1_1_U3095     |mul_8ns_6s_14_1_1     |        0|   0|  0|  41|    0|
    |mul_8ns_6s_14_1_1_U3096     |mul_8ns_6s_14_1_1     |        0|   0|  0|  41|    0|
    |mul_8ns_6s_14_1_1_U3097     |mul_8ns_6s_14_1_1     |        0|   0|  0|  41|    0|
    |mul_8ns_6s_14_1_1_U3098     |mul_8ns_6s_14_1_1     |        0|   0|  0|  41|    0|
    |mul_8ns_6s_14_1_1_U3099     |mul_8ns_6s_14_1_1     |        0|   0|  0|  41|    0|
    |mul_8ns_6s_14_1_1_U3100     |mul_8ns_6s_14_1_1     |        0|   0|  0|  41|    0|
    |mul_8ns_6s_14_1_1_U3101     |mul_8ns_6s_14_1_1     |        0|   0|  0|  41|    0|
    |sparsemux_17_3_8_1_1_U3034  |sparsemux_17_3_8_1_1  |        0|   0|  0|  42|    0|
    |sparsemux_17_3_8_1_1_U3035  |sparsemux_17_3_8_1_1  |        0|   0|  0|  42|    0|
    |sparsemux_17_3_8_1_1_U3036  |sparsemux_17_3_8_1_1  |        0|   0|  0|  42|    0|
    |sparsemux_17_3_8_1_1_U3037  |sparsemux_17_3_8_1_1  |        0|   0|  0|  42|    0|
    +----------------------------+----------------------+---------+----+---+----+-----+
    |Total                       |                      |        0|   0|  0|2792|    0|
    +----------------------------+----------------------+---------+----+---+----+-----+

    * DSP: 
    N/A

    * Memory: 
    +-------+----------------------------------------------------------------------------------+---------+---+----+-----+------+-----+------+-------------+
    | Memory|                                      Module                                      | BRAM_18K| FF| LUT| URAM| Words| Bits| Banks| W*Bits*Banks|
    +-------+----------------------------------------------------------------------------------+---------+---+----+-----+------+-----+------+-------------+
    |w20_U  |dense_resource_ap_ufixed_8_0_4_0_0_ap_fixed_16_6_5_3_0_config20_s_w20_ROM_AUTeOg  |       32|  0|   0|    0|   512|    6|     1|         3072|
    +-------+----------------------------------------------------------------------------------+---------+---+----+-----+------+-----+------+-------------+
    |Total  |                                                                                  |       32|  0|   0|    0|   512|    6|     1|         3072|
    +-------+----------------------------------------------------------------------------------+---------+---+----+-----+------+-----+------+-------------+

    * FIFO: 
    N/A

    * Expression: 
    +---------------------------+----------+----+---+----+------------+------------+
    |       Variable Name       | Operation| DSP| FF| LUT| Bitwidth P0| Bitwidth P1|
    +---------------------------+----------+----+---+----+------------+------------+
    |add_ln53_10_fu_4452_p2     |         +|   0|  0|  12|          12|          12|
    |add_ln53_11_fu_4462_p2     |         +|   0|  0|  14|          13|          13|
    |add_ln53_12_fu_4983_p2     |         +|   0|  0|  23|          16|          16|
    |add_ln53_13_fu_4480_p2     |         +|   0|  0|  12|          12|          12|
    |add_ln53_14_fu_4490_p2     |         +|   0|  0|  12|          12|          12|
    |add_ln53_15_fu_4500_p2     |         +|   0|  0|  14|          13|          13|
    |add_ln53_16_fu_4992_p2     |         +|   0|  0|  23|          16|          16|
    |add_ln53_17_fu_4518_p2     |         +|   0|  0|  12|          12|          12|
    |add_ln53_18_fu_4528_p2     |         +|   0|  0|  12|          12|          12|
    |add_ln53_19_fu_4538_p2     |         +|   0|  0|  14|          13|          13|
    |add_ln53_20_fu_5001_p2     |         +|   0|  0|  23|          16|          16|
    |add_ln53_21_fu_4556_p2     |         +|   0|  0|  12|          12|          12|
    |add_ln53_22_fu_4566_p2     |         +|   0|  0|  12|          12|          12|
    |add_ln53_23_fu_4576_p2     |         +|   0|  0|  14|          13|          13|
    |add_ln53_24_fu_5010_p2     |         +|   0|  0|  23|          16|          16|
    |add_ln53_25_fu_4594_p2     |         +|   0|  0|  12|          12|          12|
    |add_ln53_26_fu_4604_p2     |         +|   0|  0|  12|          12|          12|
    |add_ln53_27_fu_4614_p2     |         +|   0|  0|  14|          13|          13|
    |add_ln53_28_fu_5019_p2     |         +|   0|  0|  23|          16|          16|
    |add_ln53_29_fu_4632_p2     |         +|   0|  0|  12|          12|          12|
    |add_ln53_2_fu_4376_p2      |         +|   0|  0|  12|          12|          12|
    |add_ln53_30_fu_4642_p2     |         +|   0|  0|  12|          12|          12|
    |add_ln53_31_fu_4652_p2     |         +|   0|  0|  14|          13|          13|
    |add_ln53_32_fu_5028_p2     |         +|   0|  0|  23|          16|          16|
    |add_ln53_33_fu_4670_p2     |         +|   0|  0|  12|          12|          12|
    |add_ln53_34_fu_4680_p2     |         +|   0|  0|  12|          12|          12|
    |add_ln53_35_fu_4690_p2     |         +|   0|  0|  14|          13|          13|
    |add_ln53_36_fu_5037_p2     |         +|   0|  0|  23|          16|          16|
    |add_ln53_37_fu_4708_p2     |         +|   0|  0|  12|          12|          12|
    |add_ln53_38_fu_4718_p2     |         +|   0|  0|  12|          12|          12|
    |add_ln53_39_fu_4728_p2     |         +|   0|  0|  14|          13|          13|
    |add_ln53_3_fu_4386_p2      |         +|   0|  0|  14|          13|          13|
    |add_ln53_40_fu_5046_p2     |         +|   0|  0|  23|          16|          16|
    |add_ln53_41_fu_4746_p2     |         +|   0|  0|  12|          12|          12|
    |add_ln53_42_fu_4756_p2     |         +|   0|  0|  12|          12|          12|
    |add_ln53_43_fu_4766_p2     |         +|   0|  0|  14|          13|          13|
    |add_ln53_44_fu_5055_p2     |         +|   0|  0|  23|          16|          16|
    |add_ln53_45_fu_4784_p2     |         +|   0|  0|  12|          12|          12|
    |add_ln53_46_fu_4794_p2     |         +|   0|  0|  12|          12|          12|
    |add_ln53_47_fu_4804_p2     |         +|   0|  0|  14|          13|          13|
    |add_ln53_48_fu_5064_p2     |         +|   0|  0|  23|          16|          16|
    |add_ln53_49_fu_4822_p2     |         +|   0|  0|  12|          12|          12|
    |add_ln53_4_fu_4965_p2      |         +|   0|  0|  23|          16|          16|
    |add_ln53_50_fu_4832_p2     |         +|   0|  0|  12|          12|          12|
    |add_ln53_51_fu_4842_p2     |         +|   0|  0|  14|          13|          13|
    |add_ln53_52_fu_5073_p2     |         +|   0|  0|  23|          16|          16|
    |add_ln53_53_fu_4860_p2     |         +|   0|  0|  12|          12|          12|
    |add_ln53_54_fu_4870_p2     |         +|   0|  0|  12|          12|          12|
    |add_ln53_55_fu_4880_p2     |         +|   0|  0|  14|          13|          13|
    |add_ln53_56_fu_5082_p2     |         +|   0|  0|  23|          16|          16|
    |add_ln53_57_fu_4898_p2     |         +|   0|  0|  12|          12|          12|
    |add_ln53_58_fu_4908_p2     |         +|   0|  0|  12|          12|          12|
    |add_ln53_59_fu_4918_p2     |         +|   0|  0|  14|          13|          13|
    |add_ln53_5_fu_4404_p2      |         +|   0|  0|  12|          12|          12|
    |add_ln53_60_fu_5091_p2     |         +|   0|  0|  23|          16|          16|
    |add_ln53_61_fu_4936_p2     |         +|   0|  0|  12|          12|          12|
    |add_ln53_62_fu_4946_p2     |         +|   0|  0|  12|          12|          12|
    |add_ln53_63_fu_4956_p2     |         +|   0|  0|  14|          13|          13|
    |add_ln53_64_fu_5100_p2     |         +|   0|  0|  23|          16|          16|
    |add_ln53_6_fu_4414_p2      |         +|   0|  0|  12|          12|          12|
    |add_ln53_7_fu_4424_p2      |         +|   0|  0|  14|          13|          13|
    |add_ln53_8_fu_4974_p2      |         +|   0|  0|  23|          16|          16|
    |add_ln53_9_fu_4442_p2      |         +|   0|  0|  12|          12|          12|
    |add_ln53_fu_4366_p2        |         +|   0|  0|  12|          12|          12|
    |in_index_fu_2234_p2        |         +|   0|  0|  11|           3|           1|
    |ap_condition_1092          |       and|   0|  0|   2|           1|           1|
    |ap_condition_609           |       and|   0|  0|   2|           1|           1|
    |icmp_ln42_fu_2240_p2       |      icmp|   0|  0|  11|           3|           2|
    |ap_block_pp0_stage0_11001  |        or|   0|  0|   2|           1|           1|
    |ap_enable_pp0              |       xor|   0|  0|   2|           1|           2|
    +---------------------------+----------+----+---+----+------------+------------+
    |Total                      |          |   0|  0|1006|         858|         856|
    +---------------------------+----------+----+---+----+------------+------------+

    * Multiplexer: 
    +-----------------------------------------------+----+-----------+-----+-----------+
    |                      Name                     | LUT| Input Size| Bits| Total Bits|
    +-----------------------------------------------+----+-----------+-----+-----------+
    |ap_done_int                                    |   9|          2|    1|          2|
    |ap_loop_exit_ready_pp0_iter5_reg               |   9|          2|    1|          2|
    |ap_phi_mux_do_init_phi_fu_1152_p6              |  14|          3|    1|          3|
    |ap_phi_mux_p_read10504_phi_phi_fu_1750_p4      |   9|          2|    8|         16|
    |ap_phi_mux_p_read11505_phi_phi_fu_1762_p4      |   9|          2|    8|         16|
    |ap_phi_mux_p_read12506_phi_phi_fu_1774_p4      |   9|          2|    8|         16|
    |ap_phi_mux_p_read13507_phi_phi_fu_1786_p4      |   9|          2|    8|         16|
    |ap_phi_mux_p_read14508_phi_phi_fu_1798_p4      |   9|          2|    8|         16|
    |ap_phi_mux_p_read1495_phi_phi_fu_1642_p4       |   9|          2|    8|         16|
    |ap_phi_mux_p_read15509_phi_phi_fu_1810_p4      |   9|          2|    8|         16|
    |ap_phi_mux_p_read16510_phi_phi_fu_1822_p4      |   9|          2|    8|         16|
    |ap_phi_mux_p_read17511_phi_phi_fu_1834_p4      |   9|          2|    8|         16|
    |ap_phi_mux_p_read18512_phi_phi_fu_1846_p4      |   9|          2|    8|         16|
    |ap_phi_mux_p_read19513_phi_phi_fu_1858_p4      |   9|          2|    8|         16|
    |ap_phi_mux_p_read20514_phi_phi_fu_1870_p4      |   9|          2|    8|         16|
    |ap_phi_mux_p_read21515_phi_phi_fu_1882_p4      |   9|          2|    8|         16|
    |ap_phi_mux_p_read22516_phi_phi_fu_1894_p4      |   9|          2|    8|         16|
    |ap_phi_mux_p_read23517_phi_phi_fu_1906_p4      |   9|          2|    8|         16|
    |ap_phi_mux_p_read24518_phi_phi_fu_1918_p4      |   9|          2|    8|         16|
    |ap_phi_mux_p_read2496_phi_phi_fu_1654_p4       |   9|          2|    8|         16|
    |ap_phi_mux_p_read25519_phi_phi_fu_1930_p4      |   9|          2|    8|         16|
    |ap_phi_mux_p_read26520_phi_phi_fu_1942_p4      |   9|          2|    8|         16|
    |ap_phi_mux_p_read27521_phi_phi_fu_1954_p4      |   9|          2|    8|         16|
    |ap_phi_mux_p_read28522_phi_phi_fu_1966_p4      |   9|          2|    8|         16|
    |ap_phi_mux_p_read29523_phi_phi_fu_1978_p4      |   9|          2|    8|         16|
    |ap_phi_mux_p_read30524_phi_phi_fu_1990_p4      |   9|          2|    8|         16|
    |ap_phi_mux_p_read31525_phi_phi_fu_2002_p4      |   9|          2|    8|         16|
    |ap_phi_mux_p_read3497_phi_phi_fu_1666_p4       |   9|          2|    8|         16|
    |ap_phi_mux_p_read4498_phi_phi_fu_1678_p4       |   9|          2|    8|         16|
    |ap_phi_mux_p_read494_phi_phi_fu_1630_p4        |   9|          2|    8|         16|
    |ap_phi_mux_p_read5499_phi_phi_fu_1690_p4       |   9|          2|    8|         16|
    |ap_phi_mux_p_read6500_phi_phi_fu_1702_p4       |   9|          2|    8|         16|
    |ap_phi_mux_p_read7501_phi_phi_fu_1714_p4       |   9|          2|    8|         16|
    |ap_phi_mux_p_read8502_phi_phi_fu_1726_p4       |   9|          2|    8|         16|
    |ap_phi_mux_p_read9503_phi_phi_fu_1738_p4       |   9|          2|    8|         16|
    |ap_phi_mux_phi_ln55_phi_fu_1167_p6             |  14|          3|    3|          9|
    |ap_phi_mux_res_0_0412_phi_fu_2014_p6           |   9|          2|   16|         32|
    |ap_phi_mux_res_10_0392_phi_fu_2154_p6          |   9|          2|   16|         32|
    |ap_phi_mux_res_11_0390_phi_fu_2168_p6          |   9|          2|   16|         32|
    |ap_phi_mux_res_12_0388_phi_fu_2182_p6          |   9|          2|   16|         32|
    |ap_phi_mux_res_13_0386_phi_fu_2196_p6          |   9|          2|   16|         32|
    |ap_phi_mux_res_14_0384_phi_fu_2210_p6          |   9|          2|   16|         32|
    |ap_phi_mux_res_15_0382_phi_fu_2224_p6          |   9|          2|   16|         32|
    |ap_phi_mux_res_1_0410_phi_fu_2028_p6           |   9|          2|   16|         32|
    |ap_phi_mux_res_2_0408_phi_fu_2042_p6           |   9|          2|   16|         32|
    |ap_phi_mux_res_3_0406_phi_fu_2056_p6           |   9|          2|   16|         32|
    |ap_phi_mux_res_4_0404_phi_fu_2070_p6           |   9|          2|   16|         32|
    |ap_phi_mux_res_5_0402_phi_fu_2084_p6           |   9|          2|   16|         32|
    |ap_phi_mux_res_6_0400_phi_fu_2098_p6           |   9|          2|   16|         32|
    |ap_phi_mux_res_7_0398_phi_fu_2112_p6           |   9|          2|   16|         32|
    |ap_phi_mux_res_8_0396_phi_fu_2126_p6           |   9|          2|   16|         32|
    |ap_phi_mux_res_9_0394_phi_fu_2140_p6           |   9|          2|   16|         32|
    |ap_phi_reg_pp0_iter1_p_read10504_phi_reg_1746  |   9|          2|    8|         16|
    |ap_phi_reg_pp0_iter1_p_read11505_phi_reg_1758  |   9|          2|    8|         16|
    |ap_phi_reg_pp0_iter1_p_read12506_phi_reg_1770  |   9|          2|    8|         16|
    |ap_phi_reg_pp0_iter1_p_read13507_phi_reg_1782  |   9|          2|    8|         16|
    |ap_phi_reg_pp0_iter1_p_read14508_phi_reg_1794  |   9|          2|    8|         16|
    |ap_phi_reg_pp0_iter1_p_read1495_phi_reg_1638   |   9|          2|    8|         16|
    |ap_phi_reg_pp0_iter1_p_read15509_phi_reg_1806  |   9|          2|    8|         16|
    |ap_phi_reg_pp0_iter1_p_read16510_phi_reg_1818  |   9|          2|    8|         16|
    |ap_phi_reg_pp0_iter1_p_read17511_phi_reg_1830  |   9|          2|    8|         16|
    |ap_phi_reg_pp0_iter1_p_read18512_phi_reg_1842  |   9|          2|    8|         16|
    |ap_phi_reg_pp0_iter1_p_read19513_phi_reg_1854  |   9|          2|    8|         16|
    |ap_phi_reg_pp0_iter1_p_read20514_phi_reg_1866  |   9|          2|    8|         16|
    |ap_phi_reg_pp0_iter1_p_read21515_phi_reg_1878  |   9|          2|    8|         16|
    |ap_phi_reg_pp0_iter1_p_read22516_phi_reg_1890  |   9|          2|    8|         16|
    |ap_phi_reg_pp0_iter1_p_read23517_phi_reg_1902  |   9|          2|    8|         16|
    |ap_phi_reg_pp0_iter1_p_read24518_phi_reg_1914  |   9|          2|    8|         16|
    |ap_phi_reg_pp0_iter1_p_read2496_phi_reg_1650   |   9|          2|    8|         16|
    |ap_phi_reg_pp0_iter1_p_read25519_phi_reg_1926  |   9|          2|    8|         16|
    |ap_phi_reg_pp0_iter1_p_read26520_phi_reg_1938  |   9|          2|    8|         16|
    |ap_phi_reg_pp0_iter1_p_read27521_phi_reg_1950  |   9|          2|    8|         16|
    |ap_phi_reg_pp0_iter1_p_read28522_phi_reg_1962  |   9|          2|    8|         16|
    |ap_phi_reg_pp0_iter1_p_read29523_phi_reg_1974  |   9|          2|    8|         16|
    |ap_phi_reg_pp0_iter1_p_read30524_phi_reg_1986  |   9|          2|    8|         16|
    |ap_phi_reg_pp0_iter1_p_read31525_phi_reg_1998  |   9|          2|    8|         16|
    |ap_phi_reg_pp0_iter1_p_read3497_phi_reg_1662   |   9|          2|    8|         16|
    |ap_phi_reg_pp0_iter1_p_read4498_phi_reg_1674   |   9|          2|    8|         16|
    |ap_phi_reg_pp0_iter1_p_read494_phi_reg_1626    |   9|          2|    8|         16|
    |ap_phi_reg_pp0_iter1_p_read5499_phi_reg_1686   |   9|          2|    8|         16|
    |ap_phi_reg_pp0_iter1_p_read6500_phi_reg_1698   |   9|          2|    8|         16|
    |ap_phi_reg_pp0_iter1_p_read7501_phi_reg_1710   |   9|          2|    8|         16|
    |ap_phi_reg_pp0_iter1_p_read8502_phi_reg_1722   |   9|          2|    8|         16|
    |ap_phi_reg_pp0_iter1_p_read9503_phi_reg_1734   |   9|          2|    8|         16|
    |ap_return_0                                    |   9|          2|   16|         32|
    |ap_return_1                                    |   9|          2|   16|         32|
    |ap_return_10                                   |   9|          2|   16|         32|
    |ap_return_11                                   |   9|          2|   16|         32|
    |ap_return_12                                   |   9|          2|   16|         32|
    |ap_return_13                                   |   9|          2|   16|         32|
    |ap_return_14                                   |   9|          2|   16|         32|
    |ap_return_15                                   |   9|          2|   16|         32|
    |ap_return_2                                    |   9|          2|   16|         32|
    |ap_return_3                                    |   9|          2|   16|         32|
    |ap_return_4                                    |   9|          2|   16|         32|
    |ap_return_5                                    |   9|          2|   16|         32|
    |ap_return_6                                    |   9|          2|   16|         32|
    |ap_return_7                                    |   9|          2|   16|         32|
    |ap_return_8                                    |   9|          2|   16|         32|
    |ap_return_9                                    |   9|          2|   16|         32|
    |p_read10504_phi_reg_1746                       |   9|          2|    8|         16|
    |p_read11505_phi_reg_1758                       |   9|          2|    8|         16|
    |p_read12506_phi_reg_1770                       |   9|          2|    8|         16|
    |p_read13507_phi_reg_1782                       |   9|          2|    8|         16|
    |p_read14508_phi_reg_1794                       |   9|          2|    8|         16|
    |p_read1495_phi_reg_1638                        |   9|          2|    8|         16|
    |p_read15509_phi_reg_1806                       |   9|          2|    8|         16|
    |p_read16510_phi_reg_1818                       |   9|          2|    8|         16|
    |p_read17511_phi_reg_1830                       |   9|          2|    8|         16|
    |p_read18512_phi_reg_1842                       |   9|          2|    8|         16|
    |p_read19513_phi_reg_1854                       |   9|          2|    8|         16|
    |p_read20514_phi_reg_1866                       |   9|          2|    8|         16|
    |p_read21515_phi_reg_1878                       |   9|          2|    8|         16|
    |p_read22516_phi_reg_1890                       |   9|          2|    8|         16|
    |p_read23517_phi_reg_1902                       |   9|          2|    8|         16|
    |p_read24518_phi_reg_1914                       |   9|          2|    8|         16|
    |p_read2496_phi_reg_1650                        |   9|          2|    8|         16|
    |p_read25519_phi_reg_1926                       |   9|          2|    8|         16|
    |p_read26520_phi_reg_1938                       |   9|          2|    8|         16|
    |p_read27521_phi_reg_1950                       |   9|          2|    8|         16|
    |p_read28522_phi_reg_1962                       |   9|          2|    8|         16|
    |p_read29523_phi_reg_1974                       |   9|          2|    8|         16|
    |p_read30524_phi_reg_1986                       |   9|          2|    8|         16|
    |p_read31525_phi_reg_1998                       |   9|          2|    8|         16|
    |p_read3497_phi_reg_1662                        |   9|          2|    8|         16|
    |p_read4498_phi_reg_1674                        |   9|          2|    8|         16|
    |p_read494_phi_reg_1626                         |   9|          2|    8|         16|
    |p_read5499_phi_reg_1686                        |   9|          2|    8|         16|
    |p_read6500_phi_reg_1698                        |   9|          2|    8|         16|
    |p_read7501_phi_reg_1710                        |   9|          2|    8|         16|
    |p_read8502_phi_reg_1722                        |   9|          2|    8|         16|
    |p_read9503_phi_reg_1734                        |   9|          2|    8|         16|
    |phi_ln55_reg_1164                              |   9|          2|    3|          6|
    |res_0_0412_reg_2010                            |   9|          2|   16|         32|
    |res_10_0392_reg_2150                           |   9|          2|   16|         32|
    |res_11_0390_reg_2164                           |   9|          2|   16|         32|
    |res_12_0388_reg_2178                           |   9|          2|   16|         32|
    |res_13_0386_reg_2192                           |   9|          2|   16|         32|
    |res_14_0384_reg_2206                           |   9|          2|   16|         32|
    |res_15_0382_reg_2220                           |   9|          2|   16|         32|
    |res_1_0410_reg_2024                            |   9|          2|   16|         32|
    |res_2_0408_reg_2038                            |   9|          2|   16|         32|
    |res_3_0406_reg_2052                            |   9|          2|   16|         32|
    |res_4_0404_reg_2066                            |   9|          2|   16|         32|
    |res_5_0402_reg_2080                            |   9|          2|   16|         32|
    |res_6_0400_reg_2094                            |   9|          2|   16|         32|
    |res_7_0398_reg_2108                            |   9|          2|   16|         32|
    |res_8_0396_reg_2122                            |   9|          2|   16|         32|
    |res_9_0394_reg_2136                            |   9|          2|   16|         32|
    +-----------------------------------------------+----+-----------+-----+-----------+
    |Total                                          |1351|        300| 1545|       3094|
    +-----------------------------------------------+----+-----------+-----+-----------+

    * Register: 
    +-----------------------------------------------+----+----+-----+-----------+
    |                      Name                     | FF | LUT| Bits| Const Bits|
    +-----------------------------------------------+----+----+-----+-----------+
    |a_2_reg_5385                                   |   8|   0|    8|          0|
    |a_2_reg_5385_pp0_iter2_reg                     |   8|   0|    8|          0|
    |a_3_reg_5395                                   |   8|   0|    8|          0|
    |a_3_reg_5395_pp0_iter2_reg                     |   8|   0|    8|          0|
    |a_4_reg_5405                                   |   8|   0|    8|          0|
    |a_4_reg_5405_pp0_iter2_reg                     |   8|   0|    8|          0|
    |a_reg_5375                                     |   8|   0|    8|          0|
    |a_reg_5375_pp0_iter2_reg                       |   8|   0|    8|          0|
    |add_ln53_11_reg_6365                           |  13|   0|   13|          0|
    |add_ln53_15_reg_6370                           |  13|   0|   13|          0|
    |add_ln53_19_reg_6375                           |  13|   0|   13|          0|
    |add_ln53_23_reg_6380                           |  13|   0|   13|          0|
    |add_ln53_27_reg_6385                           |  13|   0|   13|          0|
    |add_ln53_31_reg_6390                           |  13|   0|   13|          0|
    |add_ln53_35_reg_6395                           |  13|   0|   13|          0|
    |add_ln53_39_reg_6400                           |  13|   0|   13|          0|
    |add_ln53_3_reg_6355                            |  13|   0|   13|          0|
    |add_ln53_43_reg_6405                           |  13|   0|   13|          0|
    |add_ln53_47_reg_6410                           |  13|   0|   13|          0|
    |add_ln53_51_reg_6415                           |  13|   0|   13|          0|
    |add_ln53_55_reg_6420                           |  13|   0|   13|          0|
    |add_ln53_59_reg_6425                           |  13|   0|   13|          0|
    |add_ln53_63_reg_6430                           |  13|   0|   13|          0|
    |add_ln53_7_reg_6360                            |  13|   0|   13|          0|
    |ap_CS_fsm                                      |   1|   0|    1|          0|
    |ap_done_reg                                    |   1|   0|    1|          0|
    |ap_enable_reg_pp0_iter1                        |   1|   0|    1|          0|
    |ap_enable_reg_pp0_iter2                        |   1|   0|    1|          0|
    |ap_enable_reg_pp0_iter3                        |   1|   0|    1|          0|
    |ap_enable_reg_pp0_iter4                        |   1|   0|    1|          0|
    |ap_enable_reg_pp0_iter5                        |   1|   0|    1|          0|
    |ap_loop_exit_ready_pp0_iter1_reg               |   1|   0|    1|          0|
    |ap_loop_exit_ready_pp0_iter2_reg               |   1|   0|    1|          0|
    |ap_loop_exit_ready_pp0_iter3_reg               |   1|   0|    1|          0|
    |ap_loop_exit_ready_pp0_iter4_reg               |   1|   0|    1|          0|
    |ap_loop_exit_ready_pp0_iter5_reg               |   1|   0|    1|          0|
    |ap_loop_init_pp0_iter1_reg                     |   1|   0|    1|          0|
    |ap_loop_init_pp0_iter2_reg                     |   1|   0|    1|          0|
    |ap_loop_init_pp0_iter3_reg                     |   1|   0|    1|          0|
    |ap_loop_init_pp0_iter4_reg                     |   1|   0|    1|          0|
    |ap_loop_init_pp0_iter5_reg                     |   1|   0|    1|          0|
    |ap_phi_reg_pp0_iter1_p_read10504_phi_reg_1746  |   8|   0|    8|          0|
    |ap_phi_reg_pp0_iter1_p_read11505_phi_reg_1758  |   8|   0|    8|          0|
    |ap_phi_reg_pp0_iter1_p_read12506_phi_reg_1770  |   8|   0|    8|          0|
    |ap_phi_reg_pp0_iter1_p_read13507_phi_reg_1782  |   8|   0|    8|          0|
    |ap_phi_reg_pp0_iter1_p_read14508_phi_reg_1794  |   8|   0|    8|          0|
    |ap_phi_reg_pp0_iter1_p_read1495_phi_reg_1638   |   8|   0|    8|          0|
    |ap_phi_reg_pp0_iter1_p_read15509_phi_reg_1806  |   8|   0|    8|          0|
    |ap_phi_reg_pp0_iter1_p_read16510_phi_reg_1818  |   8|   0|    8|          0|
    |ap_phi_reg_pp0_iter1_p_read17511_phi_reg_1830  |   8|   0|    8|          0|
    |ap_phi_reg_pp0_iter1_p_read18512_phi_reg_1842  |   8|   0|    8|          0|
    |ap_phi_reg_pp0_iter1_p_read19513_phi_reg_1854  |   8|   0|    8|          0|
    |ap_phi_reg_pp0_iter1_p_read20514_phi_reg_1866  |   8|   0|    8|          0|
    |ap_phi_reg_pp0_iter1_p_read21515_phi_reg_1878  |   8|   0|    8|          0|
    |ap_phi_reg_pp0_iter1_p_read22516_phi_reg_1890  |   8|   0|    8|          0|
    |ap_phi_reg_pp0_iter1_p_read23517_phi_reg_1902  |   8|   0|    8|          0|
    |ap_phi_reg_pp0_iter1_p_read24518_phi_reg_1914  |   8|   0|    8|          0|
    |ap_phi_reg_pp0_iter1_p_read2496_phi_reg_1650   |   8|   0|    8|          0|
    |ap_phi_reg_pp0_iter1_p_read25519_phi_reg_1926  |   8|   0|    8|          0|
    |ap_phi_reg_pp0_iter1_p_read26520_phi_reg_1938  |   8|   0|    8|          0|
    |ap_phi_reg_pp0_iter1_p_read27521_phi_reg_1950  |   8|   0|    8|          0|
    |ap_phi_reg_pp0_iter1_p_read28522_phi_reg_1962  |   8|   0|    8|          0|
    |ap_phi_reg_pp0_iter1_p_read29523_phi_reg_1974  |   8|   0|    8|          0|
    |ap_phi_reg_pp0_iter1_p_read30524_phi_reg_1986  |   8|   0|    8|          0|
    |ap_phi_reg_pp0_iter1_p_read31525_phi_reg_1998  |   8|   0|    8|          0|
    |ap_phi_reg_pp0_iter1_p_read3497_phi_reg_1662   |   8|   0|    8|          0|
    |ap_phi_reg_pp0_iter1_p_read4498_phi_reg_1674   |   8|   0|    8|          0|
    |ap_phi_reg_pp0_iter1_p_read494_phi_reg_1626    |   8|   0|    8|          0|
    |ap_phi_reg_pp0_iter1_p_read5499_phi_reg_1686   |   8|   0|    8|          0|
    |ap_phi_reg_pp0_iter1_p_read6500_phi_reg_1698   |   8|   0|    8|          0|
    |ap_phi_reg_pp0_iter1_p_read7501_phi_reg_1710   |   8|   0|    8|          0|
    |ap_phi_reg_pp0_iter1_p_read8502_phi_reg_1722   |   8|   0|    8|          0|
    |ap_phi_reg_pp0_iter1_p_read9503_phi_reg_1734   |   8|   0|    8|          0|
    |ap_return_0_preg                               |  16|   0|   16|          0|
    |ap_return_10_preg                              |  16|   0|   16|          0|
    |ap_return_11_preg                              |  16|   0|   16|          0|
    |ap_return_12_preg                              |  16|   0|   16|          0|
    |ap_return_13_preg                              |  16|   0|   16|          0|
    |ap_return_14_preg                              |  16|   0|   16|          0|
    |ap_return_15_preg                              |  16|   0|   16|          0|
    |ap_return_1_preg                               |  16|   0|   16|          0|
    |ap_return_2_preg                               |  16|   0|   16|          0|
    |ap_return_3_preg                               |  16|   0|   16|          0|
    |ap_return_4_preg                               |  16|   0|   16|          0|
    |ap_return_5_preg                               |  16|   0|   16|          0|
    |ap_return_6_preg                               |  16|   0|   16|          0|
    |ap_return_7_preg                               |  16|   0|   16|          0|
    |ap_return_8_preg                               |  16|   0|   16|          0|
    |ap_return_9_preg                               |  16|   0|   16|          0|
    |do_init_reg_1149                               |   1|   0|    1|          0|
    |icmp_ln42_reg_5371                             |   1|   0|    1|          0|
    |in_index_reg_5366                              |   3|   0|    3|          0|
    |p_read10504_phi_reg_1746                       |   8|   0|    8|          0|
    |p_read11505_phi_reg_1758                       |   8|   0|    8|          0|
    |p_read12506_phi_reg_1770                       |   8|   0|    8|          0|
    |p_read13507_phi_reg_1782                       |   8|   0|    8|          0|
    |p_read14508_phi_reg_1794                       |   8|   0|    8|          0|
    |p_read1495_phi_reg_1638                        |   8|   0|    8|          0|
    |p_read15509_phi_reg_1806                       |   8|   0|    8|          0|
    |p_read16510_phi_reg_1818                       |   8|   0|    8|          0|
    |p_read17511_phi_reg_1830                       |   8|   0|    8|          0|
    |p_read18512_phi_reg_1842                       |   8|   0|    8|          0|
    |p_read19513_phi_reg_1854                       |   8|   0|    8|          0|
    |p_read20514_phi_reg_1866                       |   8|   0|    8|          0|
    |p_read21515_phi_reg_1878                       |   8|   0|    8|          0|
    |p_read22516_phi_reg_1890                       |   8|   0|    8|          0|
    |p_read23517_phi_reg_1902                       |   8|   0|    8|          0|
    |p_read24518_phi_reg_1914                       |   8|   0|    8|          0|
    |p_read2496_phi_reg_1650                        |   8|   0|    8|          0|
    |p_read25519_phi_reg_1926                       |   8|   0|    8|          0|
    |p_read26520_phi_reg_1938                       |   8|   0|    8|          0|
    |p_read27521_phi_reg_1950                       |   8|   0|    8|          0|
    |p_read28522_phi_reg_1962                       |   8|   0|    8|          0|
    |p_read29523_phi_reg_1974                       |   8|   0|    8|          0|
    |p_read30524_phi_reg_1986                       |   8|   0|    8|          0|
    |p_read31525_phi_reg_1998                       |   8|   0|    8|          0|
    |p_read3497_phi_reg_1662                        |   8|   0|    8|          0|
    |p_read4498_phi_reg_1674                        |   8|   0|    8|          0|
    |p_read494_phi_reg_1626                         |   8|   0|    8|          0|
    |p_read5499_phi_reg_1686                        |   8|   0|    8|          0|
    |p_read6500_phi_reg_1698                        |   8|   0|    8|          0|
    |p_read7501_phi_reg_1710                        |   8|   0|    8|          0|
    |p_read8502_phi_reg_1722                        |   8|   0|    8|          0|
    |p_read9503_phi_reg_1734                        |   8|   0|    8|          0|
    |phi_ln55_reg_1164                              |   3|   0|    3|          0|
    |res_0_0412_reg_2010                            |  16|   0|   16|          0|
    |res_10_0392_reg_2150                           |  16|   0|   16|          0|
    |res_11_0390_reg_2164                           |  16|   0|   16|          0|
    |res_12_0388_reg_2178                           |  16|   0|   16|          0|
    |res_13_0386_reg_2192                           |  16|   0|   16|          0|
    |res_14_0384_reg_2206                           |  16|   0|   16|          0|
    |res_15_0382_reg_2220                           |  16|   0|   16|          0|
    |res_1_0410_reg_2024                            |  16|   0|   16|          0|
    |res_2_0408_reg_2038                            |  16|   0|   16|          0|
    |res_3_0406_reg_2052                            |  16|   0|   16|          0|
    |res_4_0404_reg_2066                            |  16|   0|   16|          0|
    |res_5_0402_reg_2080                            |  16|   0|   16|          0|
    |res_6_0400_reg_2094                            |  16|   0|   16|          0|
    |res_7_0398_reg_2108                            |  16|   0|   16|          0|
    |res_8_0396_reg_2122                            |  16|   0|   16|          0|
    |res_9_0394_reg_2136                            |  16|   0|   16|          0|
    |trunc_ln2_reg_6035                             |  11|   0|   11|          0|
    |trunc_ln53_10_reg_6090                         |  11|   0|   11|          0|
    |trunc_ln53_11_reg_6095                         |  11|   0|   11|          0|
    |trunc_ln53_12_reg_6100                         |  11|   0|   11|          0|
    |trunc_ln53_13_reg_6105                         |  11|   0|   11|          0|
    |trunc_ln53_14_reg_6110                         |  11|   0|   11|          0|
    |trunc_ln53_15_reg_6115                         |  11|   0|   11|          0|
    |trunc_ln53_16_reg_6120                         |  11|   0|   11|          0|
    |trunc_ln53_17_reg_6125                         |  11|   0|   11|          0|
    |trunc_ln53_18_reg_6130                         |  11|   0|   11|          0|
    |trunc_ln53_19_reg_6135                         |  11|   0|   11|          0|
    |trunc_ln53_1_reg_6085                          |  11|   0|   11|          0|
    |trunc_ln53_20_reg_6140                         |  11|   0|   11|          0|
    |trunc_ln53_21_reg_6145                         |  11|   0|   11|          0|
    |trunc_ln53_22_reg_6150                         |  11|   0|   11|          0|
    |trunc_ln53_23_reg_6155                         |  11|   0|   11|          0|
    |trunc_ln53_24_reg_6160                         |  11|   0|   11|          0|
    |trunc_ln53_25_reg_6165                         |  11|   0|   11|          0|
    |trunc_ln53_26_reg_6170                         |  11|   0|   11|          0|
    |trunc_ln53_27_reg_6175                         |  11|   0|   11|          0|
    |trunc_ln53_28_reg_6180                         |  11|   0|   11|          0|
    |trunc_ln53_29_reg_6185                         |  11|   0|   11|          0|
    |trunc_ln53_2_reg_6040                          |  11|   0|   11|          0|
    |trunc_ln53_30_reg_6190                         |  11|   0|   11|          0|
    |trunc_ln53_31_reg_6195                         |  11|   0|   11|          0|
    |trunc_ln53_32_reg_6200                         |  11|   0|   11|          0|
    |trunc_ln53_33_reg_6205                         |  11|   0|   11|          0|
    |trunc_ln53_34_reg_6210                         |  11|   0|   11|          0|
    |trunc_ln53_35_reg_6215                         |  11|   0|   11|          0|
    |trunc_ln53_36_reg_6220                         |  11|   0|   11|          0|
    |trunc_ln53_37_reg_6225                         |  11|   0|   11|          0|
    |trunc_ln53_38_reg_6230                         |  11|   0|   11|          0|
    |trunc_ln53_39_reg_6235                         |  11|   0|   11|          0|
    |trunc_ln53_3_reg_6045                          |  11|   0|   11|          0|
    |trunc_ln53_40_reg_6240                         |  11|   0|   11|          0|
    |trunc_ln53_41_reg_6245                         |  11|   0|   11|          0|
    |trunc_ln53_42_reg_6250                         |  11|   0|   11|          0|
    |trunc_ln53_43_reg_6255                         |  11|   0|   11|          0|
    |trunc_ln53_44_reg_6260                         |  11|   0|   11|          0|
    |trunc_ln53_45_reg_6265                         |  11|   0|   11|          0|
    |trunc_ln53_46_reg_6270                         |  11|   0|   11|          0|
    |trunc_ln53_47_reg_6275                         |  11|   0|   11|          0|
    |trunc_ln53_48_reg_6280                         |  11|   0|   11|          0|
    |trunc_ln53_49_reg_6285                         |  11|   0|   11|          0|
    |trunc_ln53_4_reg_6050                          |  11|   0|   11|          0|
    |trunc_ln53_50_reg_6290                         |  11|   0|   11|          0|
    |trunc_ln53_51_reg_6295                         |  11|   0|   11|          0|
    |trunc_ln53_52_reg_6300                         |  11|   0|   11|          0|
    |trunc_ln53_53_reg_6305                         |  11|   0|   11|          0|
    |trunc_ln53_54_reg_6310                         |  11|   0|   11|          0|
    |trunc_ln53_55_reg_6315                         |  11|   0|   11|          0|
    |trunc_ln53_56_reg_6320                         |  11|   0|   11|          0|
    |trunc_ln53_57_reg_6325                         |  11|   0|   11|          0|
    |trunc_ln53_58_reg_6330                         |  11|   0|   11|          0|
    |trunc_ln53_59_reg_6335                         |  11|   0|   11|          0|
    |trunc_ln53_5_reg_6055                          |  11|   0|   11|          0|
    |trunc_ln53_60_reg_6340                         |  11|   0|   11|          0|
    |trunc_ln53_61_reg_6345                         |  11|   0|   11|          0|
    |trunc_ln53_62_reg_6350                         |  11|   0|   11|          0|
    |trunc_ln53_6_reg_6060                          |  11|   0|   11|          0|
    |trunc_ln53_7_reg_6065                          |  11|   0|   11|          0|
    |trunc_ln53_8_reg_6070                          |  11|   0|   11|          0|
    |trunc_ln53_9_reg_6075                          |  11|   0|   11|          0|
    |trunc_ln53_s_reg_6080                          |  11|   0|   11|          0|
    |w_10_reg_5760                                  |   6|   0|    6|          0|
    |w_11_reg_5765                                  |   6|   0|    6|          0|
    |w_12_reg_5770                                  |   6|   0|    6|          0|
    |w_13_reg_5775                                  |   6|   0|    6|          0|
    |w_14_reg_5780                                  |   6|   0|    6|          0|
    |w_15_reg_5785                                  |   6|   0|    6|          0|
    |w_16_reg_5790                                  |   6|   0|    6|          0|
    |w_17_reg_5795                                  |   6|   0|    6|          0|
    |w_18_reg_5800                                  |   6|   0|    6|          0|
    |w_19_reg_5805                                  |   6|   0|    6|          0|
    |w_20_reg_5810                                  |   6|   0|    6|          0|
    |w_21_reg_5815                                  |   6|   0|    6|          0|
    |w_22_reg_5820                                  |   6|   0|    6|          0|
    |w_23_reg_5825                                  |   6|   0|    6|          0|
    |w_24_reg_5830                                  |   6|   0|    6|          0|
    |w_25_reg_5835                                  |   6|   0|    6|          0|
    |w_26_reg_5840                                  |   6|   0|    6|          0|
    |w_27_reg_5845                                  |   6|   0|    6|          0|
    |w_28_reg_5850                                  |   6|   0|    6|          0|
    |w_29_reg_5855                                  |   6|   0|    6|          0|
    |w_2_reg_5720                                   |   6|   0|    6|          0|
    |w_30_reg_5860                                  |   6|   0|    6|          0|
    |w_31_reg_5865                                  |   6|   0|    6|          0|
    |w_32_reg_5870                                  |   6|   0|    6|          0|
    |w_33_reg_5875                                  |   6|   0|    6|          0|
    |w_34_reg_5880                                  |   6|   0|    6|          0|
    |w_35_reg_5885                                  |   6|   0|    6|          0|
    |w_36_reg_5890                                  |   6|   0|    6|          0|
    |w_37_reg_5895                                  |   6|   0|    6|          0|
    |w_38_reg_5900                                  |   6|   0|    6|          0|
    |w_39_reg_5905                                  |   6|   0|    6|          0|
    |w_3_reg_5725                                   |   6|   0|    6|          0|
    |w_40_reg_5910                                  |   6|   0|    6|          0|
    |w_41_reg_5915                                  |   6|   0|    6|          0|
    |w_42_reg_5920                                  |   6|   0|    6|          0|
    |w_43_reg_5925                                  |   6|   0|    6|          0|
    |w_44_reg_5930                                  |   6|   0|    6|          0|
    |w_45_reg_5935                                  |   6|   0|    6|          0|
    |w_46_reg_5940                                  |   6|   0|    6|          0|
    |w_47_reg_5945                                  |   6|   0|    6|          0|
    |w_48_reg_5950                                  |   6|   0|    6|          0|
    |w_49_reg_5955                                  |   6|   0|    6|          0|
    |w_4_reg_5730                                   |   6|   0|    6|          0|
    |w_50_reg_5960                                  |   6|   0|    6|          0|
    |w_51_reg_5965                                  |   6|   0|    6|          0|
    |w_52_reg_5970                                  |   6|   0|    6|          0|
    |w_53_reg_5975                                  |   6|   0|    6|          0|
    |w_54_reg_5980                                  |   6|   0|    6|          0|
    |w_55_reg_5985                                  |   6|   0|    6|          0|
    |w_56_reg_5990                                  |   6|   0|    6|          0|
    |w_57_reg_5995                                  |   6|   0|    6|          0|
    |w_58_reg_6000                                  |   6|   0|    6|          0|
    |w_59_reg_6005                                  |   6|   0|    6|          0|
    |w_5_reg_5735                                   |   6|   0|    6|          0|
    |w_60_reg_6010                                  |   6|   0|    6|          0|
    |w_61_reg_6015                                  |   6|   0|    6|          0|
    |w_62_reg_6020                                  |   6|   0|    6|          0|
    |w_63_reg_6025                                  |   6|   0|    6|          0|
    |w_64_reg_6030                                  |   6|   0|    6|          0|
    |w_6_reg_5740                                   |   6|   0|    6|          0|
    |w_7_reg_5745                                   |   6|   0|    6|          0|
    |w_8_reg_5750                                   |   6|   0|    6|          0|
    |w_9_reg_5755                                   |   6|   0|    6|          0|
    |w_reg_5715                                     |   6|   0|    6|          0|
    |icmp_ln42_reg_5371                             |  64|  32|    1|          0|
    +-----------------------------------------------+----+----+-----+-----------+
    |Total                                          |2473|  32| 2410|          0|
    +-----------------------------------------------+----+----+-----+-----------+



================================================================
== Interface
================================================================
* Summary: 
+--------------+-----+-----+------------+------------------------------------------------------------------------------+--------------+
|   RTL Ports  | Dir | Bits|  Protocol  |                                 Source Object                                |    C Type    |
+--------------+-----+-----+------------+------------------------------------------------------------------------------+--------------+
|ap_clk        |   in|    1|  ap_ctrl_hs|  dense_resource<ap_ufixed<8, 0, 4, 0, 0>, ap_fixed<16, 6, 5, 3, 0>, config20>|  return value|
|ap_rst        |   in|    1|  ap_ctrl_hs|  dense_resource<ap_ufixed<8, 0, 4, 0, 0>, ap_fixed<16, 6, 5, 3, 0>, config20>|  return value|
|ap_start      |   in|    1|  ap_ctrl_hs|  dense_resource<ap_ufixed<8, 0, 4, 0, 0>, ap_fixed<16, 6, 5, 3, 0>, config20>|  return value|
|ap_done       |  out|    1|  ap_ctrl_hs|  dense_resource<ap_ufixed<8, 0, 4, 0, 0>, ap_fixed<16, 6, 5, 3, 0>, config20>|  return value|
|ap_continue   |   in|    1|  ap_ctrl_hs|  dense_resource<ap_ufixed<8, 0, 4, 0, 0>, ap_fixed<16, 6, 5, 3, 0>, config20>|  return value|
|ap_idle       |  out|    1|  ap_ctrl_hs|  dense_resource<ap_ufixed<8, 0, 4, 0, 0>, ap_fixed<16, 6, 5, 3, 0>, config20>|  return value|
|ap_ready      |  out|    1|  ap_ctrl_hs|  dense_resource<ap_ufixed<8, 0, 4, 0, 0>, ap_fixed<16, 6, 5, 3, 0>, config20>|  return value|
|ap_return_0   |  out|   16|  ap_ctrl_hs|  dense_resource<ap_ufixed<8, 0, 4, 0, 0>, ap_fixed<16, 6, 5, 3, 0>, config20>|  return value|
|ap_return_1   |  out|   16|  ap_ctrl_hs|  dense_resource<ap_ufixed<8, 0, 4, 0, 0>, ap_fixed<16, 6, 5, 3, 0>, config20>|  return value|
|ap_return_2   |  out|   16|  ap_ctrl_hs|  dense_resource<ap_ufixed<8, 0, 4, 0, 0>, ap_fixed<16, 6, 5, 3, 0>, config20>|  return value|
|ap_return_3   |  out|   16|  ap_ctrl_hs|  dense_resource<ap_ufixed<8, 0, 4, 0, 0>, ap_fixed<16, 6, 5, 3, 0>, config20>|  return value|
|ap_return_4   |  out|   16|  ap_ctrl_hs|  dense_resource<ap_ufixed<8, 0, 4, 0, 0>, ap_fixed<16, 6, 5, 3, 0>, config20>|  return value|
|ap_return_5   |  out|   16|  ap_ctrl_hs|  dense_resource<ap_ufixed<8, 0, 4, 0, 0>, ap_fixed<16, 6, 5, 3, 0>, config20>|  return value|
|ap_return_6   |  out|   16|  ap_ctrl_hs|  dense_resource<ap_ufixed<8, 0, 4, 0, 0>, ap_fixed<16, 6, 5, 3, 0>, config20>|  return value|
|ap_return_7   |  out|   16|  ap_ctrl_hs|  dense_resource<ap_ufixed<8, 0, 4, 0, 0>, ap_fixed<16, 6, 5, 3, 0>, config20>|  return value|
|ap_return_8   |  out|   16|  ap_ctrl_hs|  dense_resource<ap_ufixed<8, 0, 4, 0, 0>, ap_fixed<16, 6, 5, 3, 0>, config20>|  return value|
|ap_return_9   |  out|   16|  ap_ctrl_hs|  dense_resource<ap_ufixed<8, 0, 4, 0, 0>, ap_fixed<16, 6, 5, 3, 0>, config20>|  return value|
|ap_return_10  |  out|   16|  ap_ctrl_hs|  dense_resource<ap_ufixed<8, 0, 4, 0, 0>, ap_fixed<16, 6, 5, 3, 0>, config20>|  return value|
|ap_return_11  |  out|   16|  ap_ctrl_hs|  dense_resource<ap_ufixed<8, 0, 4, 0, 0>, ap_fixed<16, 6, 5, 3, 0>, config20>|  return value|
|ap_return_12  |  out|   16|  ap_ctrl_hs|  dense_resource<ap_ufixed<8, 0, 4, 0, 0>, ap_fixed<16, 6, 5, 3, 0>, config20>|  return value|
|ap_return_13  |  out|   16|  ap_ctrl_hs|  dense_resource<ap_ufixed<8, 0, 4, 0, 0>, ap_fixed<16, 6, 5, 3, 0>, config20>|  return value|
|ap_return_14  |  out|   16|  ap_ctrl_hs|  dense_resource<ap_ufixed<8, 0, 4, 0, 0>, ap_fixed<16, 6, 5, 3, 0>, config20>|  return value|
|ap_return_15  |  out|   16|  ap_ctrl_hs|  dense_resource<ap_ufixed<8, 0, 4, 0, 0>, ap_fixed<16, 6, 5, 3, 0>, config20>|  return value|
|p_read        |   in|    8|     ap_none|                                                                        p_read|        scalar|
|p_read1       |   in|    8|     ap_none|                                                                       p_read1|        scalar|
|p_read2       |   in|    8|     ap_none|                                                                       p_read2|        scalar|
|p_read3       |   in|    8|     ap_none|                                                                       p_read3|        scalar|
|p_read4       |   in|    8|     ap_none|                                                                       p_read4|        scalar|
|p_read5       |   in|    8|     ap_none|                                                                       p_read5|        scalar|
|p_read6       |   in|    8|     ap_none|                                                                       p_read6|        scalar|
|p_read7       |   in|    8|     ap_none|                                                                       p_read7|        scalar|
|p_read8       |   in|    8|     ap_none|                                                                       p_read8|        scalar|
|p_read9       |   in|    8|     ap_none|                                                                       p_read9|        scalar|
|p_read10      |   in|    8|     ap_none|                                                                      p_read10|        scalar|
|p_read11      |   in|    8|     ap_none|                                                                      p_read11|        scalar|
|p_read12      |   in|    8|     ap_none|                                                                      p_read12|        scalar|
|p_read13      |   in|    8|     ap_none|                                                                      p_read13|        scalar|
|p_read14      |   in|    8|     ap_none|                                                                      p_read14|        scalar|
|p_read15      |   in|    8|     ap_none|                                                                      p_read15|        scalar|
|p_read16      |   in|    8|     ap_none|                                                                      p_read16|        scalar|
|p_read17      |   in|    8|     ap_none|                                                                      p_read17|        scalar|
|p_read18      |   in|    8|     ap_none|                                                                      p_read18|        scalar|
|p_read19      |   in|    8|     ap_none|                                                                      p_read19|        scalar|
|p_read20      |   in|    8|     ap_none|                                                                      p_read20|        scalar|
|p_read21      |   in|    8|     ap_none|                                                                      p_read21|        scalar|
|p_read22      |   in|    8|     ap_none|                                                                      p_read22|        scalar|
|p_read23      |   in|    8|     ap_none|                                                                      p_read23|        scalar|
|p_read24      |   in|    8|     ap_none|                                                                      p_read24|        scalar|
|p_read25      |   in|    8|     ap_none|                                                                      p_read25|        scalar|
|p_read26      |   in|    8|     ap_none|                                                                      p_read26|        scalar|
|p_read27      |   in|    8|     ap_none|                                                                      p_read27|        scalar|
|p_read28      |   in|    8|     ap_none|                                                                      p_read28|        scalar|
|p_read29      |   in|    8|     ap_none|                                                                      p_read29|        scalar|
|p_read30      |   in|    8|     ap_none|                                                                      p_read30|        scalar|
|p_read31      |   in|    8|     ap_none|                                                                      p_read31|        scalar|
+--------------+-----+-----+------------+------------------------------------------------------------------------------+--------------+

