

================================================================
== Vitis HLS Report for 'pool_op_ap_ufixed_8_0_4_0_0_4_0_s'
================================================================
* Date:           Mon Apr 13 14:53:56 2026

* Version:        2024.1 (Build 5069499 on May 21 2024)
* Project:        myproject_prj
* Solution:       solution1 (Vivado IP Flow Target)
* Product family: zynq
* Target device:  xc7z020-clg400-1


================================================================
== Performance Estimates
================================================================
+ Timing: 
    * Summary: 
    +--------+---------+----------+------------+
    |  Clock |  Target | Estimated| Uncertainty|
    +--------+---------+----------+------------+
    |ap_clk  |  5.00 ns|  3.163 ns|     0.62 ns|
    +--------+---------+----------+------------+

+ Latency: 
    * Summary: 
    +---------+---------+-----------+-----------+-----+-----+---------+
    |  Latency (cycles) |   Latency (absolute)  |  Interval | Pipeline|
    |   min   |   max   |    min    |    max    | min | max |   Type  |
    +---------+---------+-----------+-----------+-----+-----+---------+
    |        2|        2|  10.000 ns|  10.000 ns|    1|    1|      yes|
    +---------+---------+-----------+-----------+-----+-----+---------+

    + Detail: 
        * Instance: 
        N/A

        * Loop: 
        N/A



================================================================
== Utilization Estimates
================================================================
* Summary: 
+-----------------+---------+-----+--------+-------+-----+
|       Name      | BRAM_18K| DSP |   FF   |  LUT  | URAM|
+-----------------+---------+-----+--------+-------+-----+
|DSP              |        -|    -|       -|      -|    -|
|Expression       |        -|    -|       0|     71|    -|
|FIFO             |        -|    -|       -|      -|    -|
|Instance         |        -|    -|       -|      -|    -|
|Memory           |        -|    -|       -|      -|    -|
|Multiplexer      |        -|    -|       -|      -|    -|
|Register         |        -|    -|      43|      -|    -|
+-----------------+---------+-----+--------+-------+-----+
|Total            |        0|    0|      43|     71|    0|
+-----------------+---------+-----+--------+-------+-----+
|Available        |      280|  220|  106400|  53200|    0|
+-----------------+---------+-----+--------+-------+-----+
|Utilization (%)  |        0|    0|      ~0|     ~0|    0|
+-----------------+---------+-----+--------+-------+-----+

+ Detail: 
    * Instance: 
    N/A

    * DSP: 
    N/A

    * Memory: 
    N/A

    * FIFO: 
    N/A

    * Expression: 
    +------------------------+----------+----+---+----+------------+------------+
    |      Variable Name     | Operation| DSP| FF| LUT| Bitwidth P0| Bitwidth P1|
    +------------------------+----------+----+---+----+------------+------------+
    |icmp_ln14_1_fu_48_p2    |      icmp|   0|  0|  15|           8|           8|
    |icmp_ln14_2_fu_58_p2    |      icmp|   0|  0|  15|           8|           8|
    |icmp_ln14_fu_34_p2      |      icmp|   0|  0|  15|           8|           8|
    |ap_return               |    select|   0|  0|   8|           1|           8|
    |select_ln14_1_fu_52_p3  |    select|   0|  0|   8|           1|           8|
    |select_ln14_fu_40_p3    |    select|   0|  0|   8|           1|           8|
    |ap_enable_pp0           |       xor|   0|  0|   2|           1|           2|
    +------------------------+----------+----+---+----+------------+------------+
    |Total                   |          |   0|  0|  71|          28|          50|
    +------------------------+----------+----+---+----+------------+------------+

    * Multiplexer: 
    N/A

    * Register: 
    +-------------------------------+---+----+-----+-----------+
    |              Name             | FF| LUT| Bits| Const Bits|
    +-------------------------------+---+----+-----+-----------+
    |ap_CS_fsm                      |  1|   0|    1|          0|
    |ap_enable_reg_pp0_iter1        |  1|   0|    1|          0|
    |ap_enable_reg_pp0_iter2        |  1|   0|    1|          0|
    |p_read26_reg_74                |  8|   0|    8|          0|
    |p_read37_reg_68                |  8|   0|    8|          0|
    |p_read37_reg_68_pp0_iter1_reg  |  8|   0|    8|          0|
    |select_ln14_1_reg_86           |  8|   0|    8|          0|
    |select_ln14_reg_80             |  8|   0|    8|          0|
    +-------------------------------+---+----+-----+-----------+
    |Total                          | 43|   0|   43|          0|
    +-------------------------------+---+----+-----+-----------+



================================================================
== Interface
================================================================
* Summary: 
+-----------+-----+-----+------------+-----------------------------------+--------------+
| RTL Ports | Dir | Bits|  Protocol  |           Source Object           |    C Type    |
+-----------+-----+-----+------------+-----------------------------------+--------------+
|ap_clk     |   in|    1|  ap_ctrl_hs|  pool_op_ap_ufixed_8_0_4_0_0_4_0_s|  return value|
|ap_rst     |   in|    1|  ap_ctrl_hs|  pool_op_ap_ufixed_8_0_4_0_0_4_0_s|  return value|
|ap_start   |   in|    1|  ap_ctrl_hs|  pool_op_ap_ufixed_8_0_4_0_0_4_0_s|  return value|
|ap_done    |  out|    1|  ap_ctrl_hs|  pool_op_ap_ufixed_8_0_4_0_0_4_0_s|  return value|
|ap_idle    |  out|    1|  ap_ctrl_hs|  pool_op_ap_ufixed_8_0_4_0_0_4_0_s|  return value|
|ap_ready   |  out|    1|  ap_ctrl_hs|  pool_op_ap_ufixed_8_0_4_0_0_4_0_s|  return value|
|ap_ce      |   in|    1|  ap_ctrl_hs|  pool_op_ap_ufixed_8_0_4_0_0_4_0_s|  return value|
|ap_return  |  out|    8|  ap_ctrl_hs|  pool_op_ap_ufixed_8_0_4_0_0_4_0_s|  return value|
|p_read     |   in|    8|     ap_none|                             p_read|        scalar|
|p_read1    |   in|    8|     ap_none|                            p_read1|        scalar|
|p_read2    |   in|    8|     ap_none|                            p_read2|        scalar|
|p_read3    |   in|    8|     ap_none|                            p_read3|        scalar|
+-----------+-----+-----+------------+-----------------------------------+--------------+

